01-01 10:28:11.127 D/AlarmManager( 1198): setImpl() action = com.dianxinos.optimizer.action.ALARM_EVENT_RT_UPDATE, component = ComponentInfo{com.thundersoft.generalsecure/com.dianxinos.optimizer.engine.EngineIntentService}, type = 1, operation = PendingIntent{57789dc: PendingIntentRecord{c0eeae5 com.thundersoft.generalsecure startService}} tElapsed=43226402, maxElapsed=75626381, interval=0, when = 1325428091098, triggerTime = 2012-01-01 22:28:11, flags=0x8
01-01 10:28:11.127 D/PowerGuruService( 1198): NEW_ALARM
01-01 10:28:11.128 D/PowerGuruService( 1198): not a WAKEUP alarm, return!
01-01 10:28:11.156 I/chatty  ( 2265): uid=1002(bluetooth) com.android.bluetooth expire 281 lines
01-01 10:28:11.211 V/BroadcastQueue( 1198): Finished with ordered broadcast BroadcastRecord{dbf680 u0 android.appwidget.action.APPWIDGET_ENABLED}, [background], remain = 9
01-01 10:28:11.223 V/BroadcastQueue( 1198): Finished with ordered broadcast BroadcastRecord{9c324b9 u0 android.appwidget.action.APPWIDGET_UPDATE}, [background], remain = 8
01-01 10:28:11.244 I/chatty  ( 2265): uid=1002(bluetooth) BluetoothAdapte expire 47 lines
01-01 10:28:11.252 I/ActivityManager( 1198): Start proc 2294:com.android.quicksearchbox/u0a55 for broadcast com.android.quicksearchbox/.SearchWidgetProvider
01-01 10:28:11.260 D/EmergencyButtons( 1479): InvalidSubPhoneStateListener: onServiceStateChanged(), serviceState = 1 1 voice home data home China Mobile China Mobile 46000 China Mobile China Mobile 46000  HSDPA HSDPA CSS not supported -1 -1 RoamInd=-1 DefRoamInd=-1 EmergOnly=true IsDataRoamingFromRegistration=false
01-01 10:28:11.262 D/BroadcastQueue( 1198): Add broadcastBroadcastRecord{4df786 u-1 android.intent.action.SERVICE_STATE} into (background/order), now header = BroadcastRecord{d5d30fe u0 android.appwidget.action.APPWIDGET_ENABLED}, size = 9
01-01 10:28:11.264 D/TeleUtils( 1438):  changeOperator: old value= 
01-01 10:28:11.264 D/TeleUtils( 1438):  changeOperator: itemList length is 5
01-01 10:28:11.264 D/TeleUtils( 1438): changeOperator not found: original value=  newName= 
01-01 10:28:11.271 D/PhoneStatusBar( 1479): label = 
01-01 10:28:11.274 D/KeyguardUpdateMonitor( 1479): received broadcast android.intent.action.SERVICE_STATE
01-01 10:28:11.274 V/KeyguardUpdateMonitor( 1479): action android.intent.action.SERVICE_STATE serviceState=1 1 voice home data home China Mobile China Mobile 46000 China Mobile China Mobile 46000  HSDPA HSDPA CSS not supported -1 -1 RoamInd=-1 DefRoamInd=-1 EmergOnly=true IsDataRoamingFromRegistration=false subId=-2
01-01 10:28:11.276 I/chatty  ( 2265): uid=1002(bluetooth) bluedroid wake/ expire 70 lines
01-01 10:28:11.282 D/PowerManagerService( 1198): acquireWakeLockInternal: lock=120300290, flags=0x1, tag="GpsLocationProvider", ws=null, uid=1000, pid=1198
01-01 10:28:11.286 I/chatty  ( 2265): uid=1002(bluetooth) BT Service Call expire 105 lines
01-01 10:28:11.287 D/CarriersTextLayout( 1479): updateNetworkName showSpn=false spn= showPlmn=true plmn= PhoneId=0
01-01 10:28:11.287 D/KeyguardOperatorForCMCC( 1479): updateNetworkName showSpn=false spn= showPlmn=true plmn=
01-01 10:28:11.287 D/CarriersTextLayout( 1479): updateCarrierText(): 0
01-01 10:28:11.288 D/CarriersTextLayout( 1479): isAllCardsAbsent = false
01-01 10:28:11.288 D/CarriersTextLayout( 1479): isShowFlightMode = false
01-01 10:28:11.291 D/BroadcastQueue( 1198): Add broadcastBroadcastRecord{a416847 u0 android.intent.action.ACTION_SUBINFO_RECORD_UPDATED} into (background/order), now header = BroadcastRecord{d5d30fe u0 android.appwidget.action.APPWIDGET_ENABLED}, size = 10
01-01 10:28:11.298 D/TeleUtils( 1438):  changeOperator: old value= 
01-01 10:28:11.299 D/TeleUtils( 1438):  changeOperator: itemList length is 5
01-01 10:28:11.299 D/TeleUtils( 1438): changeOperator not found: original value=  newName= 
01-01 10:28:11.304 D/KeyguardUpdateMonitor( 1479): handleServiceStateChange(subId=-2, serviceState=1 1 voice home data home China Mobile China Mobile 46000 China Mobile China Mobile 46000  HSDPA HSDPA CSS not supported -1 -1 RoamInd=-1 DefRoamInd=-1 EmergOnly=true IsDataRoamingFromRegistration=false
01-01 10:28:11.304 W/KeyguardUpdateMonitor( 1479): invalid subId in handleServiceStateChange()
01-01 10:28:11.304 D/EmergencyButtons( 1479): SubInfoUpdateReceiver-onReceive
01-01 10:28:11.308 I/ImsServiceImpl( 1438): handleMessage msg={ when=-235ms what=270369 obj=android.os.AsyncResult@37f8bde target=com.spreadtrum.ims.ImsServiceImpl$ImsHandler }
01-01 10:28:11.308 I/ImsServiceImpl( 1438): handleMessage msg={ when=-235ms what=270369 obj=android.os.AsyncResult@5a061bf target=com.spreadtrum.ims.ImsServiceImpl$ImsHandler }
01-01 10:28:11.310 I/ImsServiceImpl( 1438): handleMessage msg={ when=-52ms what=105 obj=android.os.AsyncResult@bcc008c target=com.spreadtrum.ims.ImsServiceImpl$ImsHandler }
01-01 10:28:11.310 I/ImsServiceImpl( 1438): EVENT_SERVICE_STATE_CHANGED->ServiceStateChange
01-01 10:28:11.310 I/chatty  ( 2265): uid=1002(bluetooth) Binder_2 expire 1 line
01-01 10:28:11.369 D/CarrierConfigLoader( 1438): update network preferred config[0]: 46000 mLastNetNumeric = 
01-01 10:28:11.377 I/Telephony( 1438): PstnIncomingCallNotifier: Unregistering: Handler (com.android.internal.telephony.gsm.GSMPhone) {1620f0c}
01-01 10:28:11.379 D/Telephony( 1438): PstnPhoneCapabilitiesNotifier: Unregistering: Handler (com.android.internal.telephony.gsm.GSMPhone) {1620f0c}
01-01 10:28:11.381 D/Telephony( 1438): TelecomAccountRegistry: Found 2 phones.  Attempting to register.
01-01 10:28:11.381 D/Telephony( 1438): TelecomAccountRegistry: Phone with subscription id -2
01-01 10:28:11.381 D/Telephony( 1438): TelecomAccountRegistry: Phone with subscription id -3
01-01 10:28:11.383 I/chatty  ( 2265): uid=1002(bluetooth) Binder_3 expire 1 line
01-01 10:28:11.386 D/BroadcastQueue( 1198): Add broadcastBroadcastRecord{b2241e3 u-1 android.bluetooth.adapter.action.BLE_STATE_CHANGED} into (background/order), now header = BroadcastRecord{d5d30fe u0 android.appwidget.action.APPWIDGET_ENABLED}, size = 11
01-01 10:28:11.390 E/PhoneInterfaceManager( 1438): [PhoneIntfMgr] getIccId: No UICC
01-01 10:28:11.392 I/RadioInteraction( 1438): Radio turned on.
01-01 10:28:11.392 I/RadioInteraction( 1438): Run the callback.
01-01 10:28:11.392 D/RadioTaskExecutor( 1438): run phone 0 power radio on callback... mRadioBusyFlag = 1
01-01 10:28:11.392 D/RadioTaskExecutor( 1438): ALL_RADIOS_OPERATION_DONE notify all!
01-01 10:28:11.392 D/RadioTaskExecutor( 1438): done
01-01 10:28:11.392 D/RadioTaskExecutor( 1438): execute sub task : BROADCAST_SET_PRIMARY_CARD_COMPLETE phoneId = 0
01-01 10:28:11.395 I/chatty  ( 2265): uid=1002(bluetooth) BondStateMachin expire 1 line
01-01 10:28:11.395 D/RadioTaskExecutor( 1438): finish execute task: SET_PRIMARY_CARD, radio busy end.
01-01 10:28:11.396 D/CarrierText( 1479): updateCarrierText(): 0
01-01 10:28:11.400 D/CarrierText( 1479): Getting plmn/spn sticky brdcst /
01-01 10:28:11.400 D/TelephonyManager( 1438): getRadioCapbility: ssdaMode=csfb
01-01 10:28:11.407 D/CarriersTextLayout( 1479): updateCarrierText(): 0
01-01 10:28:11.407 D/CarriersTextLayout( 1479): isAllCardsAbsent = false
01-01 10:28:11.407 D/CarriersTextLayout( 1479): isShowFlightMode = false
01-01 10:28:11.424 D/Telecom ( 1198): PhoneAccountRegistrar: addOrReplacePhoneAccount(ComponentInfo{com.android.phone/com.android.services.telephony.TelephonyConnectionService}, [e0184adedf913b076626646d3f52c3b49c39ad6d], UserHandle{0} -> [[ ] PhoneAccount: ComponentInfo{com.android.phone/com.android.services.telephony.TelephonyConnectionService}, [e0184adedf913b076626646d3f52c3b49c39ad6d], UserHandle{0} Capabilities: 54 Schemes: tel voicemail ])
01-01 10:28:11.425 I/Telecom ( 1198): PhoneAccountRegistrar: [ComponentInfo{com.android.phone/com.android.services.telephony.TelephonyConnectionService}, [e0184adedf913b076626646d3f52c3b49c39ad6d], UserHandle{0}(icon: Icon(typ=BITMAP size=38x48) -> Icon(typ=BITMAP size=38x48))]
01-01 10:28:11.435 W/System  ( 2294): ClassLoader referenced unknown path: /system/app/SprdQuickSearchBox/lib/arm
01-01 10:28:11.440 D/AlarmManager( 1198): setImpl() action = com.dianxinos.optimizer.action.ALARM_EVENT_RT_UPDATE, component = ComponentInfo{com.thundersoft.generalsecure/com.dianxinos.optimizer.engine.EngineIntentService}, type = 1, operation = PendingIntent{81f220c: PendingIntentRecord{c0eeae5 com.thundersoft.generalsecure startService}} tElapsed=43226402, maxElapsed=75626146, interval=0, when = 1325428091098, triggerTime = 2012-01-01 22:28:11, flags=0x8
01-01 10:28:11.440 D/PowerGuruService( 1198): NEW_ALARM
01-01 10:28:11.440 D/PowerGuruService( 1198): not a WAKEUP alarm, return!
01-01 10:28:11.442 D/QSTile.DataConnectionTile( 1479): mRadioSetting handleValueChanged
01-01 10:28:11.448 I/chatty  ( 2265): uid=1002(bluetooth) stack_manager expire 3 lines
01-01 10:28:11.454 D/AlarmManager( 1198): setImpl() action = com.android.bluetooth.btservice.action.ALARM_WAKEUP, component = null, type = 2, operation = PendingIntent{2e95755: PendingIntentRecord{6b4456a com.android.bluetooth broadcastIntent}} tElapsed=34756, maxElapsed=34756, interval=0, when = 1325384899452, triggerTime = 2012-01-01 10:28:19, flags=0x9
01-01 10:28:11.455 D/PowerGuruService( 1198): NEW_ALARM
01-01 10:28:11.456 D/PowerGuruService( 1198): receive input alarm:
01-01 10:28:11.457 D/PowerGuruService( 1198): alarm info: packageName = com.android.bluetooth, Action = com.android.bluetooth.btservice.action.ALARM_WAKEUP, Component = null, type = 2, when = 34756 (2012-01-01 10:28:19), interval = 0, setCount = 1, userSetCount = 0, firstSetTime = 1325384891454 (2012-01-01 10:28:11), isRepeat = false, isFromGMS = false, isAvailable = true, lastSetTime = 2012-01-01 10:28:11, setMinsAlignCount = 0
01-01 10:28:11.458 D/PowerGuruService( 1198): Alarm is not from ThirdParty, is not care about!
01-01 10:28:11.460 D/PhoneInterfaceManager( 1438): [PhoneIntfMgr] getDataEnabled: subId=-2 phoneId=-1
01-01 10:28:11.461 E/PhoneInterfaceManager( 1438): [PhoneIntfMgr] getDataEnabled: no phone subId=-2 retVal=false
01-01 10:28:11.461 D/TelephonyManager( 1479): getDataEnabled: retVal=false
01-01 10:28:11.462 D/QSTile.DataConnectionTile( 1479): dataConnected = false
01-01 10:28:11.465 D/PowerManagerService( 1198): releaseWakeLockInternal: lock=120300290 [GpsLocationProvider], flags=0x0
01-01 10:28:11.474 D/DOWNLOAD(  215): external_wcn got 8 from accept
01-01 10:28:11.474 D/DOWNLOAD(  215): download_entry
01-01 10:28:11.474 D/DOWNLOAD(  215): send_notify_to_client:startwcn-ok
01-01 10:28:11.474 D/DOWNLOAD(  215): client_fds[0].sockfd=10
01-01 10:28:11.474 D/DOWNLOAD(  215): client_fds[1].sockfd=8
01-01 10:28:11.474 E/DOWNLOAD(  215): close wcnd client_fds[1]=-1
01-01 10:28:11.474 D/DOWNLOAD(  215): client_fds[2].sockfd=-1
01-01 10:28:11.474 D/DOWNLOAD(  215): client_fds[3].sockfd=-1
01-01 10:28:11.474 D/DOWNLOAD(  215): client_fds[4].sockfd=-1
01-01 10:28:11.475 D/DOWNLOAD(  215): client_fds[5].sockfd=-1
01-01 10:28:11.475 D/DOWNLOAD(  215): client_fds[6].sockfd=-1
01-01 10:28:11.475 D/DOWNLOAD(  215): client_fds[7].sockfd=-1
01-01 10:28:11.475 D/DOWNLOAD(  215): client_fds[8].sockfd=-1
01-01 10:28:11.475 D/DOWNLOAD(  215): client_fds[9].sockfd=-1
01-01 10:28:11.511 I/Telecom ( 1198): : Sending phone-account intent as user
01-01 10:28:11.512 D/BroadcastQueue( 1198): Add broadcastBroadcastRecord{1e40a5b u-1 android.telecom.action.PHONE_ACCOUNT_REGISTERED} into (background/order), now header = BroadcastRecord{d5d30fe u0 android.appwidget.action.APPWIDGET_ENABLED}, size = 12
01-01 10:28:11.517 I/Telephony( 1438): AccountEntry: Registered phoneAccount: [[ ] PhoneAccount: ComponentInfo{com.android.phone/com.android.services.telephony.TelephonyConnectionService}, [e0184adedf913b076626646d3f52c3b49c39ad6d], UserHandle{0} Capabilities: 54 Schemes: tel voicemail ] with handle: ComponentInfo{com.android.phone/com.android.services.telephony.TelephonyConnectionService}, [e0184adedf913b076626646d3f52c3b49c39ad6d], UserHandle{0}
01-01 10:28:11.517 I/Telephony( 1438): PstnIncomingCallNotifier: Registering: Handler (com.android.internal.telephony.gsm.GSMPhone) {1620f0c}
01-01 10:28:11.525 D/Telephony( 1438): PstnPhoneCapabilitiesNotifier: Registering: Handler (com.android.internal.telephony.gsm.GSMPhone) {1620f0c}
01-01 10:28:11.536 W/Telecom ( 1198): : No account found for the calling user
01-01 10:28:11.541 I/ImsServiceImpl( 1438): handleMessage msg={ when=-231ms what=270369 obj=android.os.AsyncResult@ed2c9b7 target=com.spreadtrum.ims.ImsServiceImpl$ImsHandler }
01-01 10:28:11.541 I/ImsServiceImpl( 1438): handleMessage msg={ when=-231ms what=270369 obj=android.os.AsyncResult@3bfd524 target=com.spreadtrum.ims.ImsServiceImpl$ImsHandler }
01-01 10:28:11.542 I/ImsServiceImpl( 1438): handleMessage msg={ when=-232ms what=270369 obj=android.os.AsyncResult@c04a53 target=com.spreadtrum.ims.ImsServiceImpl$ImsHandler }
01-01 10:28:11.542 I/ImsServiceImpl( 1438): handleMessage msg={ when=-232ms what=270369 obj=android.os.AsyncResult@7b71f90 target=com.spreadtrum.ims.ImsServiceImpl$ImsHandler }
01-01 10:28:11.542 D/CarrierConfigLoader( 1438): mHandler: 22 phoneId: 0
01-01 10:28:11.552 V/BroadcastQueue( 1198): Finished with ordered broadcast BroadcastRecord{d5d30fe u0 android.appwidget.action.APPWIDGET_ENABLED}, [background], remain = 11
01-01 10:28:11.553 D/CarrierConfigLoader( 1438): Loaded config from XML[22]. package=com.android.carrierconfig phoneId=0
01-01 10:28:11.555 D/BroadcastQueue( 1198): Add broadcastBroadcastRecord{e20dd1a u-1 android.telephony.action.CARRIER_CONFIG_CHANGED} into (background/order), now header = BroadcastRecord{80f705f u0 android.appwidget.action.APPWIDGET_UPDATE}, size = 12
01-01 10:28:11.566 I/Telecom ( 1198): PhoneAccountRegistrar: SimCallManager queried, returning: null
01-01 10:28:11.566 D/Telecom ( 1198): : null is not visible for the calling user [gsCM]
01-01 10:28:11.578 D/WCND    (  221): clients[5].sockfd = -1, type = 0
01-01 10:28:11.578 D/WCND    (  221): clients[6].sockfd = -1, type = 0
01-01 10:28:11.578 D/WCND    (  221): clients[7].sockfd = -1, type = 0
01-01 10:28:11.578 D/WCND    (  221): clients[8].sockfd = -1, type = 0
01-01 10:28:11.578 D/WCND    (  221): clients[9].sockfd = -1, type = 0
01-01 10:28:11.578 D/WCND    (  221): send_notify_to_client (type:32)
01-01 10:28:11.578 D/WCND    (  221): clients[0].sockfd = 7, type = 48
01-01 10:28:11.578 D/WCND    (  221): clients[1].sockfd = 11, type = 0
01-01 10:28:11.578 D/WCND    (  221): clients[2].sockfd = 12, type = 0
01-01 10:28:11.578 D/WCND    (  221): clients[3].sockfd = 13, type = 48
01-01 10:28:11.578 D/WCND    (  221): clients[4].sockfd = -1, type = 0
01-01 10:28:11.578 D/WCND    (  221): clients[5].sockfd = -1, type = 0
01-01 10:28:11.578 D/WCND    (  221): clients[6].sockfd = -1, type = 0
01-01 10:28:11.578 D/WCND    (  221): clients[7].sockfd = -1, type = 0
01-01 10:28:11.578 D/WCND    (  221): clients[8].sockfd = -1, type = 0
01-01 10:28:11.578 D/WCND    (  221): clients[9].sockfd = -1, type = 0
01-01 10:28:11.578 D/WCND    (  221): Enter WCND_STATE_CP2_STARTED from WCND_STATE_CP2_STARTING
01-01 10:28:11.579 D/WCND    (  221): wcnd_open_cp2: config CP2 bootup after open CP2 !!
01-01 10:28:11.579 D/WCND    (  221): wcnd_process_atcmd: Receive AT CMD: AT+ARMLOG=0, len = 12
01-01 10:28:11.579 D/WCND    (  221): wcnd_process_atcmd: open at cmd interface: /proc/mdbg/at_cmd, fd = 14
01-01 10:28:11.580 I/chatty  ( 2265): uid=1002(bluetooth) bluedroid wake/ expire 94 lines
01-01 10:28:11.585 D/ApnConfigService( 1438): OnReceive: android.intent.action.SET_PRIMARYCARD_COMPLETE
01-01 10:28:11.588 V/BroadcastQueue( 1198): Finished with ordered broadcast BroadcastRecord{80f705f u0 android.appwidget.action.APPWIDGET_UPDATE}, [background], remain = 11
01-01 10:28:11.590 E/        (  278): drm_ntp:connecting to ntp server
01-01 10:28:11.590 E/        (  278): drm_ntp: CreateNtpClientSockfd sockfd=10
01-01 10:28:11.595 D/ApnConfigService( 1438): needShowApnAndData = false
01-01 10:28:11.597 D/RadioTaskExecutor( 1438): start loop
01-01 10:28:11.597 D/RadioTaskExecutor( 1438): Task queue :
01-01 10:28:11.597 D/RadioTaskExecutor( 1438): task queue is empty now, quit loop
01-01 10:28:11.598 D/Telephony( 1438): PstnPhoneCapabilitiesNotifier: handleVideoCapabilitesChanged. Video capability - false
01-01 10:28:11.603 E/        (  278): drm_ntp: get hostname 0.hk.pool.ntp.org address info failed! No address associated with hostname
01-01 10:28:11.603 E/        (  278): drm_ntp: sleep 2s and reconnect...
01-01 10:28:11.605 V/BroadcastQueue( 1198): Finished with ordered broadcast BroadcastRecord{b49faac u0 android.appwidget.action.APPWIDGET_ENABLED}, [background], remain = 10
01-01 10:28:11.607 D/Telecom ( 1198): : ComponentInfo{com.android.phone/com.android.services.telephony.TelephonyConnectionService}, [2be88ca4242c76e8253ac62474851065032d6833], UserHandle{0} is not visible for the calling user [gPA]
01-01 10:28:11.608 D/Telephony( 1438): PstnPhoneCapabilitiesNotifier: handleVideoCapabilitesChanged. Exception=java.lang.NullPointerException: Attempt to invoke virtual method 'android.telecom.PhoneAccountHandle android.telecom.PhoneAccount.getAccountHandle()' on a null object reference
01-01 10:28:11.608 D/GlobalConfigManager( 1438): Receiver action: android.telephony.action.CARRIER_CONFIG_CHANGED
01-01 10:28:11.611 D/GlobalConfigManager( 1438): Load global config in background...
01-01 10:28:11.615 D/GlobalConfigManager( 1438): tele config for phone 0: Bundle[{num_match_short=-1, sms_7bit_enabled=false, sms_coding_national=, roamingvm=, spn=, mvno=false, num_match_rule=-1, vmtag=, vmnumber=, ecclist_withcard=112,911,000,08,118, num_match=7, ecclist_nocard=110,119,120,122,999,112,911,000,08,118, fake_ecclist_withcard=110,119,120,122,999}]
01-01 10:28:11.617 D/GlobalConfigManager( 1438): updateEccProperties ECC[0]: eccListFromSim = null mNetworkEccList = null eccListFromCarrierConfig = 110,119,120,122,999,112,911,000,08,118
01-01 10:28:11.621 D/GlobalConfigManager( 1438): ril.eccList.real:110,119,120,122,999,112,911,000,08,118
01-01 10:28:11.621 D/TeleUtils( 1438): ril.ecclist.real[0]:110,119,120,122,999,112,911,000,08,118
01-01 10:28:11.622 D/GlobalConfigManager( 1438): tele config for phone 0: Bundle[{num_match_short=-1, sms_7bit_enabled=false, sms_coding_national=, roamingvm=, spn=, mvno=false, num_match_rule=-1, vmtag=, vmnumber=, ecclist_withcard=112,911,000,08,118, num_match=7, ecclist_nocard=110,119,120,122,999,112,911,000,08,118, fake_ecclist_withcard=110,119,120,122,999}]
01-01 10:28:11.623 D/AlarmManager( 1198): setImpl() action = com.android.bluetooth.btservice.action.ALARM_WAKEUP, component = null, type = 2, operation = PendingIntent{378404b: PendingIntentRecord{6b4456a com.android.bluetooth broadcastIntent}} tElapsed=34921, maxElapsed=34921, interval=0, when = 1325384899617, triggerTime = 2012-01-01 10:28:19, flags=0x9
01-01 10:28:11.623 D/PowerGuruService( 1198): NEW_ALARM
01-01 10:28:11.623 D/PowerGuruService( 1198): receive input alarm:
01-01 10:28:11.624 D/PowerGuruService( 1198): alarm info: packageName = com.android.bluetooth, Action = com.android.bluetooth.btservice.action.ALARM_WAKEUP, Component = null, type = 2, when = 34921 (2012-01-01 10:28:19), interval = 0, setCount = 1, userSetCount = 0, firstSetTime = 1325384891623 (2012-01-01 10:28:11), isRepeat = false, isFromGMS = false, isAvailable = true, lastSetTime = 2012-01-01 10:28:11, setMinsAlignCount = 0
01-01 10:28:11.624 D/PowerGuruService( 1198): Alarm is not from ThirdParty, is not care about!
01-01 10:28:11.627 D/TeleUtils( 1438): ril.ecclist.real[0]:110,119,120,122,999,112,911,000,08,118
01-01 10:28:11.629 D/GlobalConfigManager( 1438): ril.eccList.fake[0]:110,119,120,122,999
01-01 10:28:11.629 D/TeleUtils( 1438): ril.eccList:110,119,120,122,999,112,911,000,08,118
01-01 10:28:11.630 D/GlobalConfigManager( 1438): tele config for phone 1: Bundle[{num_match_short=-1, sms_7bit_enabled=false, sms_coding_national=, roamingvm=, spn=, mvno=false, num_match_rule=-1, vmtag=, vmnumber=, ecclist_withcard=, num_match=7, ecclist_nocard=, fake_ecclist_withcard=}]
01-01 10:28:11.630 I/chatty  ( 2265): uid=1002(bluetooth) bluedroid wake/ expire 454 lines
01-01 10:28:11.631 D/GlobalConfigManager( 1438): updateEccProperties ECC[1]: eccListFromSim = null mNetworkEccList = null eccListFromCarrierConfig = 
01-01 10:28:11.632 V/BroadcastQueue( 1198): Finished with ordered broadcast BroadcastRecord{5e85375 u0 android.appwidget.action.APPWIDGET_UPDATE}, [background], remain = 9
01-01 10:28:11.639 D/PowerManagerService( 1198): acquireWakeLockInternal: lock=46950952, flags=0x1, tag="bluedroid_timer", ws=null, uid=1002, pid=2265
01-01 10:28:11.640 D/GlobalConfigManager( 1438): ril.eccList.real:112,911,000,08,110,118,119,999
01-01 10:28:11.640 D/TeleUtils( 1438): ril.ecclist.real[1]:112,911,000,08,110,118,119,999
01-01 10:28:11.641 D/GlobalConfigManager( 1438): tele config for phone 1: Bundle[{num_match_short=-1, sms_7bit_enabled=false, sms_coding_national=, roamingvm=, spn=, mvno=false, num_match_rule=-1, vmtag=, vmnumber=, ecclist_withcard=, num_match=7, ecclist_nocard=, fake_ecclist_withcard=}]
01-01 10:28:11.643 D/TeleUtils( 1438): ril.ecclist.real[1]:112,911,000,08,110,118,119,999
01-01 10:28:11.645 D/GlobalConfigManager( 1438): ril.eccList.fake[1]:
01-01 10:28:11.645 D/TeleUtils( 1438): ril.eccList:112,911,000,08,110,118,119,999
01-01 10:28:11.668 I/ActivityManager( 1198): Start proc 2332:com.android.messaging/u0a18 for broadcast com.android.messaging/.receiver.DefaultSmsSubscriptionChangeReceiver
01-01 10:28:11.680 D/WCND    (  221): wcnd_process_atcmd: Wait ATcmd to return
01-01 10:28:11.681 D/WCND    (  221): wcnd_process_atcmd: ATcmd to /proc/mdbg/at_cmd return: 'OK'
01-01 10:28:11.681 E/WCND    (  221): Write 'OK' to Invalid client_fd, ret_value: 0
01-01 10:28:11.681 D/WCND    (  221): listen_fd = 4, max=13
01-01 10:28:11.681 D/WCND    (  221): read() failed, the peer of fd(13) is shutdown
01-01 10:28:11.681 D/WCND    (  221): going to zap 13 for wcnd
01-01 10:28:11.681 D/WCND    (  221): listen_fd = 4, max=12
01-01 10:28:11.713 I/chatty  ( 1198): uid=1000 system_server expire 8 lines
01-01 10:28:11.869 W/System  ( 2332): ClassLoader referenced unknown path: /system/app/messaging/lib/arm
01-01 10:28:11.872 D/BroadcastQueue( 1198): Add broadcastBroadcastRecord{edfb0e6 u-1 android.bluetooth.adapter.action.BLE_STATE_CHANGED} into (background/order), now header = BroadcastRecord{7c47c2d u-1 android.intent.action.ACTION_DEFAULT_SMS_SUBSCRIPTION_CHANGED}, size = 10
01-01 10:28:11.878 D/BroadcastQueue( 1198): Add broadcastBroadcastRecord{5089627 u-1 android.bluetooth.adapter.action.BLE_STATE_CHANGED} into (background/order), now header = BroadcastRecord{7c47c2d u-1 android.intent.action.ACTION_DEFAULT_SMS_SUBSCRIPTION_CHANGED}, size = 11
01-01 10:28:11.878 D/BroadcastQueue( 1198): Add broadcastBroadcastRecord{b9200d4 u-1 android.bluetooth.adapter.action.STATE_CHANGED} into (background/order), now header = BroadcastRecord{7c47c2d u-1 android.intent.action.ACTION_DEFAULT_SMS_SUBSCRIPTION_CHANGED}, size = 12
01-01 10:28:11.880 D/Telecom ( 1198): BluetoothPhoneService: Bluetooth Adapter state: 11
01-01 10:28:11.888 D/BluetoothHeadset( 1438): Proxy object connected
01-01 10:28:11.893 V/Telecom ( 1198): : - Got BluetoothHeadset: android.bluetooth.BluetoothHeadset@6785640
01-01 10:28:11.954 I/chatty  ( 2265): uid=1002(bluetooth) HeadsetStateMac expire 7 lines
01-01 10:28:11.979 I/chatty  ( 2265): uid=1002(bluetooth) media_worker expire 9 lines
01-01 10:28:11.984 I/chatty  ( 2265): uid=1002(bluetooth) A2dpStateMachin expire 1 line
01-01 10:28:11.990 I/chatty  ( 2265): uid=1002(bluetooth) A2dpSinkStateMa expire 1 line
01-01 10:28:11.993 D/BluetoothInputDevice( 1479): Proxy object connected
01-01 10:28:11.994 D/HidProfile( 1479): Bluetooth service connected
01-01 10:28:11.995 D/BluetoothInputDevice( 1618): Proxy object connected
01-01 10:28:11.997 D/HidProfile( 1618): Bluetooth service connected
01-01 10:28:12.012 I/chatty  ( 2265): uid=1002(bluetooth) com.android.bluetooth expire 5 lines
01-01 10:28:12.017 D/PhaserProvider( 2332): /data/user/0/com.android.messaging/databases/pharser.db
01-01 10:28:12.017 D/BluetoothPan( 1618): BluetoothPAN Proxy object connected
01-01 10:28:12.017 D/BluetoothPan( 1479): BluetoothPAN Proxy object connected
01-01 10:28:12.018 D/PanProfile( 1618): Bluetooth service connected
01-01 10:28:12.018 D/PanProfile( 1479): Bluetooth service connected
01-01 10:28:12.054 D/BluetoothMap( 1479): Proxy object connected
01-01 10:28:12.054 D/MapProfile( 1479): Bluetooth service connected
01-01 10:28:12.054 D/BluetoothMap( 1479): getConnectedDevices()
01-01 10:28:12.055 D/BluetoothMap( 1618): Proxy object connected
01-01 10:28:12.056 D/BluetoothMap( 1479): Bluetooth is Not enabled
01-01 10:28:12.056 D/MapProfile( 1618): Bluetooth service connected
01-01 10:28:12.057 D/BluetoothMap( 1618): getConnectedDevices()
01-01 10:28:12.057 D/BluetoothMap( 1618): Bluetooth is Not enabled
01-01 10:28:12.093 D/MediaProvider( 1456): openFile: uri=content://media/internal/audio/media/9 mode=r
01-01 10:28:12.094 V/MediaProvider( 1456): query: uri=content://media/internal/audio/media/9, selection=null
01-01 10:28:12.160 V/BroadcastQueue( 1198): Finished with ordered broadcast BroadcastRecord{7c47c2d u-1 android.intent.action.ACTION_DEFAULT_SMS_SUBSCRIPTION_CHANGED}, [background], remain = 11
01-01 10:28:12.167 V/BroadcastQueue( 1198): Finished with ordered broadcast BroadcastRecord{5c31a58 u-1 android.telecom.action.PHONE_ACCOUNT_REGISTERED}, [background], remain = 10
01-01 10:28:12.171 V/BroadcastQueue( 1198): Finished with ordered broadcast BroadcastRecord{e6966f5 u0 android.appwidget.action.APPWIDGET_UPDATE_OPTIONS}, [background], remain = 9
01-01 10:28:12.176 V/ProvidersReceiverForSim( 1438): onReceiver android.intent.action.BOOT_COMPLETED
01-01 10:28:12.180 D/AbsBroadcastReceiver( 1733): intent action = android.intent.action.BOOT_COMPLETED
01-01 10:28:12.180 E/MessagingApp( 2332): *-*-*-*getApplicationContext()=com.android.messaging.BugleApplication@ecdd2bf
01-01 10:28:12.199 D/SystemUiRecents( 1479): onBootCompleted mReloadHeaderBarLayout:true
01-01 10:28:12.215 I/AVIExtractor(  279): SniffAVI
01-01 10:28:12.216 E/DrmOmaPlugIn(  278): DrmOmaPlugIn::onInitialize : 8015
01-01 10:28:12.216 E/DrmOmaPlugIn(  278): DrmOmaPlugIn::onSetOnInfoListener : 8015
01-01 10:28:12.217 E/DrmOmaPlugIn(  278): DrmOmaPlugIn::onOpenDecryptSession() : offset:0, length:27052, fd:10
01-01 10:28:12.217 E/        (  278): DcfParser::parse (null), fd: 12
01-01 10:28:12.217 E/        (  278): DcfParser::parse (null), version: 79
01-01 10:28:12.217 E/DrmOmaPlugIn(  278): DrmOmaPlugIn::onOpenDecryptSession() : dcf parse error
01-01 10:28:12.218 E/DrmOmaPlugIn(  278): DrmOmaPlugIn::onTerminate : 8015
01-01 10:28:12.221 I/ActivityManager( 1198): Start proc 2364:com.android.keychain/1000 for service com.android.keychain/.KeyChainService
01-01 10:28:12.242 D/NuPlayerDriver(  279): notifyListener_l(0xb100f000), (1, 0, 0)
01-01 10:28:12.258 I/chatty  ( 2265): uid=1002(bluetooth) HeadsetClientSt expire 1 line
01-01 10:28:12.263 D/KeyguardUpdateMonitor( 1479): received broadcast android.intent.action.BOOT_COMPLETED
01-01 10:28:12.282 I/chatty  ( 1198): uid=1000 system_server expire 1 line
01-01 10:28:12.291 W/MessagingApp( 2332): PhoneUtils.getForLMR1(): invalid subId = -1
01-01 10:28:12.298 I/BootReceiver( 1198): Copying audit failures to DropBox
01-01 10:28:12.299 I/BootReceiver( 1198): Checking for fsck errors
01-01 10:28:12.335 D/PluginsManager( 2332): initPluginsManager: search plugins'size: 2
01-01 10:28:12.374 D/BluetoothPbap( 1479): onBluetoothStateChange: up=true
01-01 10:28:12.398 D/BluetoothPbap( 1618): onBluetoothStateChange: up=true
01-01 10:28:12.411 W/System  ( 2364): ClassLoader referenced unknown path: /system/app/KeyChain/lib/arm
01-01 10:28:12.417 D/BluetoothInputDevice( 1479): onBluetoothStateChange: up=true
01-01 10:28:12.426 D/BluetoothPan( 1618): onBluetoothStateChange on: true
01-01 10:28:12.429 D/ConnectivityService( 1198): Got NetworkFactory Messenger for WIFI
01-01 10:28:12.429 D/ConnectivityService( 1198): Got NetworkFactory Messenger for WIFI_UT
01-01 10:28:12.431 D/BluetoothHeadset( 1438): onBluetoothStateChange: up=true
01-01 10:28:12.432 D/BluetoothPan( 1479): onBluetoothStateChange on: true
01-01 10:28:12.432 D/BluetoothMap( 1479): onBluetoothStateChange: up=true
01-01 10:28:12.440 D/BluetoothMap( 1618): onBluetoothStateChange: up=true
01-01 10:28:12.441 D/BluetoothInputDevice( 1618): onBluetoothStateChange: up=true
01-01 10:28:12.449 I/ActivityManager( 1198): Start proc 2384:com.android.providers.calendar/u0a3 for broadcast com.android.providers.calendar/.CalendarReceiver
01-01 10:28:12.451 D/BroadcastQueue( 1198): Add broadcastBroadcastRecord{c2bac1e u-1 android.bluetooth.adapter.action.BLE_STATE_CHANGED} into (background/order), now header = BroadcastRecord{a9280ae u0 android.intent.action.BOOT_COMPLETED}, size = 10
01-01 10:28:12.452 D/BroadcastQueue( 1198): Add broadcastBroadcastRecord{a3d9cff u-1 android.bluetooth.adapter.action.STATE_CHANGED} into (background/order), now header = BroadcastRecord{a9280ae u0 android.intent.action.BOOT_COMPLETED}, size = 11
01-01 10:28:12.456 D/Telecom ( 1198): BluetoothPhoneService: Bluetooth Adapter state: 12
01-01 10:28:12.457 I/Telecom ( 1198): BluetoothPhoneService: queryPhoneState
01-01 10:28:12.457 I/Telecom ( 1198): BluetoothPhoneService: updateHeadsetWithCallState numActive 0, numHeld 0, callState 6, ringing number , ringing type 128
01-01 10:28:12.463 D/LocalBluetoothProfileManager( 1618): Adding local A2DP profile
01-01 10:28:12.473 D/LocalBluetoothProfileManager( 1618): Adding local A2DP Sink profile
01-01 10:28:12.551 W/MessagingApp( 2332): PhoneUtils.getForLMR1(): invalid subId = -1
01-01 10:28:12.555 W/MessagingApp( 2332): PhoneUtils.getForLMR1(): invalid subId = -1
01-01 10:28:12.563 I/chatty  ( 2265): uid=1002(bluetooth) BT Service Call expire 4 lines
01-01 10:28:12.570 W/MessagingApp( 2332): PhoneUtils.getSelfRawNumber: subInfo is null for -1
01-01 10:28:12.636 W/MessagingApp( 2332): PhoneUtils.getForLMR1(): invalid subId = -1
01-01 10:28:12.638 D/LocalBluetoothProfileManager( 1479): Adding local A2DP profile
01-01 10:28:12.709 D/LocalBluetoothProfileManager( 1618): Adding local HEADSET profile
01-01 10:28:12.713 I/chatty  ( 1198): uid=1000(system) android.io expire 4 lines
01-01 10:28:12.722 I/chatty  ( 2265): uid=1002(bluetooth) Thread-132 expire 1 line
01-01 10:28:12.724 I/chatty  ( 2265): uid=1002(bluetooth) Thread-133 expire 1 line
01-01 10:28:12.735 D/MessagingApp( 2332): lxg - refreshFromSelfProfile: orginal contactId=-2
01-01 10:28:12.742 D/MessagingAppDataModel( 2332): refreshFromContacts >>>>>>> currentLookupKey:null
01-01 10:28:12.743 D/BluetoothA2dp( 1479): Proxy object connected
01-01 10:28:12.748 W/System  ( 2384): ClassLoader referenced unknown path: /system/priv-app/CalendarProvider/lib/arm
01-01 10:28:12.754 D/LocalBluetoothProfileManager( 1479): Adding local HEADSET profile
01-01 10:28:12.757 D/BluetoothMap( 1618): getConnectedDevices()
01-01 10:28:12.760 D/BluetoothMap( 1618): getConnectionState(80:4E:81:39:06:B0)
01-01 10:28:12.763 D/MapProfile( 1618): getConnectionStatus: status is: 0
01-01 10:28:12.768 E/CachedBluetoothDevice( 1618): updating profiles for Galaxy S6 edge+
01-01 10:28:12.772 V/CachedBluetoothDevice( 1618): Class: 5a020c
01-01 10:28:12.772 V/CachedBluetoothDevice( 1618): UUID:
01-01 10:28:12.772 V/CachedBluetoothDevice( 1618):   0000110a-0000-1000-8000-00805f9b34fb
01-01 10:28:12.772 V/CachedBluetoothDevice( 1618):   00001105-0000-1000-8000-00805f9b34fb
01-01 10:28:12.773 V/CachedBluetoothDevice( 1618):   00001115-0000-1000-8000-00805f9b34fb
01-01 10:28:12.773 V/CachedBluetoothDevice( 1618):   00001116-0000-1000-8000-00805f9b34fb
01-01 10:28:12.773 V/CachedBluetoothDevice( 1618):   0000112f-0000-1000-8000-00805f9b34fb
01-01 10:28:12.773 V/CachedBluetoothDevice( 1618):   00001112-0000-1000-8000-00805f9b34fb
01-01 10:28:12.773 V/CachedBluetoothDevice( 1618):   0000111f-0000-1000-8000-00805f9b34fb
01-01 10:28:12.773 V/CachedBluetoothDevice( 1618):   00001132-0000-1000-8000-00805f9b34fb
01-01 10:28:12.801 D/WifiService( 1198): New client listening to asynchronous messages
01-01 10:28:12.801 D/BluetoothA2dp( 1618): Proxy object connected
01-01 10:28:12.804 D/BluetoothA2dpSink( 1618): Proxy object connected
01-01 10:28:12.805 D/A2dpSinkProfile( 1618): Bluetooth service connected
01-01 10:28:12.816 D/BluetoothHeadset( 1618): Proxy object connected
01-01 10:28:12.818 D/HeadsetProfile( 1618): Bluetooth service connected
01-01 10:28:12.846 D/BluetoothMap( 1479): getConnectedDevices()
01-01 10:28:12.847 I/CalendarProvider2( 2384): Created com.android.providers.calendar.CalendarAlarmManager@a4fbd92(com.android.providers.calendar.CalendarProvider2@a26363)
01-01 10:28:12.853 D/PowerManagerService( 1198): acquireWakeLockInternal: lock=59539176, flags=0x1, tag="CalendarReceiver_Provider", ws=null, uid=10003, pid=2384
01-01 10:28:12.862 D/BluetoothHeadset( 1479): Proxy object connected
01-01 10:28:12.863 D/HeadsetProfile( 1479): Bluetooth service connected
01-01 10:28:12.866 D/BluetoothMap( 1479): getConnectionState(80:4E:81:39:06:B0)
01-01 10:28:12.870 D/MapProfile( 1479): getConnectionStatus: status is: 0
01-01 10:28:12.874 E/CachedBluetoothDevice( 1479): updating profiles for Galaxy S6 edge+
01-01 10:28:12.881 V/CachedBluetoothDevice( 1479): Class: 5a020c
01-01 10:28:12.881 V/CachedBluetoothDevice( 1479): UUID:
01-01 10:28:12.881 V/CachedBluetoothDevice( 1479):   0000110a-0000-1000-8000-00805f9b34fb
01-01 10:28:12.881 V/CachedBluetoothDevice( 1479):   00001105-0000-1000-8000-00805f9b34fb
01-01 10:28:12.881 V/CachedBluetoothDevice( 1479):   00001115-0000-1000-8000-00805f9b34fb
01-01 10:28:12.881 V/CachedBluetoothDevice( 1479):   00001116-0000-1000-8000-00805f9b34fb
01-01 10:28:12.881 V/CachedBluetoothDevice( 1479):   0000112f-0000-1000-8000-00805f9b34fb
01-01 10:28:12.881 V/CachedBluetoothDevice( 1479):   00001112-0000-1000-8000-00805f9b34fb
01-01 10:28:12.881 V/CachedBluetoothDevice( 1479):   0000111f-0000-1000-8000-00805f9b34fb
01-01 10:28:12.881 V/CachedBluetoothDevice( 1479):   00001132-0000-1000-8000-00805f9b34fb
01-01 10:28:12.901 D/AlarmManager( 1198): setImpl() action = com.android.providers.calendar.intent.CalendarProvider2, component = ComponentInfo{com.android.providers.calendar/com.android.providers.calendar.CalendarProviderBroadcastReceiver}, type = 2, operation = PendingIntent{c476432: PendingIntentRecord{b991583 com.android.providers.calendar broadcastIntent}} tElapsed=33204, maxElapsed=33204, interval=0, when = 1325384897901, triggerTime = 2012-01-01 10:28:17, flags=0x1
01-01 10:28:12.902 D/PowerGuruService( 1198): NEW_ALARM
01-01 10:28:12.902 D/PowerGuruService( 1198): receive input alarm:
01-01 10:28:12.902 D/PowerGuruService( 1198): alarm info: packageName = com.android.providers.calendar, Action = com.android.providers.calendar.intent.CalendarProvider2, Component = com.android.providers.calendar.CalendarProviderBroadcastReceiver, type = 2, when = 33204 (2012-01-01 10:28:17), interval = 0, setCount = 1, userSetCount = 0, firstSetTime = 1325384892901 (2012-01-01 10:28:12), isRepeat = false, isFromGMS = false, isAvailable = true, lastSetTime = 2012-01-01 10:28:12, setMinsAlignCount = 0
01-01 10:28:12.903 D/PowerGuruService( 1198): Alarm is not from ThirdParty, is not care about!
01-01 10:28:12.905 D/PowerManagerService( 1198): releaseWakeLockInternal: lock=59539176 [CalendarReceiver_Provider], flags=0x0
01-01 10:28:12.931 I/ActivityManager( 1198): Start proc 2415:com.android.calendar/u0a20 for broadcast com.android.calendar/.alerts.AlertReceiver
01-01 10:28:13.049 W/System  ( 2415): ClassLoader referenced unknown path: /system/app/Calendar/lib/arm
01-01 10:28:13.122 D/ExtensionsFactory( 2415): No custom extensions.
01-01 10:28:13.129 D/AlertReceiver( 2415): onReceive: a=android.intent.action.BOOT_COMPLETED Intent { act=android.intent.action.BOOT_COMPLETED flg=0x8000010 cmp=com.android.calendar/.alerts.AlertReceiver (has extras) }
01-01 10:28:13.140 D/TsIpTableService( 1198): init iptables rules
01-01 10:28:13.141 D/TsIpTableService( 1198): isBandwidthControlEnabled() is true
01-01 10:28:13.141 I/TsIpTableCmd( 1198): socket connecting...
01-01 10:28:13.141 I/TsIpTableCmd( 1198): have sent: 'INITRULES'
01-01 10:28:13.142 I/        (  289): GeneralSecure new connection
01-01 10:28:13.142 I/        (  289): tsiptableserver get command 'INITRULES' 3
01-01 10:28:13.142 I/        (  289): iptables init rules start
01-01 10:28:13.151 D/TsIpTableService( 1198): packageName=cmccwm.mobilemusic, uid=10116
01-01 10:28:13.151 D/TsIpTableService( 1198): isBandwidthControlEnabled() is true
01-01 10:28:13.151 I/TsIpTableCmd( 1198): have sent: 'ACCEPT data 10116'
01-01 10:28:13.151 D/TsIpTableService( 1198): isBandwidthControlEnabled() is true
01-01 10:28:13.151 I/TsIpTableCmd( 1198): have sent: 'ACCEPT wifi 10116'
01-01 10:28:13.151 D/TsIpTableService( 1198): packageName=com.android.camera2, uid=10047
01-01 10:28:13.151 D/TsIpTableService( 1198): isBandwidthControlEnabled() is true
01-01 10:28:13.151 I/TsIpTableCmd( 1198): have sent: 'ACCEPT data 10047'
01-01 10:28:13.151 D/TsIpTableService( 1198): isBandwidthControlEnabled() is true
01-01 10:28:13.151 I/TsIpTableCmd( 1198): have sent: 'ACCEPT wifi 10047'
01-01 10:28:13.152 D/TsIpTableService( 1198): packageName=com.iflytek.inputmethod, uid=10106
01-01 10:28:13.152 D/TsIpTableService( 1198): isBandwidthControlEnabled() is true
01-01 10:28:13.152 I/TsIpTableCmd( 1198): have sent: 'ACCEPT data 10106'
01-01 10:28:13.152 D/TsIpTableService( 1198): isBandwidthControlEnabled() is true
01-01 10:28:13.152 I/TsIpTableCmd( 1198): have sent: 'ACCEPT wifi 10106'
01-01 10:28:13.152 D/TsIpTableService( 1198): packageName=com.sprd.appbackup, uid=10046
01-01 10:28:13.152 D/TsIpTableService( 1198): isBandwidthControlEnabled() is true
01-01 10:28:13.152 I/TsIpTableCmd( 1198): have sent: 'ACCEPT data 10046'
01-01 10:28:13.152 D/TsIpTableService( 1198): isBandwidthControlEnabled() is true
01-01 10:28:13.152 I/TsIpTableCmd( 1198): have sent: 'ACCEPT wifi 10046'
01-01 10:28:13.152 D/TsIpTableService( 1198): packageName=com.android.gallery3d, uid=10089
01-01 10:28:13.152 D/TsIpTableService( 1198): isBandwidthControlEnabled() is true
01-01 10:28:13.152 I/TsIpTableCmd( 1198): have sent: 'ACCEPT data 10089'
01-01 10:28:13.152 D/TsIpTableService( 1198): isBandwidthControlEnabled() is true
01-01 10:28:13.153 I/TsIpTableCmd( 1198): have sent: 'ACCEPT wifi 10089'
01-01 10:28:13.153 D/TsIpTableService( 1198): packageName=com.android.dialer, uid=10006
01-01 10:28:13.153 D/TsIpTableService( 1198): isBandwidthControlEnabled() is true
01-01 10:28:13.153 I/TsIpTableCmd( 1198): have sent: 'ACCEPT data 10006'
01-01 10:28:13.153 D/TsIpTableService( 1198): isBandwidthControlEnabled() is true
01-01 10:28:13.153 I/TsIpTableCmd( 1198): have sent: 'ACCEPT wifi 10006'
01-01 10:28:13.153 D/TsIpTableService( 1198): packageName=com.android.calendar, uid=10020
01-01 10:28:13.153 D/TsIpTableService( 1198): isBandwidthControlEnabled() is true
01-01 10:28:13.153 I/TsIpTableCmd( 1198): have sent: 'ACCEPT data 10020'
01-01 10:28:13.153 D/TsIpTableService( 1198): isBandwidthControlEnabled() is true
01-01 10:28:13.153 I/TsIpTableCmd( 1198): have sent: 'ACCEPT wifi 10020'
01-01 10:28:13.154 D/TsIpTableService( 1198): packageName=com.iflytek.cmcc, uid=10112
01-01 10:28:13.154 D/TsIpTableService( 1198): isBandwidthControlEnabled() is true
01-01 10:28:13.154 I/TsIpTableCmd( 1198): have sent: 'ACCEPT data 10112'
01-01 10:28:13.154 D/TsIpTableService( 1198): isBandwidthControlEnabled() is true
01-01 10:28:13.154 I/TsIpTableCmd( 1198): have sent: 'ACCEPT wifi 10112'
01-01 10:28:13.154 D/TsIpTableService( 1198): packageName=com.ss.android.essay.zone, uid=10120
01-01 10:28:13.154 D/TsIpTableService( 1198): isBandwidthControlEnabled() is true
01-01 10:28:13.154 I/TsIpTableCmd( 1198): have sent: 'ACCEPT data 10120'
01-01 10:28:13.154 D/TsIpTableService( 1198): isBandwidthControlEnabled() is true
01-01 10:28:13.154 I/TsIpTableCmd( 1198): have sent: 'ACCEPT wifi 10120'
01-01 10:28:13.154 D/TsIpTableService( 1198): packageName=com.android.providers.downloads.ui, uid=10042
01-01 10:28:13.154 D/TsIpTableService( 1198): isBandwidthControlEnabled() is true
01-01 10:28:13.155 I/TsIpTableCmd( 1198): have sent: 'ACCEPT data 10042'
01-01 10:28:13.155 D/TsIpTableService( 1198): isBandwidthControlEnabled() is true
01-01 10:28:13.155 I/TsIpTableCmd( 1198): have sent: 'ACCEPT wifi 10042'
01-01 10:28:13.155 D/TsIpTableService( 1198): packageName=com.android.contacts, uid=10006
01-01 10:28:13.155 D/TsIpTableService( 1198): isBandwidthControlEnabled() is true
01-01 10:28:13.155 I/TsIpTableCmd( 1198): have sent: 'ACCEPT data 10006'
01-01 10:28:13.155 D/TsIpTableService( 1198): isBandwidthControlEnabled() is true
01-01 10:28:13.155 I/TsIpTableCmd( 1198): have sent: 'ACCEPT wifi 10006'
01-01 10:28:13.155 D/TsIpTableService( 1198): packageName=cn.wps.moffice_eng, uid=10113
01-01 10:28:13.155 D/TsIpTableService( 1198): isBandwidthControlEnabled() is true
01-01 10:28:13.155 I/TsIpTableCmd( 1198): have sent: 'ACCEPT data 10113'
01-01 10:28:13.155 D/TsIpTableService( 1198): isBandwidthControlEnabled() is true
01-01 10:28:13.155 I/TsIpTableCmd( 1198): have sent: 'ACCEPT wifi 10113'
01-01 10:28:13.155 D/TsIpTableService( 1198): packageName=com.sprd.firewall, uid=1001
01-01 10:28:13.156 D/TsIpTableService( 1198): isBandwidthControlEnabled() is true
01-01 10:28:13.156 I/TsIpTableCmd( 1198): have sent: 'ACCEPT data 1001'
01-01 10:28:13.156 D/TsIpTableService( 1198): isBandwidthControlEnabled() is true
01-01 10:28:13.156 I/TsIpTableCmd( 1198): have sent: 'ACCEPT wifi 1001'
01-01 10:28:13.156 D/TsIpTableService( 1198): packageName=com.android.fmradio, uid=10045
01-01 10:28:13.159 D/TsIpTableService( 1198): isBandwidthControlEnabled() is true
01-01 10:28:13.159 I/TsIpTableCmd( 1198): have sent: 'ACCEPT data 10045'
01-01 10:28:13.159 D/TsIpTableService( 1198): isBandwidthControlEnabled() is true
01-01 10:28:13.159 I/TsIpTableCmd( 1198): have sent: 'ACCEPT wifi 10045'
01-01 10:28:13.159 D/TsIpTableService( 1198): packageName=com.qihoo.browser, uid=10109
01-01 10:28:13.159 D/TsIpTableService( 1198): isBandwidthControlEnabled() is true
01-01 10:28:13.159 I/TsIpTableCmd( 1198): have sent: 'ACCEPT data 10109'
01-01 10:28:13.159 D/TsIpTableService( 1198): isBandwidthControlEnabled() is true
01-01 10:28:13.160 I/TsIpTableCmd( 1198): have sent: 'ACCEPT wifi 10109'
01-01 10:28:13.160 D/TsIpTableService( 1198): packageName=com.andreader.prein, uid=10117
01-01 10:28:13.160 D/TsIpTableService( 1198): isBandwidthControlEnabled() is true
01-01 10:28:13.160 I/TsIpTableCmd( 1198): have sent: 'ACCEPT data 10117'
01-01 10:28:13.160 D/TsIpTableService( 1198): isBandwidthControlEnabled() is true
01-01 10:28:13.160 I/TsIpTableCmd( 1198): have sent: 'ACCEPT wifi 10117'
01-01 10:28:13.160 D/TsIpTableService( 1198): packageName=com.thundersoft.generalsecure, uid=1000
01-01 10:28:13.160 D/TsIpTableService( 1198): isBandwidthControlEnabled() is true
01-01 10:28:13.160 I/TsIpTableCmd( 1198): have sent: 'ACCEPT data 1000'
01-01 10:28:13.160 D/TsIpTableService( 1198): isBandwidthControlEnabled() is true
01-01 10:28:13.160 I/TsIpTableCmd( 1198): have sent: 'ACCEPT wifi 1000'
01-01 10:28:13.160 D/TsIpTableService( 1198): packageName=com.android.music, uid=10021
01-01 10:28:13.160 D/TsIpTableService( 1198): isBandwidthControlEnabled() is true
01-01 10:28:13.161 I/TsIpTableCmd( 1198): have sent: 'ACCEPT data 10021'
01-01 10:28:13.161 D/TsIpTableService( 1198): isBandwidthControlEnabled() is true
01-01 10:28:13.161 I/TsIpTableCmd( 1198): have sent: 'ACCEPT wifi 10021'
01-01 10:28:13.161 D/TsIpTableService( 1198): packageName=com.android.messaging, uid=10018
01-01 10:28:13.161 D/TsIpTableService( 1198): isBandwidthControlEnabled() is true
01-01 10:28:13.161 I/TsIpTableCmd( 1198): have sent: 'ACCEPT data 10018'
01-01 10:28:13.161 D/TsIpTableService( 1198): isBandwidthControlEnabled() is true
01-01 10:28:13.161 I/TsIpTableCmd( 1198): have sent: 'ACCEPT wifi 10018'
01-01 10:28:13.161 D/TsIpTableService( 1198): packageName=com.android.deskclock, uid=1000
01-01 10:28:13.161 D/TsIpTableService( 1198): isBandwidthControlEnabled() is true
01-01 10:28:13.161 I/TsIpTableCmd( 1198): have sent: 'ACCEPT data 1000'
01-01 10:28:13.161 D/TsIpTableService( 1198): isBandwidthControlEnabled() is true
01-01 10:28:13.162 I/TsIpTableCmd( 1198): have sent: 'ACCEPT wifi 1000'
01-01 10:28:13.162 D/TsIpTableService( 1198): packageName=com.android.email, uid=10075
01-01 10:28:13.162 D/TsIpTableService( 1198): isBandwidthControlEnabled() is true
01-01 10:28:13.162 I/TsIpTableCmd( 1198): have sent: 'ACCEPT data 10075'
01-01 10:28:13.162 D/TsIpTableService( 1198): isBandwidthControlEnabled() is true
01-01 10:28:13.162 I/TsIpTableCmd( 1198): have sent: 'ACCEPT wifi 10075'
01-01 10:28:13.162 D/TsIpTableService( 1198): packageName=com.android.settings, uid=1000
01-01 10:28:13.162 D/TsIpTableService( 1198): isBandwidthControlEnabled() is true
01-01 10:28:13.162 I/TsIpTableCmd( 1198): have sent: 'ACCEPT data 1000'
01-01 10:28:13.162 D/TsIpTableService( 1198): isBandwidthControlEnabled() is true
01-01 10:28:13.162 I/TsIpTableCmd( 1198): have sent: 'ACCEPT wifi 1000'
01-01 10:28:13.162 D/TsIpTableService( 1198): packageName=com.sprd.generalsecurity, uid=1000
01-01 10:28:13.163 D/TsIpTableService( 1198): isBandwidthControlEnabled() is true
01-01 10:28:13.163 I/TsIpTableCmd( 1198): have sent: 'ACCEPT data 1000'
01-01 10:28:13.163 D/TsIpTableService( 1198): isBandwidthControlEnabled() is true
01-01 10:28:13.163 I/TsIpTableCmd( 1198): have sent: 'ACCEPT wifi 1000'
01-01 10:28:13.163 D/TsIpTableService( 1198): packageName=com.android.quicksearchbox, uid=10055
01-01 10:28:13.163 D/TsIpTableService( 1198): isBandwidthControlEnabled() is true
01-01 10:28:13.163 I/TsIpTableCmd( 1198): have sent: 'ACCEPT data 10055'
01-01 10:28:13.163 D/TsIpTableService( 1198): isBandwidthControlEnabled() is true
01-01 10:28:13.163 I/TsIpTableCmd( 1198): have sent: 'ACCEPT wifi 10055'
01-01 10:28:13.163 D/TsIpTableService( 1198): packageName=cn.cj.pe, uid=10108
01-01 10:28:13.163 D/TsIpTableService( 1198): isBandwidthControlEnabled() is true
01-01 10:28:13.163 I/TsIpTableCmd( 1198): have sent: 'ACCEPT data 10108'
01-01 10:28:13.163 D/TsIpTableService( 1198): isBandwidthControlEnabled() is true
01-01 10:28:13.164 I/TsIpTableCmd( 1198): have sent: 'ACCEPT wifi 10108'
01-01 10:28:13.164 D/TsIpTableService( 1198): packageName=com.android.soundrecorder, uid=10044
01-01 10:28:13.164 D/TsIpTableService( 1198): isBandwidthControlEnabled() is true
01-01 10:28:13.164 I/TsIpTableCmd( 1198): have sent: 'ACCEPT data 10044'
01-01 10:28:13.164 D/TsIpTableService( 1198): isBandwidthControlEnabled() is true
01-01 10:28:13.164 I/TsIpTableCmd( 1198): have sent: 'ACCEPT wifi 10044'
01-01 10:28:13.164 D/TsIpTableService( 1198): packageName=com.baidu.searchbox, uid=10105
01-01 10:28:13.164 D/TsIpTableService( 1198): isBandwidthControlEnabled() is true
01-01 10:28:13.164 I/TsIpTableCmd( 1198): have sent: 'ACCEPT data 10105'
01-01 10:28:13.164 D/TsIpTableService( 1198): isBandwidthControlEnabled() is true
01-01 10:28:13.164 I/TsIpTableCmd( 1198): have sent: 'ACCEPT wifi 10105'
01-01 10:28:13.165 D/TsIpTableService( 1198): packageName=com.chinamobile.mcloud, uid=10110
01-01 10:28:13.165 D/TsIpTableService( 1198): isBandwidthControlEnabled() is true
01-01 10:28:13.165 I/TsIpTableCmd( 1198): have sent: 'ACCEPT data 10110'
01-01 10:28:13.165 D/TsIpTableService( 1198): isBandwidthControlEnabled() is true
01-01 10:28:13.165 I/TsIpTableCmd( 1198): have sent: 'ACCEPT wifi 10110'
01-01 10:28:13.165 D/TsIpTableService( 1198): packageName=com.cmcc.homepage, uid=10107
01-01 10:28:13.165 D/TsIpTableService( 1198): isBandwidthControlEnabled() is true
01-01 10:28:13.165 I/TsIpTableCmd( 1198): have sent: 'ACCEPT data 10107'
01-01 10:28:13.165 D/TsIpTableService( 1198): isBandwidthControlEnabled() is true
01-01 10:28:13.165 I/TsIpTableCmd( 1198): have sent: 'ACCEPT wifi 10107'
01-01 10:28:13.165 D/TsIpTableService( 1198): packageName=com.aspire.popular, uid=10118
01-01 10:28:13.165 D/TsIpTableService( 1198): isBandwidthControlEnabled() is true
01-01 10:28:13.166 I/TsIpTableCmd( 1198): have sent: 'ACCEPT data 10118'
01-01 10:28:13.166 D/TsIpTableService( 1198): isBandwidthControlEnabled() is true
01-01 10:28:13.166 I/TsIpTableCmd( 1198): have sent: 'ACCEPT wifi 10118'
01-01 10:28:13.166 D/TsIpTableService( 1198): packageName=com.ss.android.article.news, uid=10111
01-01 10:28:13.166 D/TsIpTableService( 1198): isBandwidthControlEnabled() is true
01-01 10:28:13.166 I/TsIpTableCmd( 1198): have sent: 'ACCEPT data 10111'
01-01 10:28:13.166 D/TsIpTableService( 1198): isBandwidthControlEnabled() is true
01-01 10:28:13.166 I/TsIpTableCmd( 1198): have sent: 'ACCEPT wifi 10111'
01-01 10:28:13.166 D/TsIpTableService( 1198): packageName=com.android.browser, uid=10015
01-01 10:28:13.167 D/TsIpTableService( 1198): isBandwidthControlEnabled() is true
01-01 10:28:13.167 I/TsIpTableCmd( 1198): have sent: 'ACCEPT data 10015'
01-01 10:28:13.167 D/TsIpTableService( 1198): isBandwidthControlEnabled() is true
01-01 10:28:13.167 I/TsIpTableCmd( 1198): have sent: 'ACCEPT wifi 10015'
01-01 10:28:13.167 D/TsIpTableService( 1198): packageName=com.baidu.tieba, uid=10115
01-01 10:28:13.167 D/TsIpTableService( 1198): isBandwidthControlEnabled() is true
01-01 10:28:13.167 I/TsIpTableCmd( 1198): have sent: 'ACCEPT data 10115'
01-01 10:28:13.167 D/TsIpTableService( 1198): isBandwidthControlEnabled() is true
01-01 10:28:13.167 I/TsIpTableCmd( 1198): have sent: 'ACCEPT wifi 10115'
