01-01 10:28:08.376 D/KeyguardViewMediator( 1479): onStartedWakingUp, seq = 1
01-01 10:28:08.376 D/KeyguardViewMediator( 1479): notifyStartedWakingUp
01-01 10:28:08.397 D/KeyguardViewMediator( 1479): notifyScreenOn
01-01 10:28:08.399 D/KeyguardViewMediator( 1479): notifyScreenTurnedOn
01-01 10:28:08.412 D/BatteryMeterView( 1479): level should be =38
01-01 10:28:08.425 V/KeyguardUpdateMonitor( 1479): *** register callback for com.android.keyguard.CarrierText$1@4ca859
01-01 10:28:08.425 V/KeyguardUpdateMonitor( 1479): *** unregister callback for null
01-01 10:28:08.427 D/CarrierText( 1479): updateCarrierText(): 0
01-01 10:28:08.428 E/SmsApplication( 1438): defaultSmsPackage = [com.android.messaging], packageName = [com.android.launcher3]
01-01 10:28:08.428 D/SmsProvider( 1438): Query url=content://sms, match=0
01-01 10:28:08.434 D/FSA0    ( 1555): phone account already exists
01-01 10:28:08.434 D/FSA1    ( 1555): phone account already exists
01-01 10:28:08.434 D/FSA1    ( 1555): >>>remove sim account:1
01-01 10:28:08.434 D/FSA0    ( 1555): >>>remove sim account:0
01-01 10:28:08.434 D/FSA1    ( 1555): mAccount is null
01-01 10:28:08.434 D/FSA0    ( 1555): mAccount is null
01-01 10:28:08.434 D/FSA0    ( 1555): onAction: mPhoneId = 0, action = 11
01-01 10:28:08.434 D/FSA1    ( 1555): onAction: mPhoneId = 1, action = 11
01-01 10:28:08.434 D/FSA0    ( 1555): <<<remove sim account:0
01-01 10:28:08.434 D/FSA1    ( 1555): <<<remove sim account:1
01-01 10:28:08.434 D/FSA0    ( 1555): onAction: mPhoneId = 0, action = 8
01-01 10:28:08.434 D/FSA1    ( 1555): onAction: mPhoneId = 1, action = 8
01-01 10:28:08.434 D/FSA1    ( 1555): onAction: mPhoneId = 1, action = 8
01-01 10:28:08.434 D/FSA0    ( 1555): onAction: mPhoneId = 0, action = 12
01-01 10:28:08.434 V/ContactAccountManager( 1555): getSimAccount
01-01 10:28:08.434 D/FSA1    ( 1555): onAction: mPhoneId = 1, action = 12
01-01 10:28:08.434 V/ContactAccountManager( 1555): AccountsLoaded
01-01 10:28:08.434 V/ContactAccountManager( 1555): getSimAccount
01-01 10:28:08.434 V/ContactAccountManager( 1555): getSimAccount:0:null
01-01 10:28:08.434 V/ContactAccountManager( 1555): AccountsLoaded
01-01 10:28:08.434 D/FSA0    ( 1555): PURGE_CONTACT mAccount = null
01-01 10:28:08.434 V/ContactAccountManager( 1555): getSimAccount:1:null
01-01 10:28:08.434 D/FSA0    ( 1555): >>>purgeContact:0:null
01-01 10:28:08.434 D/FSA1    ( 1555): PURGE_CONTACT mAccount = null
01-01 10:28:08.434 D/FSA0    ( 1555): mAccount is null
01-01 10:28:08.434 D/FSA0    ( 1555): onAction: mPhoneId = 0, action = 10
01-01 10:28:08.434 D/FSA1    ( 1555): >>>purgeContact:1:null
01-01 10:28:08.434 D/FSA1    ( 1555): mAccount is null
01-01 10:28:08.434 D/FSA0    ( 1555): >>>addPhoneAccount
01-01 10:28:08.434 D/FSA1    ( 1555): onAction: mPhoneId = 1, action = 10
01-01 10:28:08.434 D/FSA1    ( 1555): >>>addPhoneAccount
01-01 10:28:08.448 D/        (  332): Observer::Observer()
01-01 10:28:08.448 D/        (  332): XmlStorage::XmlStorage()
01-01 10:28:08.448 D/        (  332): XmlStorage::init()
01-01 10:28:08.453 D/        (  332): /data/sprdinfo/apr.xml file is created
01-01 10:28:08.454 D/        (  332): InotifyThread::Execute()
01-01 10:28:08.454 D/        (  332): ModemThread::Setup()
01-01 10:28:08.454 D/        (  332): ModemThread::Execute()
01-01 10:28:08.454 D/        (  332): InotifyThread::Execute()
01-01 10:28:08.454 D/        (  332): socket_name=modemd, cfd=12
01-01 10:28:08.454 D/MODEMD  (  220): modemd_listenaccept_thread: accept client n=15
01-01 10:28:08.454 D/MODEMD  (  220): modemd_listenaccept_thread: fill 15 to client[3]
01-01 10:28:08.454 D/MODEMD  (  220): modemd_listenaccept_thread: Waiting for new connect ...
01-01 10:28:08.454 D/        (  332): socket_name=wcnd, cfd=14
01-01 10:28:08.524 D/CarrierText( 1479): Getting plmn/spn sticky brdcst /
01-01 10:28:08.525 V/KeyguardUpdateMonitor( 1479): *** register callback for com.sprd.keyguard.CarriersTextLayout$1@9c4fc1e
01-01 10:28:08.526 V/KeyguardUpdateMonitor( 1479): *** unregister callback for null
01-01 10:28:08.526 D/CarriersTextLayout( 1479): updateCarrierText(): 0
01-01 10:28:08.526 D/CarriersTextLayout( 1479): isAllCardsAbsent = false
01-01 10:28:08.526 D/CarriersTextLayout( 1479): isShowFlightMode = false
01-01 10:28:08.531 D/AddonSystemuiUtils( 1479): changeCameraToProfile
01-01 10:28:08.533 V/KeyguardUpdateMonitor( 1479): *** register callback for com.android.keyguard.EmergencyButton$1@240bc2a
01-01 10:28:08.533 V/KeyguardUpdateMonitor( 1479): *** unregister callback for null
01-01 10:28:08.542 D/CellBroadcastReceiver( 2150): onReceive Intent { act=android.intent.action.SERVICE_STATE flg=0x10 cmp=com.android.cellbroadcastreceiver/.CellBroadcastReceiver (has extras) }
01-01 10:28:08.542 D/CellBroadcastReceiver( 2150): Intent ACTION_SERVICE_STATE_CHANGED
01-01 10:28:08.542 D/CellBroadcastReceiver( 2150): subscriptionId = -2
01-01 10:28:08.547 V/BroadcastQueue( 1198): Finished with ordered broadcast BroadcastRecord{6124e5d u-1 android.intent.action.SERVICE_STATE}, [background], remain = 20
01-01 10:28:08.547 D/BatteryMeterView( 1479): level should be =38
01-01 10:28:08.550 W/SyncSimAccountsReceiver( 1555): action = android.intent.action.ACTION_SUBINFO_RECORD_UPDATED
01-01 10:28:08.556 E/SyncSimAccountsReceiver( 1555): action with android.intent.action.ACTION_SUBINFO_RECORD_UPDATED
01-01 10:28:08.569 I/UnreadInfoManagerAddon( 2047): getUnreadMessageCount unreadSms=0
01-01 10:28:08.575 I/InCall  ( 1838): DialerUtils - getActiveSubscriptionInfo: forceReload = true sPermissionFlag = false
01-01 10:28:08.588 E/SmsApplication( 1438): defaultSmsPackage = [com.android.messaging], packageName = [com.android.launcher3]
01-01 10:28:08.603 V/BroadcastQueue( 1198): Finished with ordered broadcast BroadcastRecord{299e3d2 u0 android.intent.action.ACTION_SUBINFO_RECORD_UPDATED}, [background], remain = 19
01-01 10:28:08.607 D/CellBroadcastReceiver( 2150): onReceive Intent { act=android.intent.action.SERVICE_STATE flg=0x10 cmp=com.android.cellbroadcastreceiver/.CellBroadcastReceiver (has extras) }
01-01 10:28:08.607 D/CellBroadcastReceiver( 2150): Intent ACTION_SERVICE_STATE_CHANGED
01-01 10:28:08.607 D/CellBroadcastReceiver( 2150): subscriptionId = -3
01-01 10:28:08.608 I/UnreadInfoManagerAddon( 2047): getUnreadMessageCount unreadMms=0
01-01 10:28:08.610 D/RadioTaskExecutor( 1438): execute sub task : AUTO_SET_DEFAULT_PHONE phoneId = 0
01-01 10:28:08.618 V/BroadcastQueue( 1198): Finished with ordered broadcast BroadcastRecord{e56e442 u-1 android.intent.action.SERVICE_STATE}, [background], remain = 18
01-01 10:28:08.621 W/SyncSimAccountsReceiver( 1555): action = android.intent.action.ACTION_SUBINFO_RECORD_UPDATED
01-01 10:28:08.628 D/OpenGLRenderer( 2047): Use EGL_SWAP_BEHAVIOR_PRESERVED: false
01-01 10:28:08.630 E/SyncSimAccountsReceiver( 1555): action with android.intent.action.ACTION_SUBINFO_RECORD_UPDATED
01-01 10:28:08.634 D/RadioTaskExecutor( 1438): autoSetDefaultPhones: defaultVoiceSubId = -1
01-01 10:28:08.636 I/InCall  ( 1838): DialerUtils - getActiveSubscriptionInfo: forceReload = true sPermissionFlag = true
01-01 10:28:08.661 I/OpenGLRenderer( 1479): Initialized EGL, version 1.4
01-01 10:28:08.662 D/PhoneInterfaceManager( 1438): [PhoneIntfMgr] getDataEnabled: subId=-2 phoneId=-1
01-01 10:28:08.662 E/PhoneInterfaceManager( 1438): [PhoneIntfMgr] getDataEnabled: no phone subId=-2 retVal=false
01-01 10:28:08.662 D/TelephonyManager( 1438): getDataEnabled: retVal=false
01-01 10:28:08.662 D/RadioTaskExecutor( 1438): autoSetDefaultPhones: defaultSmsSubId = -1
01-01 10:28:08.662 D/RadioTaskExecutor( 1438): execute sub task : RADIO_POWER_ON phoneId = 4
01-01 10:28:08.667 V/BroadcastQueue( 1198): Finished with ordered broadcast BroadcastRecord{79822cb u0 android.intent.action.ACTION_SUBINFO_RECORD_UPDATED}, [background], remain = 17
01-01 10:28:08.668 D/PowerManagerService( 1198): acquireWakeLockInternal: lock=53543230, flags=0x1, tag="NetworkStats", ws=null, uid=1000, pid=1198
01-01 10:28:08.669 V/WindowManager( 1198): addWindow: New client android.os.BinderProxy@49cbcc0: window=Window{4bf0df9 u0 com.android.launcher3/com.android.launcher3.Launcher} Callers=com.android.server.wm.Session.addToDisplay:168 android.view.IWindowSession$Stub.onTransact:124 com.android.server.wm.Session.onTransact:130 android.os.Binder.execTransact:478 <bottom of call stack> 
01-01 10:28:08.669 I/RadioInteraction( 1438): powerOnIRadio for Phone0
01-01 10:28:08.669 D/RadioTaskExecutor( 1438): try to power radio on 0 mRadioBusyFlag = 1
01-01 10:28:08.669 D/RadioTaskExecutor( 1438): Not allowed to power on radio 1
01-01 10:28:08.669 D/RadioTaskExecutor( 1438): waiting...
01-01 10:28:08.670 I/RadioInteraction( 1438): MessageHandler handleMessage { when=0 what=3 obj=125000 target=com.android.internal.telephony.policy.RadioInteraction$MessageHandler }
01-01 10:28:08.670 I/RadioInteraction( 1438): powerOnRadioInner for Phone0
01-01 10:28:08.678 D/RadioInteraction( 1438): powerOnRadioInner isAirplaneModeOn = false isStandby = true
01-01 10:28:08.680 D/PowerManagerService( 1198): releaseWakeLockInternal: lock=53543230 [NetworkStats], flags=0x0
01-01 10:28:08.682 D/PowerManagerService( 1198): acquireWakeLockInternal: lock=225459516, flags=0x1, tag="RILJ", ws=null, uid=1001, pid=1438
01-01 10:28:08.682 V/BroadcastQueue( 1198): Finished with ordered broadcast BroadcastRecord{e6b2b3e u0 com.android.server.action.NETWORK_STATS_POLL}, [background], remain = 16
01-01 10:28:08.684 D/PowerManagerService( 1198): releaseWakeLockInternal: lock=180518303 [*alarm*], flags=0x0
01-01 10:28:08.687 I/RadioInteraction( 1438): Powering on radio...
01-01 10:28:08.778 D/KeyguardUpdateMonitor( 1479): received broadcast android.intent.action.BATTERY_CHANGED
01-01 10:28:08.784 D/PhoneStatusBar( 1479): disable: < EXPAND* icons alerts system_info BACK* HOME* RECENT* clock SEARCH* quick_settings >
01-01 10:28:08.790 D/KeyguardUpdateMonitor( 1479): received broadcast android.intent.action.BATTERY_CHANGED
01-01 10:28:08.792 D/KeyguardUpdateMonitor( 1479): received broadcast android.intent.action.SIM_STATE_CHANGED
01-01 10:28:08.792 D/KeyguardUpdateMonitor( 1479): received broadcast android.intent.action.SIM_STATE_CHANGED
01-01 10:28:08.793 D/WifiService( 1198): New client listening to asynchronous messages
01-01 10:28:08.803 D/KeyguardUpdateMonitor( 1479): received broadcast android.media.RINGER_MODE_CHANGED
01-01 10:28:08.804 D/QSTile.AudioProfileTile( 1479): mVolumeModeReceiver: action =android.media.RINGER_MODE_CHANGED now ringMode=2
01-01 10:28:08.805 D/QSTile.AudioProfileTile( 1479): mVolumeModeReceiver: action =android.media.INTERNAL_RINGER_MODE_CHANGED_ACTION now ringMode=2
01-01 10:28:08.868 I/OpenGLRenderer( 2047): Initialized EGL, version 1.4
01-01 10:28:08.887 D/ImsConfigImpl( 1438): handleMessage what:105 msg.obj:null
01-01 10:28:08.889 D/PowerManagerService( 1198): acquireWakeLockInternal: lock=225459516, flags=0x1, tag="RILJ", ws=null, uid=1001, pid=1438
01-01 10:28:08.907 D/LocalBluetoothProfileManager( 1618): Adding local MAP profile
01-01 10:28:08.908 D/ImsConfigImpl( 1438): handleMessage what:105 msg.obj:null
01-01 10:28:08.909 D/PowerManagerService( 1198): acquireWakeLockInternal: lock=176318313, flags=0x1, tag="RILJ", ws=null, uid=1001, pid=1438
01-01 10:28:08.918 D/PowerManagerService( 1198): releaseWakeLockInternal: lock=176318313 [RILJ], flags=0x0
01-01 10:28:08.946 D/BluetoothMap( 1618): Create BluetoothMap proxy object
01-01 10:28:08.996 D/LocalBluetoothProfileManager( 1618): LocalBluetoothProfileManager construction complete
01-01 10:28:09.023 D/AddonManager( 2047): -> getAddon: featureClassName:plugins.sprd.Folder.LauncherUtilsAddon
01-01 10:28:09.023 I/AddonManager( 2047): -> getAddon,The classloader of defClazz is dalvik.system.PathClassLoader[DexPathList[[zip file "/system/priv-app/Launcher3/Launcher3.apk"],nativeLibraryDirectories=[/system/priv-app/Launcher3/lib/arm, /vendor/lib, /system/lib]]]
01-01 10:28:09.023 D/AddonManager( 2047): ->getAddon: Create feature <plugins.sprd.Folder.LauncherUtilsAddon> object Failed, AddonManager will return <class com.android.launcher3.Folderplugins.LauncherUtils> object.
01-01 10:28:09.034 V/BroadcastQueue( 1198): Finished with ordered broadcast BroadcastRecord{c403044 u-1 android.location.MODE_CHANGED}, [background], remain = 15
01-01 10:28:09.050 D/PowerManagerService( 1198): releaseWakeLockInternal: lock=120300290 [GpsLocationProvider], flags=0x0
01-01 10:28:09.053 D/FSA1    ( 1555): phone account already exists
01-01 10:28:09.053 D/FSA1    ( 1555): >>>remove sim account:1
01-01 10:28:09.053 D/FSA1    ( 1555): mAccount is null
01-01 10:28:09.053 D/FSA1    ( 1555): onAction: mPhoneId = 1, action = 11
01-01 10:28:09.054 D/FSA1    ( 1555): <<<remove sim account:1
01-01 10:28:09.054 D/FSA0    ( 1555): phone account already exists
01-01 10:28:09.054 D/FSA0    ( 1555): >>>remove sim account:0
01-01 10:28:09.054 D/FSA0    ( 1555): mAccount is null
01-01 10:28:09.054 D/FSA0    ( 1555): onAction: mPhoneId = 0, action = 11
01-01 10:28:09.054 D/FSA0    ( 1555): <<<remove sim account:0
01-01 10:28:09.064 D/PowerManagerService( 1198): releaseWakeLockInternal: lock=11155495 [*launch*], flags=0x0
01-01 10:28:09.098 V/BroadcastQueue( 1198): Finished with ordered broadcast BroadcastRecord{622947d u-1 android.intent.action.USER_STARTING}, [background], remain = 14
01-01 10:28:09.111 D/Launcher( 2047): bindAppWidget: AppWidget(id=3)
01-01 10:28:09.112 D/Launcher( 2047): bindAppWidget: id=3 belongs to component ComponentInfo{com.android.settings/com.android.settings.widget.SettingsAppWidgetProvider}
01-01 10:28:09.166 D/MediaScannerReceiver( 1456): action: android.intent.action.MEDIA_MOUNTED path: /storage/emulated/0
01-01 10:28:09.186 V/MediaProvider( 1456): pathType = 1
01-01 10:28:09.187 D/MediaScannerReceiver( 1456): scan external volume path: /storage/emulated/0
01-01 10:28:09.187 I/RadioInteraction( 1438): Waiting for radio power on...
01-01 10:28:09.214 D/Launcher( 2047): bound widget id=3 in 103ms
01-01 10:28:09.220 I/ActivityManager( 1198): Start proc 2198:com.sprd.appbackup/u0a46 for broadcast com.sprd.appbackup/.utils.StorageReceiver
01-01 10:28:09.234 D/Launcher( 2047): bindAppWidget: AppWidget(id=4)
01-01 10:28:09.234 D/Launcher( 2047): bindAppWidget: id=4 belongs to component ComponentInfo{com.android.deskclock/com.android.alarmclock.AnalogAppWidgetProvider}
01-01 10:28:09.386 W/KeyguardUpdateMonitor( 1479): invalid subId in handleSimStateChange()
01-01 10:28:09.387 D/KeyguardUpdateMonitor( 1479): handleServiceStateChange(subId=-2, serviceState=3 3 voice home data home null null null null null null  Unknown Unknown CSS not supported -1 -1 RoamInd=-1 DefRoamInd=-1 EmergOnly=false IsDataRoamingFromRegistration=false
01-01 10:28:09.387 W/KeyguardUpdateMonitor( 1479): invalid subId in handleServiceStateChange()
01-01 10:28:09.397 D/MediaScannerService( 1456): onStartCommand: mIndex=1, mRecentId=1
01-01 10:28:09.398 D/CarrierText( 1479): updateCarrierText(): 0
01-01 10:28:09.399 D/CarrierText( 1479): Getting plmn/spn sticky brdcst /
01-01 10:28:09.399 D/CarriersTextLayout( 1479): updateCarrierText(): 0
01-01 10:28:09.399 D/CarriersTextLayout( 1479): isAllCardsAbsent = false
01-01 10:28:09.399 D/CarriersTextLayout( 1479): isShowFlightMode = false
01-01 10:28:09.400 D/KeyguardUpdateMonitor( 1479): handleServiceStateChange(subId=-3, serviceState=3 3 voice home data home null null null null null null  Unknown Unknown CSS not supported -1 -1 RoamInd=-1 DefRoamInd=-1 EmergOnly=false IsDataRoamingFromRegistration=false
01-01 10:28:09.400 W/KeyguardUpdateMonitor( 1479): invalid subId in handleServiceStateChange()
01-01 10:28:09.402 D/CarrierText( 1479): updateCarrierText(): 0
01-01 10:28:09.403 D/CarrierText( 1479): Getting plmn/spn sticky brdcst /
01-01 10:28:09.404 D/CarriersTextLayout( 1479): updateCarrierText(): 0
01-01 10:28:09.404 D/CarriersTextLayout( 1479): isAllCardsAbsent = false
01-01 10:28:09.404 D/CarriersTextLayout( 1479): isShowFlightMode = false
01-01 10:28:09.416 D/Launcher( 2047): bound widget id=4 in 183ms
01-01 10:28:09.443 W/System  ( 2198): ClassLoader referenced unknown path: /system/app/SprdAppBackup/lib/arm
01-01 10:28:09.501 D/MediaScannerService( 1456): start scanning volume external: [/storage/emulated/0]
01-01 10:28:09.548 D/PowerManagerService( 1198): acquireWakeLockInternal: lock=164566376, flags=0x1, tag="MediaScannerService", ws=null, uid=10042, pid=1456
01-01 10:28:09.549 I/SprdAppBackupApplication( 2198): notifyManager.cancelAll()
01-01 10:28:09.554 E/StorageReceiver( 2198): Recevie storage intent: android.intent.action.MEDIA_MOUNTED
01-01 10:28:09.554 E/StorageReceiver( 2198): data = file:///storage/emulated/0
01-01 10:28:09.554 E/StorageReceiver( 2198): scheme = file
01-01 10:28:09.556 V/MediaProvider( 1456): insertInternal: content://media/none/media_scanner, initValues=volume=external ,match=500
01-01 10:28:09.574 E/StorageUitl( 2198): Parsing SECOND_STORAGE_TYPE crashed.
01-01 10:28:09.574 E/StorageUitl( 2198): java.lang.NumberFormatException: Invalid int: "null"
01-01 10:28:09.575 V/MediaProvider( 1456): insertInternal: content://media/, initValues=name=external ,match=300
01-01 10:28:09.582 E/        (  278): drm_ntp:connecting to ntp server
01-01 10:28:09.583 E/        (  278): drm_ntp: CreateNtpClientSockfd sockfd=10
01-01 10:28:09.590 E/        (  278): drm_ntp: get hostname 0.cn.pool.ntp.org address info failed! No address associated with hostname
01-01 10:28:09.590 E/        (  278): drm_ntp: sleep 2s and reconnect...
01-01 10:28:09.594 D/Environment( 2198): internalIsEmulated : true
01-01 10:28:09.595 V/WindowManager( 1198): addWindow: New client android.os.BinderProxy@c21fd81: window=Window{87c6e26 u0 com.android.systemui.ImageWallpaper} Callers=com.android.server.wm.Session.addToDisplay:168 android.view.IWindowSession$Stub.onTransact:124 com.android.server.wm.Session.onTransact:130 android.os.Binder.execTransact:478 <bottom of call stack> 
01-01 10:28:09.611 D/AppBackupActivity( 2198): notifyStorageChanged path = /storage/emulated/0, available = true
01-01 10:28:09.635 I/ActivityManager( 1198): Start proc 2215:com.sprd.engineermode/1000 for broadcast com.sprd.engineermode/.debuglog.slogui.StorageReceiver
01-01 10:28:09.686 D/MediaProvider( 1456): ensureDefaultFolders:externalStoragePaths=[/storage/emulated/0]mPathType=1
01-01 10:28:09.713 D/SprdAppSortAddonStub( 2047): =====SprdAppSortAddonStub   getInstance
01-01 10:28:09.714 D/AddonManager( 2047): -> getAddon: featureClassName:addon.sprd.launcher3.appsort.SprdAppSortAddon
01-01 10:28:09.714 I/AddonManager( 2047): -> getAddon,The classloader of defClazz is dalvik.system.PathClassLoader[DexPathList[[zip file "/system/priv-app/Launcher3/Launcher3.apk"],nativeLibraryDirectories=[/system/priv-app/Launcher3/lib/arm, /vendor/lib, /system/lib]]]
01-01 10:28:09.714 D/AddonManager( 2047): ->getAddon: Create feature <addon.sprd.launcher3.appsort.SprdAppSortAddon> object Failed, AddonManager will return <class com.android.launcher3.SprdAppSortAddonStub> object.
01-01 10:28:09.714 D/SprdAppSortAddonStub( 2047): sortApps :false
01-01 10:28:09.715 D/AddonManager( 2047): -> getAddon: featureClassName:plugins.sprd.Folder.AddonAlphabeticalAppsList
01-01 10:28:09.715 I/AddonManager( 2047): -> getAddon,The classloader of defClazz is dalvik.system.PathClassLoader[DexPathList[[zip file "/system/priv-app/Launcher3/Launcher3.apk"],nativeLibraryDirectories=[/system/priv-app/Launcher3/lib/arm, /vendor/lib, /system/lib]]]
01-01 10:28:09.715 D/AddonManager( 2047): ->getAddon: Create feature <plugins.sprd.Folder.AddonAlphabeticalAppsList> object Failed, AddonManager will return <class com.android.launcher3.Folderplugins.PluginAlphabeticalApplist> object.
01-01 10:28:09.850 I/Choreographer( 1479): Skipped 91 frames!  The application may be doing too much work on its main thread.
01-01 10:28:09.860 V/MediaProvider( 1456): query: uri=content://media/external/file?limit=1000, selection=_id>?
01-01 10:28:09.890 D/gralloc.sc8830(  214): fb_post fps = 0.048489
01-01 10:28:09.903 D/Provider( 2215): =====> onCreate, android.app.Application@1073706
01-01 10:28:09.911 D/SlogStorageReceiver( 2215): StorageReceiver intent: Intent { act=android.intent.action.MEDIA_MOUNTED dat=file:///storage/emulated/0 flg=0x4000010 cmp=com.sprd.engineermode/.debuglog.slogui.StorageReceiver (has extras) }
01-01 10:28:09.917 E/        ( 2215): Parsing SECOND_STORAGE_TYPE crashed.
01-01 10:28:09.917 E/        ( 2215): java.lang.NumberFormatException: Invalid int: "null"
01-01 10:28:09.918 V/MediaProvider( 1456): query: uri=content://media/external/file?limit=1000, selection=_id>?
01-01 10:28:09.926 V/MediaProvider( 1456): query: uri=content://media/external/images/media, selection=null
01-01 10:28:09.939 V/MediaProvider( 1456): query: uri=content://media/external/file?nonotify=1, selection=_data=?
01-01 10:28:09.940 E/        ( 2215): Parsing SECOND_STORAGE_TYPE crashed.
01-01 10:28:09.940 E/        ( 2215): java.lang.NumberFormatException: Invalid int: "null"
01-01 10:28:09.944 D/Environment( 2215): internalIsEmulated : true
01-01 10:28:09.944 D/StorageUitl( 2215): ExternalStoragePath is /storage/sdcard0
01-01 10:28:09.961 V/MediaProvider( 1456): query: uri=content://media/external/file?nonotify=1, selection=_data=?
01-01 10:28:09.978 V/MediaProvider( 1456): query: uri=content://media/external/file?nonotify=1, selection=_data=?
01-01 10:28:09.986 I/ActivityManager( 1198): Start proc 2232:com.sprd.fileexplorer/u0a82 for broadcast com.sprd.fileexplorer/.StorageReceiver
01-01 10:28:09.989 W/PathParser( 1479): Points are too far apart 4.030360828967057
01-01 10:28:09.990 W/PathParser( 1479): Points are too far apart 4.030360538880159
01-01 10:28:09.996 V/MediaProvider( 1456): query: uri=content://media/external/file?nonotify=1, selection=_data=?
01-01 10:28:10.014 V/MediaProvider( 1456): query: uri=content://media/external/file?nonotify=1, selection=_data=?
01-01 10:28:10.023 I/SurfaceFlinger(  214): Boot is finished (21817 ms)
01-01 10:28:10.032 V/MediaProvider( 1456): query: uri=content://media/external/file?nonotify=1, selection=_data=?
01-01 10:28:10.037 D/BatteryMeterView( 1479): level should be =38
01-01 10:28:10.037 D/KeyguardViewMediator( 1479): handleShow
01-01 10:28:10.042 V/MediaProvider( 1456): query: uri=content://media/external/file?nonotify=1, selection=_data=?
01-01 10:28:10.042 V/KeyguardUpdateMonitor( 1479): *** register callback for com.android.keyguard.KeyguardHostView$1@e44e908
01-01 10:28:10.042 V/KeyguardUpdateMonitor( 1479): *** unregister callback for null
01-01 10:28:10.048 V/MediaProvider( 1456): query: uri=content://media/external/file?nonotify=1, selection=_data=?
01-01 10:28:10.054 V/MediaProvider( 1456): query: uri=content://media/external/file?nonotify=1, selection=_data=?
01-01 10:28:10.065 V/MediaProvider( 1456): query: uri=content://media/external/file?nonotify=1, selection=_data=?
01-01 10:28:10.069 V/MediaProvider( 1456): query: uri=content://media/external/file?nonotify=1, selection=_data=?
01-01 10:28:10.072 V/MediaProvider( 1456): query: uri=content://media/external/file?nonotify=1, selection=_data=?
01-01 10:28:10.075 V/MediaProvider( 1456): query: uri=content://media/external/file?nonotify=1, selection=_data=?
01-01 10:28:10.079 V/MediaProvider( 1456): query: uri=content://media/external/file?nonotify=1, selection=_data=?
01-01 10:28:10.082 V/MediaProvider( 1456): query: uri=content://media/external/file?nonotify=1, selection=_data=?
01-01 10:28:10.086 V/MediaProvider( 1456): query: uri=content://media/external/file?nonotify=1, selection=_data=?
01-01 10:28:10.088 V/MediaProvider( 1456): query: uri=content://media/external/file?nonotify=1, selection=_data=?
01-01 10:28:10.091 V/MediaProvider( 1456): query: uri=content://media/external/file?nonotify=1, selection=_data=?
01-01 10:28:10.095 V/MediaProvider( 1456): query: uri=content://media/external/file?nonotify=1, selection=_data=?
01-01 10:28:10.097 V/MediaProvider( 1456): query: uri=content://media/external/file?nonotify=1, selection=_data=?
01-01 10:28:10.100 V/MediaProvider( 1456): query: uri=content://media/external/file?nonotify=1, selection=_data=?
01-01 10:28:10.104 V/MediaProvider( 1456): query: uri=content://media/external/file?nonotify=1, selection=_data=?
01-01 10:28:10.107 V/MediaProvider( 1456): query: uri=content://media/external/file?nonotify=1, selection=_data=?
01-01 10:28:10.111 V/MediaProvider( 1456): query: uri=content://media/external/file?nonotify=1, selection=_data=?
01-01 10:28:10.115 V/MediaProvider( 1456): query: uri=content://media/external/file?nonotify=1, selection=_data=?
01-01 10:28:10.117 V/KeyguardSecurityView( 1479): showPrimarySecurityScreen(turningOff=false)
01-01 10:28:10.117 D/KeyguardSecurityView( 1479): showSecurityScreen(None)
01-01 10:28:10.122 V/MediaProvider( 1456): query: uri=content://media/external/file?nonotify=1, selection=_data=?
01-01 10:28:10.126 V/MediaProvider( 1456): query: uri=content://media/external/file?nonotify=1, selection=_data=?
01-01 10:28:10.130 V/MediaProvider( 1456): update for uri=content://media/external/file/29, initValues=mime_type=null date_modified=1325383239 _size=0 title=.filesizecache is_drm=false, userWhere=null
01-01 10:28:10.153 W/System  ( 2232): ClassLoader referenced unknown path: /system/app/FileExplorer/lib/arm
01-01 10:28:10.161 V/MediaProvider( 1456): query: uri=content://media/external/file?nonotify=1, selection=_data=?
01-01 10:28:10.166 V/MediaProvider( 1456): query: uri=content://media/external/file?nonotify=1, selection=_data=?
01-01 10:28:10.170 V/MediaProvider( 1456): query: uri=content://media/external/file, selection=media_type=2
01-01 10:28:10.175 V/MediaProvider( 1456): query: uri=content://media/external/images/thumbnails, selection=null
01-01 10:28:10.179 V/MediaScanner( 1456): pruneDeadThumbnailFiles... android.database.sqlite.SQLiteCursor@4140151
01-01 10:28:10.187 V/MediaScanner( 1456): /pruneDeadThumbnailFiles... android.database.sqlite.SQLiteCursor@4140151
01-01 10:28:10.188 V/MediaProvider( 1456): delete: uri=content://media/none/media_scanner, userWhere=null ,match=500
01-01 10:28:10.225 D/PhoneStatusBar( 1479): disable: < EXPAND ICONS* alerts SYSTEM_INFO* BACK HOME RECENT clock SEARCH quick_settings >
01-01 10:28:10.258 D/AddonManager( 2232): -> manageFeatureList: The Plugin of <com.sprd.fileexplorer> is <PackageInfo{1073706 com.sprd.fileexploreraddon}> .
01-01 10:28:10.259 D/KeyguardViewBase( 1479): show()
01-01 10:28:10.259 D/AddonManager( 2232): -> getAddon: featureClassName:com.sprd.fileexploreraddon.FileExplorerAppUtilsAddon
01-01 10:28:10.260 I/AddonManager( 2232): -> getAddon,The classloader of defClazz is dalvik.system.PathClassLoader[DexPathList[[zip file "/system/app/FileExplorer/FileExplorer.apk"],nativeLibraryDirectories=[/system/app/FileExplorer/lib/arm, /vendor/lib, /system/lib]]]
01-01 10:28:10.263 V/KeyguardSecurityView( 1479): showPrimarySecurityScreen(turningOff=false)
01-01 10:28:10.263 D/KeyguardSecurityView( 1479): showSecurityScreen(None)
01-01 10:28:10.265 D/AddonManager( 2232): ->getAddon, createAddon pkg: PackageInfo{1073706 com.sprd.fileexploreraddon}, clazz: class com.sprd.fileexploreraddon.FileExplorerAppUtilsAddon, classloader:dalvik.system.PathClassLoader[DexPathList[[zip file "/system/app/FileExplorerDRMAddon/FileExplorerDRMAddon.apk"],nativeLibraryDirectories=[/vendor/lib, /system/lib]]]
01-01 10:28:10.267 D/PhoneStatusBar( 1479): disable: < EXPAND ICONS alerts SYSTEM_INFO BACK HOME RECENT clock SEARCH quick_settings >
01-01 10:28:10.267 D/KeyguardUpdateMonitor( 1479): sendKeyguardVisibilityChanged(true)
01-01 10:28:10.267 D/KeyguardUpdateMonitor( 1479): sendKeyguardBouncerChanged(false)
01-01 10:28:10.270 D/KeyguardMusicManager( 1479): Start SPRD ShakeListener fail, isLockMusicEnabledSetting: false
01-01 10:28:10.271 D/PowerManagerService( 1198): acquireWakeLockInternal: lock=248754811, flags=0x1, tag="ActivityManager-Sleep", ws=null, uid=1000, pid=1198
01-01 10:28:10.275 D/AddonManager( 2232): ->createAddon, wantedClass <class com.sprd.fileexploreraddon.FileExplorerAppUtilsAddon>, pluginContext: android.app.ContextImpl@77a71c7
01-01 10:28:10.284 D/PowerManagerService( 1198): releaseWakeLockInternal: lock=164566376 [MediaScannerService], flags=0x0
01-01 10:28:10.290 D/PhoneInterfaceManager( 1438): [PhoneIntfMgr] getDataEnabled: subId=-2 phoneId=-1
01-01 10:28:10.290 E/PhoneInterfaceManager( 1438): [PhoneIntfMgr] getDataEnabled: no phone subId=-2 retVal=false
01-01 10:28:10.293 D/TelephonyManager( 1479): getDataEnabled: retVal=false
01-01 10:28:10.293 D/QSTile.DataConnectionTile( 1479): dataConnected = false
01-01 10:28:10.300 E/DrmOmaPlugIn(  278): DrmOmaPlugIn::onInitialize : 2971
01-01 10:28:10.300 E/DrmOmaPlugIn(  278): DrmOmaPlugIn::onSetOnInfoListener : 2971
01-01 10:28:10.302 D/MediaScannerService( 1456): done scanning volume external
01-01 10:28:10.308 D/MediaScannerService( 1456): Runnable: mIndex=0, mRecentId=1
01-01 10:28:10.308 D/MediaScannerService( 1456): stopSelf
01-01 10:28:10.309 D/StorageReceiver( 2232): onReceive, mSdcard = false; intent: Intent { act=android.intent.action.MEDIA_MOUNTED dat=file:///storage/emulated/0 flg=0x4000010 cmp=com.sprd.fileexplorer/.StorageReceiver (has extras) }
01-01 10:28:10.312 E/StorageUtilImpl( 2232): Parsing SECOND_STORAGE_TYPE crashed.
01-01 10:28:10.319 D/Environment( 2232): internalIsEmulated : true
01-01 10:28:10.320 D/KeyguardViewMediator( 1479): adjustStatusBarLocked: mShowing=true mOccluded=false isSecure=false --> flags=0x3200000
01-01 10:28:10.324 D/Launcher( 2047): ====  5-screenid = -1   ,container = -1
01-01 10:28:10.328 D/MediaScannerService( 1456): onDestroy
01-01 10:28:10.329 D/StorageUtilImpl( 2232): ExternalStoragePath is /storage/sdcard0
01-01 10:28:10.329 E/StorageReceiver( 2232): whichStorage, path = /storage/emulated/0; getExternalStorage() = /storage/sdcard0
01-01 10:28:10.329 D/StorageUtilImpl( 2232): ExternalStoragePath is /storage/sdcard0
01-01 10:28:10.330 D/PowerManagerService( 1198): releaseWakeLockInternal: lock=248754811 [ActivityManager-Sleep], flags=0x0
01-01 10:28:10.331 D/PowerManagerService( 1198): releaseWakeLockInternal: lock=129777224 [show keyguard], flags=0x0
01-01 10:28:10.333 V/KeyguardDisplayManager( 1479): show
01-01 10:28:10.333 D/KeyguardViewMediator( 1479): handleNotifyWakingUp
01-01 10:28:10.340 D/StorageReceiver( 2232): onReceive, preAvailable = true; mSdcard = false; path = /storage/emulated/0
01-01 10:28:10.341 V/BroadcastQueue( 1198): Finished with ordered broadcast BroadcastRecord{ba57f72 u0 android.intent.action.MEDIA_MOUNTED}, [background], remain = 13
01-01 10:28:10.345 V/KeyguardStatusView( 1479): Enable transport text marquee
01-01 10:28:10.345 D/KeyguardViewMediator( 1479): handleNotifyScreenTurningOn
01-01 10:28:10.346 W/SyncSimAccountsReceiver( 1555): action = sync_sim_fake_boot_completed
01-01 10:28:10.351 E/SyncSimAccountsReceiver( 1555): sync_sim_fake_boot_completed: profileOwner is null
01-01 10:28:10.351 E/SyncSimAccountsReceiver( 1555): sync_sim_fake_boot_completed: switch to Id:0 myId:0
01-01 10:28:10.352 V/BroadcastQueue( 1198): Finished with ordered broadcast BroadcastRecord{c997334 u0 sync_sim_fake_boot_completed}, [background], remain = 12
01-01 10:28:10.353 D/KeyguardViewMediator( 1479): handleNotifyScreenTurnedOn
01-01 10:28:10.353 D/BatteryMeterView( 1479): level should be =38
01-01 10:28:10.353 I/chatty  ( 1198): uid=1000(system) Binder_A expire 8 lines
01-01 10:28:10.353 D/WindowManager( 1198): mKeyguardDelegate.ShowListener.onDrawn.
01-01 10:28:10.354 D/AbsBroadcastReceiver( 1733): intent action = android.intent.action.SIM_STATE_CHANGED
01-01 10:28:10.355 W/WindowManager( 1198): Setting mKeyguardDrawComplete
01-01 10:28:10.354 D/CarriersTextLayout( 1479): updateNetworkName showSpn=false spn=null showPlmn=true plmn= PhoneId=1
01-01 10:28:10.358 W/SyncSimAccountsReceiver( 1555): action = android.intent.action.SIM_STATE_CHANGED
01-01 10:28:10.359 D/WindowManager( 1198): Input focus has changed to null
01-01 10:28:10.364 E/SyncSimAccountsReceiver( 1555): SIM_STATE_CHANGED: state: ABSENT phoneId: 0 subId: -2
01-01 10:28:10.364 D/FSA0    ( 1555): onEvent:0:1:false
01-01 10:28:10.364 D/FSA0    ( 1555): onAction: mPhoneId = 0, action = 9
01-01 10:28:10.365 D/FSA0    ( 1555): onAction: mPhoneId = 0, action = 8
01-01 10:28:10.365 D/FSA0    ( 1555): onAction: mPhoneId = 0, action = 12
01-01 10:28:10.366 V/ContactAccountManager( 1555): getSimAccount
01-01 10:28:10.366 V/ContactAccountManager( 1555): AccountsLoaded
01-01 10:28:10.366 V/ContactAccountManager( 1555): getSimAccount:0:null
01-01 10:28:10.366 D/FSA0    ( 1555): PURGE_CONTACT mAccount = null
01-01 10:28:10.366 D/FSA0    ( 1555): >>>purgeContact:0:null
01-01 10:28:10.366 D/FSA0    ( 1555): mAccount is null
01-01 10:28:10.366 D/FSA0    ( 1555): onAction: mPhoneId = 0, action = 10
01-01 10:28:10.366 D/FSA0    ( 1555): >>>addPhoneAccount
01-01 10:28:10.368 D/KeyguardOperatorForCMCC( 1479): updateNetworkName showSpn=false spn=null showPlmn=true plmn=
01-01 10:28:10.368 D/VoiceMailUpdateReceiver( 1838): onReceive Action: android.intent.action.SIM_STATE_CHANGED
01-01 10:28:10.368 D/CarriersTextLayout( 1479): updateCarrierText(): 0
01-01 10:28:10.368 D/CarriersTextLayout( 1479): isAllCardsAbsent = false
01-01 10:28:10.369 D/CarriersTextLayout( 1479): isShowFlightMode = false
01-01 10:28:10.369 D/BatteryMeterView( 1479): level should be =38
01-01 10:28:10.373 D/CallerInfoUtils( 1838): refreshVoiceMailCache
01-01 10:28:10.373 D/KeyguardUpdateMonitor( 1479): handleBatteryUpdate
01-01 10:28:10.376 D/KeyguardUpdateMonitor( 1479): handleBatteryUpdate
01-01 10:28:10.377 W/KeyguardUpdateMonitor( 1479): invalid subId in handleSimStateChange()
01-01 10:28:10.377 W/KeyguardUpdateMonitor( 1479): invalid subId in handleSimStateChange()
01-01 10:28:10.407 I/chatty  ( 1198): uid=1000(system) Binder_E expire 4 lines
01-01 10:28:10.410 D/CarrierText( 1479): updateCarrierText(): 0
01-01 10:28:10.411 D/CarrierText( 1479): Getting plmn/spn sticky brdcst /
01-01 10:28:10.412 D/CarriersTextLayout( 1479): updateCarrierText(): 0
01-01 10:28:10.412 D/CarriersTextLayout( 1479): isAllCardsAbsent = false
01-01 10:28:10.412 D/CarriersTextLayout( 1479): isShowFlightMode = false
01-01 10:28:10.412 D/KeyguardUpdateMonitor( 1479): handleRingerModeChange(2)
01-01 10:28:10.417 D/FSA0    ( 1555): phone account already exists
01-01 10:28:10.417 D/FSA0    ( 1555): >>>remove sim account:0
01-01 10:28:10.417 D/FSA0    ( 1555): mAccount is null
01-01 10:28:10.417 D/FSA0    ( 1555): onAction: mPhoneId = 0, action = 11
01-01 10:28:10.417 D/FSA0    ( 1555): <<<remove sim account:0
01-01 10:28:10.454 I/Choreographer( 1479): Skipped 35 frames!  The application may be doing too much work on its main thread.
01-01 10:28:10.469 D/AddonManager( 1838): -> manageFeatureList: The Plugin of <com.android.dialer> is <PackageInfo{1073706 com.sprd.dialer.plugin}> .
01-01 10:28:10.469 D/AddonManager( 1838): -> manageFeatureList: The Plugin of <com.android.dialer> is <PackageInfo{77a71c7 com.sprd.mergecallbutton}> .
01-01 10:28:10.469 D/AddonManager( 1838): -> manageFeatureList: The Plugin of <com.android.dialer> is <PackageInfo{4b743f4 com.sprd.incallui.addonInCallUIPlugin}> .
01-01 10:28:10.471 D/AddonManager( 1838): -> manageFeatureList: The Plugin of <com.android.dialer> is <PackageInfo{b74771d com.sprd.incallui.multiPartCallPlugin}> .
01-01 10:28:10.471 D/AddonManager( 1838): -> manageFeatureList: The Plugin of <com.android.dialer> is <PackageInfo{a4fbd92 com.sprd.incallui.callerAddressPlugin}> .
01-01 10:28:10.472 D/AddonManager( 1838): -> manageFeatureList: The Plugin of <com.android.dialer> is <PackageInfo{a26363 com.sprd.dialer.plugins}> .
01-01 10:28:10.472 D/AddonManager( 1838): -> manageFeatureList: The Plugin of <com.android.dialer> is <PackageInfo{feab60 com.sprd.incallui.sendSmsButtonPlugin}> .
01-01 10:28:10.473 D/AddonManager( 1838): -> getAddon: featureClassName:plugin.sprd.CallLogFdnName.AddonFdnNumberPlugin
01-01 10:28:10.473 I/AddonManager( 1838): -> getAddon,The classloader of defClazz is dalvik.system.PathClassLoader[DexPathList[[zip file "/system/priv-app/Dialer/Dialer.apk"],nativeLibraryDirectories=[/system/priv-app/Dialer/lib/arm, /vendor/lib, /system/lib]]]
01-01 10:28:10.473 D/AddonManager( 1838): ->getAddon: Create feature <plugin.sprd.CallLogFdnName.AddonFdnNumberPlugin> object Failed, AddonManager will return <class com.sprd.dialer.plugins.FdnNumberHelper> object.
01-01 10:28:10.473 D/FdnNumberHelper( 1838): refresh FdnList Cache
01-01 10:28:10.486 D/WindowManager( 1198): Input focus has changed to Window{5e89ded u0 StatusBar}
01-01 10:28:10.494 E/SimStateReceiver( 1968): intent:Intent { act=android.intent.action.SIM_STATE_CHANGED flg=0x4000010 cmp=com.sprd.generalsecurity/.network.SimStateReceiver (has extras) }
01-01 10:28:10.503 D/SimSelectNotification( 1618): simstatus = ABSENT
01-01 10:28:10.515 D/SimSelectNotification( 1618): Subscription list is empty
01-01 10:28:10.517 I/SimChangeReceiver( 1438): Sim removed, removing inactive accounts
01-01 10:28:10.521 I/ImsBroadcastReceiver( 1438): ACTION_SIM_STATE_CHANGED.
01-01 10:28:10.524 V/BroadcastQueue( 1198): Finished with ordered broadcast BroadcastRecord{8944ab7 u-1 android.intent.action.SIM_STATE_CHANGED}, [background], remain = 11
01-01 10:28:10.527 D/AbsBroadcastReceiver( 1733): intent action = android.intent.action.SIM_STATE_CHANGED
01-01 10:28:10.535 W/SyncSimAccountsReceiver( 1555): action = android.intent.action.SIM_STATE_CHANGED
01-01 10:28:10.539 E/SyncSimAccountsReceiver( 1555): SIM_STATE_CHANGED: state: ABSENT phoneId: 1 subId: -3
01-01 10:28:10.539 D/FSA1    ( 1555): onEvent:1:1:false
01-01 10:28:10.539 D/FSA1    ( 1555): onAction: mPhoneId = 1, action = 9
01-01 10:28:10.539 D/FSA1    ( 1555): onAction: mPhoneId = 1, action = 8
01-01 10:28:10.539 D/FSA1    ( 1555): onAction: mPhoneId = 1, action = 12
01-01 10:28:10.539 V/ContactAccountManager( 1555): getSimAccount
01-01 10:28:10.539 V/ContactAccountManager( 1555): AccountsLoaded
01-01 10:28:10.539 V/ContactAccountManager( 1555): getSimAccount:1:null
01-01 10:28:10.539 D/FSA1    ( 1555): PURGE_CONTACT mAccount = null
01-01 10:28:10.539 D/FSA1    ( 1555): >>>purgeContact:1:null
01-01 10:28:10.539 D/FSA1    ( 1555): mAccount is null
01-01 10:28:10.539 D/FSA1    ( 1555): onAction: mPhoneId = 1, action = 10
01-01 10:28:10.539 D/FSA1    ( 1555): >>>addPhoneAccount
01-01 10:28:10.542 D/VoiceMailUpdateReceiver( 1838): onReceive Action: android.intent.action.SIM_STATE_CHANGED
01-01 10:28:10.542 D/CallerInfoUtils( 1838): refreshVoiceMailCache
01-01 10:28:10.545 I/chatty  ( 1198): uid=1000(system) Binder_7 expire 3 lines
01-01 10:28:10.546 D/FdnNumberHelper( 1838): refresh FdnList Cache
01-01 10:28:10.548 D/FSA1    ( 1555): phone account already exists
01-01 10:28:10.548 D/FSA1    ( 1555): >>>remove sim account:1
01-01 10:28:10.548 D/FSA1    ( 1555): mAccount is null
01-01 10:28:10.548 D/FSA1    ( 1555): onAction: mPhoneId = 1, action = 11
01-01 10:28:10.548 D/FSA1    ( 1555): <<<remove sim account:1
01-01 10:28:10.549 W/PathParser( 1479): Points are too far apart 4.030360828967057
01-01 10:28:10.549 W/PathParser( 1479): Points are too far apart 4.030360538880159
01-01 10:28:10.566 E/SimStateReceiver( 1968): intent:Intent { act=android.intent.action.SIM_STATE_CHANGED flg=0x4000010 cmp=com.sprd.generalsecurity/.network.SimStateReceiver (has extras) }
01-01 10:28:10.575 D/SimSelectNotification( 1618): simstatus = ABSENT
01-01 10:28:10.581 D/SimSelectNotification( 1618): Subscription list is empty
01-01 10:28:10.586 I/SimChangeReceiver( 1438): Sim removed, removing inactive accounts
01-01 10:28:10.588 I/ImsBroadcastReceiver( 1438): ACTION_SIM_STATE_CHANGED.
01-01 10:28:10.591 V/BroadcastQueue( 1198): Finished with ordered broadcast BroadcastRecord{b98db53 u-1 android.intent.action.SIM_STATE_CHANGED}, [background], remain = 10
01-01 10:28:10.593 W/SyncSimAccountsReceiver( 1555): action = android.intent.action.ACTION_SUBINFO_RECORD_UPDATED
01-01 10:28:10.594 E/SyncSimAccountsReceiver( 1555): action with android.intent.action.ACTION_SUBINFO_RECORD_UPDATED
01-01 10:28:10.600 I/InCall  ( 1838): DialerUtils - getActiveSubscriptionInfo: forceReload = true sPermissionFlag = true
01-01 10:28:10.603 E/Surface ( 1479): getSlotFromBufferLocked: unknown buffer: 0xafbf41a0
01-01 10:28:10.618 V/BroadcastQueue( 1198): Finished with ordered broadcast BroadcastRecord{3d9e820 u0 android.intent.action.ACTION_SUBINFO_RECORD_UPDATED}, [background], remain = 9
01-01 10:28:10.632 D/NuPlayerDriver(  279): stop(0xb4b56ea0)
01-01 10:28:10.632 D/NuPlayerDriver(  279): notifyListener_l(0xb4b56ea0), (8, 0, 0)
01-01 10:28:10.653 I/ActivityManager( 1198): Start proc 2251:com.android.deskclock/1000 for broadcast com.android.deskclock/com.android.alarmclock.AnalogAppWidgetProvider
01-01 10:28:10.661 D/NuPlayerDriver(  279): reset(0xb4b56ea0)
01-01 10:28:10.662 I/SPRDMP3 (  279): onPortFlushPrepare.
01-01 10:28:10.663 D/KeyguardUpdateMonitor( 1479): handleKeyguardReset
01-01 10:28:10.663 I/SPRDMP3 (  279): onPortFlushPrepare.
01-01 10:28:10.664 D/KeyguardUpdateMonitor( 1479): handleKeyguardVisibilityChanged(1)
01-01 10:28:10.664 V/KeyguardStatusView( 1479): refresh statusview showing:true
01-01 10:28:10.664 I/SPRDMP3 (  279): onReset.
01-01 10:28:10.665 D/PowerManagerService( 1198): acquireWakeLockInternal: lock=165955825, flags=0x1, tag="AudioMix", ws=null, uid=1013, pid=0
01-01 10:28:10.670 W/AMessage(  279): failed to post message as target looper for handler 0 is gone.
01-01 10:28:10.670 D/FileCache(  279): wakeUpForDataCopy wr signal
01-01 10:28:10.670 D/FileCache(  279): wakeUpForGetData wr signal
01-01 10:28:10.671 D/FileCache(  279): cleanNomoreData 
01-01 10:28:10.671 D/FileCache(  279): threadLoop read EOS! After Wait, 1
01-01 10:28:10.671 D/FileCache(  279): thread loop exit refcount is 3,count 1
01-01 10:28:10.671 D/NuPlayerDriver(  279): notifyResetComplete(0xb4b56ea0)
01-01 10:28:10.672 V/AudioPolicyManagerSPRD new(  279): releaseOutput() 2
01-01 10:28:10.674 W/AudioFlinger(  279): session id 9 not found for pid 410
01-01 10:28:10.679 V/KeyguardUpdateMonitor( 1479): startListeningForFingerprint()
01-01 10:28:10.680 D/KeyguardUpdateMonitor( 1479): handleKeyguardBouncerChanged(0)
01-01 10:28:10.681 D/PhoneStatusBar( 1479): disable: < expand* ICONS alerts SYSTEM_INFO back* HOME RECENT clock SEARCH quick_settings >
01-01 10:28:10.811 V/WindowManager( 1198): Setting event dispatching to true
01-01 10:28:10.815 I/SystemServiceManager( 1198): Starting phase 1000
01-01 10:28:10.819 D/UsbDeviceManager( 1198): boot completed
01-01 10:28:10.840 I/ActivityManager( 1198): Start proc 2265:com.android.bluetooth/1002 for on-hold
01-01 10:28:10.876 D/BroadcastQueue( 1198): Add broadcastBroadcastRecord{a9280ae u0 android.intent.action.BOOT_COMPLETED} into (background/order), now header = BroadcastRecord{dbf680 u0 android.appwidget.action.APPWIDGET_ENABLED}, size = 10
01-01 10:28:10.897 D/WindowAnimator( 1198): doFrame trace --- before doFrame Post cost:88
01-01 10:28:10.938 D/PowerManagerService( 1198): acquireWakeLockInternal: lock=225459516, flags=0x1, tag="RILJ", ws=null, uid=1001, pid=1438
01-01 10:28:10.943 D/PowerManagerService( 1198): acquireWakeLockInternal: lock=225459516, flags=0x1, tag="RILJ", ws=null, uid=1001, pid=1438
01-01 10:28:10.951 D/PowerManagerService( 1198): acquireWakeLockInternal: lock=225459516, flags=0x1, tag="RILJ", ws=null, uid=1001, pid=1438
01-01 10:28:10.960 D/PowerManagerService( 1198): acquireWakeLockInternal: lock=225459516, flags=0x1, tag="RILJ", ws=null, uid=1001, pid=1438
01-01 10:28:10.963 D/ImsRegister( 1438): [ImsRegister0] handleMessage msg={ when=-32ms what=105 obj=android.os.AsyncResult@9653e1d target=com.spreadtrum.ims.ImsRegister$BaseHandler }
01-01 10:28:10.964 D/ImsRegister( 1438): [ImsRegister0] EVENT_RADIO_STATE_CHANGED -> radio is on
01-01 10:28:10.969 D/PowerManagerService( 1198): releaseWakeLockInternal: lock=225459516 [RILJ], flags=0x0
01-01 10:28:10.973 D/PowerManagerService( 1198): acquireWakeLockInternal: lock=225459516, flags=0x1, tag="RILJ", ws=null, uid=1001, pid=1438
01-01 10:28:10.981 D/PowerManagerService( 1198): acquireWakeLockInternal: lock=225459516, flags=0x1, tag="RILJ", ws=null, uid=1001, pid=1438
01-01 10:28:10.986 D/PowerManagerService( 1198): acquireWakeLockInternal: lock=225459516, flags=0x1, tag="RILJ", ws=null, uid=1001, pid=1438
01-01 10:28:10.988 D/PowerManagerService( 1198): acquireWakeLockInternal: lock=225459516, flags=0x1, tag="RILJ", ws=null, uid=1001, pid=1438
01-01 10:28:10.991 D/PowerManagerService( 1198): acquireWakeLockInternal: lock=225459516, flags=0x1, tag="RILJ", ws=null, uid=1001, pid=1438
01-01 10:28:10.993 D/PowerManagerService( 1198): acquireWakeLockInternal: lock=225459516, flags=0x1, tag="RILJ", ws=null, uid=1001, pid=1438
01-01 10:28:10.995 D/PowerManagerService( 1198): acquireWakeLockInternal: lock=225459516, flags=0x1, tag="RILJ", ws=null, uid=1001, pid=1438
01-01 10:28:10.998 D/PowerManagerService( 1198): acquireWakeLockInternal: lock=225459516, flags=0x1, tag="RILJ", ws=null, uid=1001, pid=1438
01-01 10:28:11.002 D/PowerManagerService( 1198): acquireWakeLockInternal: lock=225459516, flags=0x1, tag="RILJ", ws=null, uid=1001, pid=1438
01-01 10:28:11.007 D/PowerManagerService( 1198): acquireWakeLockInternal: lock=225459516, flags=0x1, tag="RILJ", ws=null, uid=1001, pid=1438
01-01 10:28:11.012 D/PowerManagerService( 1198): acquireWakeLockInternal: lock=225459516, flags=0x1, tag="RILJ", ws=null, uid=1001, pid=1438
01-01 10:28:11.015 D/PowerManagerService( 1198): acquireWakeLockInternal: lock=225459516, flags=0x1, tag="RILJ", ws=null, uid=1001, pid=1438
01-01 10:28:11.016 D/PowerManagerService( 1198): acquireWakeLockInternal: lock=225459516, flags=0x1, tag="RILJ", ws=null, uid=1001, pid=1438
01-01 10:28:11.019 D/PowerManagerService( 1198): acquireWakeLockInternal: lock=225459516, flags=0x1, tag="RILJ", ws=null, uid=1001, pid=1438
01-01 10:28:11.023 D/PowerManagerService( 1198): acquireWakeLockInternal: lock=225459516, flags=0x1, tag="RILJ", ws=null, uid=1001, pid=1438
01-01 10:28:11.027 D/PowerManagerService( 1198): acquireWakeLockInternal: lock=225459516, flags=0x1, tag="RILJ", ws=null, uid=1001, pid=1438
01-01 10:28:11.032 D/PowerManagerService( 1198): acquireWakeLockInternal: lock=225459516, flags=0x1, tag="RILJ", ws=null, uid=1001, pid=1438
01-01 10:28:11.034 D/GlobalConfigManager( 1438): tele config for phone 0: null
01-01 10:28:11.034 D/GlobalConfigManager( 1438): updateEccProperties ECC[0]: eccListFromSim = null mNetworkEccList = null eccListFromCarrierConfig = 
01-01 10:28:11.039 D/GlobalConfigManager( 1438): ril.eccList.real:112,911,000,08,110,118,119,999
01-01 10:28:11.039 D/TeleUtils( 1438): ril.ecclist.real[0]:112,911,000,08,110,118,119,999
01-01 10:28:11.043 D/PowerManagerService( 1198): releaseWakeLockInternal: lock=225459516 [RILJ], flags=0x0
01-01 10:28:11.047 D/GlobalConfigManager( 1438): tele config for phone 0: null
01-01 10:28:11.049 D/TeleUtils( 1438): ril.ecclist.real[0]:112,911,000,08,110,118,119,999
01-01 10:28:11.052 D/GlobalConfigManager( 1438): ril.eccList.fake[0]:
01-01 10:28:11.052 D/TeleUtils( 1438): ril.eccList:112,911,000,08,110,118,119,999
01-01 10:28:11.053 D/GlobalConfigManager( 1438): tele config for phone 1: null
01-01 10:28:11.053 D/GlobalConfigManager( 1438): updateEccProperties ECC[1]: eccListFromSim = null mNetworkEccList = null eccListFromCarrierConfig = 
01-01 10:28:11.054 D/GlobalConfigManager( 1438): ril.eccList.real:112,911,000,08,110,118,119,999
01-01 10:28:11.054 D/TeleUtils( 1438): ril.ecclist.real[1]:112,911,000,08,110,118,119,999
01-01 10:28:11.055 D/GlobalConfigManager( 1438): tele config for phone 1: null
01-01 10:28:11.061 D/TeleUtils( 1438): ril.ecclist.real[1]:112,911,000,08,110,118,119,999
01-01 10:28:11.063 D/GlobalConfigManager( 1438): ril.eccList.fake[1]:
01-01 10:28:11.063 D/TeleUtils( 1438): ril.eccList:112,911,000,08,110,118,119,999
01-01 10:28:11.065 D/PowerManagerService( 1198): acquireWakeLockInternal: lock=225459516, flags=0x1, tag="RILJ", ws=null, uid=1001, pid=1438
01-01 10:28:11.068 W/System  ( 2251): ClassLoader referenced unknown path: /system/app/DeskClock/lib/arm
01-01 10:28:11.069 D/PowerManagerService( 1198): acquireWakeLockInternal: lock=225459516, flags=0x1, tag="RILJ", ws=null, uid=1001, pid=1438
01-01 10:28:11.073 D/TeleUtils( 1438):  changeOperator: old value= 4600
01-01 10:28:11.079 D/TeleUtils( 1438):  changeOperator: itemList length is 1797
01-01 10:28:11.080 D/TeleUtils( 1438): itemList found: parts[0]= 4600 parts[1]= China Mobile  newName= China Mobile
01-01 10:28:11.080 D/TeleUtils( 1438):  changeOperator: old value= 4600
01-01 10:28:11.082 D/PowerManagerService( 1198): releaseWakeLockInternal: lock=225459516 [RILJ], flags=0x0
01-01 10:28:11.087 D/TeleUtils( 1438):  changeOperator: itemList length is 1797
01-01 10:28:11.088 D/TeleUtils( 1438): itemList found: parts[0]= 4600 parts[1]= China Mobile  newName= China Mobile
01-01 10:28:11.108 D/MccTable( 1438): updateMccMncConfiguration mccmnc='46000' fromServiceState=true
01-01 10:28:11.111 D/MccTable( 1438): updateMccMncConfiguration defaultMccMnc=
01-01 10:28:11.111 D/MccTable( 1438): updateMccMncConfiguration: mcc=460, mnc=0
01-01 10:28:11.112 D/MccTable( 1438): WIFI_COUNTRY_CODE set to cn
01-01 10:28:11.118 D/WifiService( 1198): New client listening to asynchronous messages
01-01 10:28:11.118 I/WifiService( 1198): WifiService trying to set country code to cn with persist set to true
01-01 10:28:11.123 I/chatty  ( 1905): uid=1000(system) DxOptBkgThreadP expire 2 lines
