01-01 10:28:13.183 W/ContextImpl( 1905): Calling a method in the system process without a qualified user: android.app.ContextImpl.startService:1221 android.content.ContextWrapper.startService:581 android.content.ContextWrapper.startService:581 com.thundersoft.generalsecure.common.BootReceiver.onReceive:28 android.app.ActivityThread.handleReceiver:2726 
01-01 10:28:13.211 D/PhoneInterfaceManager( 1438): [PhoneIntfMgr] getDataEnabled: subId=-2 phoneId=-1
01-01 10:28:13.211 E/PhoneInterfaceManager( 1438): [PhoneIntfMgr] getDataEnabled: no phone subId=-2 retVal=false
01-01 10:28:13.224 D/PhoneInterfaceManager( 1438): [PhoneIntfMgr] getDataEnabled: subId=-2 phoneId=-1
01-01 10:28:13.224 E/PhoneInterfaceManager( 1438): [PhoneIntfMgr] getDataEnabled: no phone subId=-2 retVal=false
01-01 10:28:13.247 D/ZenLog  ( 1198): set_ringer_mode_external: com.thundersoft.generalsecure,e:normal->normal,i:normal->normal
01-01 10:28:13.261 D/PhoneInterfaceManager( 1438): [PhoneIntfMgr] getDataEnabled: subId=-2 phoneId=-1
01-01 10:28:13.261 E/PhoneInterfaceManager( 1438): [PhoneIntfMgr] getDataEnabled: no phone subId=-2 retVal=false
01-01 10:28:13.267 W/System.err( 1905): 	at android.content.ContextWrapper.unregisterReceiver(ContextWrapper.java:576)
01-01 10:28:13.267 W/System.err( 1905): 	at com.thundersoft.generalsecure.common.b.d.v(TimeRangeRemindManager.java:161)
01-01 10:28:13.267 W/System.err( 1905): 	at com.thundersoft.generalsecure.batteryManager.batteryStatus.c.bK(ModeChange.java:1202)
01-01 10:28:13.267 W/System.err( 1905): 	at com.thundersoft.generalsecure.batteryManager.batteryStatus.a.aS(BatteryAlarm.java:159)
01-01 10:28:13.267 W/System.err( 1905): 	at com.thundersoft.generalsecure.batteryManager.batteryStatus.a.aO(BatteryAlarm.java:59)
01-01 10:28:13.267 W/System.err( 1905): 	at com.thundersoft.generalsecure.common.BootReceiver.onReceive(BootReceiver.java:30)
01-01 10:28:13.267 W/System.err( 1905): 	at android.app.ActivityThread.handleReceiver(ActivityThread.java:2726)
01-01 10:28:13.267 W/System.err( 1905): 	at android.app.ActivityThread.-wrap14(ActivityThread.java)
01-01 10:28:13.267 W/System.err( 1905): 	at android.app.ActivityThread$H.handleMessage(ActivityThread.java:1422)
01-01 10:28:13.267 W/System.err( 1905): 	at android.os.Handler.dispatchMessage(Handler.java:102)
01-01 10:28:13.267 W/System.err( 1905): 	at android.os.Looper.loop(Looper.java:148)
01-01 10:28:13.267 W/System.err( 1905): 	at android.app.ActivityThread.main(ActivityThread.java:5468)
01-01 10:28:13.267 W/System.err( 1905): 	at java.lang.reflect.Method.invoke(Native Method)
01-01 10:28:13.267 W/System.err( 1905): 	at com.android.internal.os.ZygoteInit$MethodAndArgsCaller.run(ZygoteInit.java:781)
01-01 10:28:13.267 W/System.err( 1905): 	at com.android.internal.os.ZygoteInit.main(ZygoteInit.java:671)
01-01 10:28:13.267 W/Settings( 1905): Setting airplane_mode_on has moved from android.provider.Settings.System to android.provider.Settings.Global, returning read-only value.
01-01 10:28:13.269 D/ConnectivityManager( 1905): getMobileDataEnabled()+ subId=-2
01-01 10:28:13.270 D/PhoneInterfaceManager( 1438): [PhoneIntfMgr] getDataEnabled: subId=-2 phoneId=-1
01-01 10:28:13.270 E/PhoneInterfaceManager( 1438): [PhoneIntfMgr] getDataEnabled: no phone subId=-2 retVal=false
01-01 10:28:13.270 D/ConnectivityManager( 1905): getMobileDataEnabled()- subId=-2 retVal=false
01-01 10:28:13.273 D/ModeChange( 1905): persist.sys.vibrate = false
01-01 10:28:13.274 W/Settings( 1905): Setting airplane_mode_on has moved from android.provider.Settings.System to android.provider.Settings.Global, returning read-only value.
01-01 10:28:13.276 D/ConnectivityManager( 1905): getMobileDataEnabled()+ subId=-2
01-01 10:28:13.277 D/PhoneInterfaceManager( 1438): [PhoneIntfMgr] getDataEnabled: subId=-2 phoneId=-1
01-01 10:28:13.278 E/PhoneInterfaceManager( 1438): [PhoneIntfMgr] getDataEnabled: no phone subId=-2 retVal=false
01-01 10:28:13.278 D/ConnectivityManager( 1905): getMobileDataEnabled()- subId=-2 retVal=false
01-01 10:28:13.281 D/ModeChange( 1905): persist.sys.vibrate = false
01-01 10:28:13.281 D/ModeChange( 1905): isAirplaneModeOn = false|isWifiOn = false|isDataConnectedOn = false|isGpsOn = false|isBlueToothOn = true|isAutoSyncOn = true|isTouchModeOn = true|Brightness = 25|isVibrateSilentMode = false|screenTimeout = 60000|isTouchSoundEffectModeOn = true|ringMode = 2|isNfcModeOn = false
01-01 10:28:13.304 I/PhoneKeeperService( 1905): PhoneKeeperService onCreate
01-01 10:28:13.305 I/PhoneKeeperService( 1905): PhoneKeeperService onStartCommand
01-01 10:28:13.307 D/SlotInfo( 1905): before updateSlotInfo slot 0 hasSimCard is false, state is 1
01-01 10:28:13.307 D/SlotInfo( 1905): before updateSlotInfo slot 1 hasSimCard is false, state is 1
01-01 10:28:13.308 D/NAUtils ( 1905): 6.0
01-01 10:28:13.308 D/NAUtils ( 1905): getMethod className is android.telephony.SubscriptionManager , methodName is getSubId
01-01 10:28:13.308 D/NAUtils ( 1905): found method : public static [I android.telephony.SubscriptionManager.getSubId(int)
01-01 10:28:13.309 D/NAUtils ( 1905): getSubId is -2
01-01 10:28:13.309 D/NAUtils ( 1905): getMethod className is android.telephony.TelephonyManager , methodName is getSubscriberId
01-01 10:28:13.309 D/NAUtils ( 1905): found method : public java.lang.String android.telephony.TelephonyManager.getSubscriberId(int)
01-01 10:28:13.311 D/NAUtils ( 1905): getSubscriberId  is null
01-01 10:28:13.313 D/SlotInfo( 1905): after updateSlotInfo slot 0 hasSimCard is false, state is 1
01-01 10:28:13.313 D/SlotInfo( 1905): after updateSlotInfo slot 1 hasSimCard is false, state is 1
01-01 10:28:13.313 D/NetworkWorker( 1905): register sim0EveryMonthFlowClean
01-01 10:28:13.313 D/NAUtils ( 1905): getEveryMonthFlowCleanKey is sim0everyMonthClean
01-01 10:28:13.319 D/a       ( 1905): now : 2012/1/1  dayOfWeek--1  dayOfMonth--1  10:28:13
01-01 10:28:13.319 D/a       ( 1905): next month maxDayofMonth is 29 , remindType.getDayOfMonth() is 1
01-01 10:28:13.319 D/a       ( 1905): next trigger Time will be 2012/2/1  dayOfWeek--4  dayOfMonth--1  0:0:0
01-01 10:28:13.321 D/AlarmManager( 1198): setImpl() action = sim0everyMonthClean, component = null, type = 0, operation = PendingIntent{4adb1fb: PendingIntentRecord{d517218 com.thundersoft.generalsecure broadcastIntent}} tElapsed=2640735623, maxElapsed=4621265872, interval=0, when = 1328025600319, triggerTime = 2012-02-01 00:00:00, flags=0x8
01-01 10:28:13.321 D/PowerGuruService( 1198): NEW_ALARM
01-01 10:28:13.321 D/PowerGuruService( 1198): receive input alarm:
01-01 10:28:13.322 D/PowerGuruService( 1198): alarm info: packageName = com.thundersoft.generalsecure, Action = sim0everyMonthClean, Component = null, type = 0, when = 1328025600319 (2012-02-01 00:00:00), interval = 0, setCount = 1, userSetCount = 0, firstSetTime = 1325384893321 (2012-01-01 10:28:13), isRepeat = false, isFromGMS = false, isAvailable = true, lastSetTime = 2012-01-01 10:28:13, setMinsAlignCount = 0
01-01 10:28:13.322 D/PowerGuruService( 1198): Alarm is not from ThirdParty, is not care about!
01-01 10:28:13.323 D/SlotInfo( 1905): before updateSlotInfo slot 0 hasSimCard is false, state is 1
01-01 10:28:13.323 D/SlotInfo( 1905): before updateSlotInfo slot 1 hasSimCard is false, state is 1
01-01 10:28:13.323 D/NAUtils ( 1905): 6.0
01-01 10:28:13.323 D/NAUtils ( 1905): getMethod className is android.telephony.SubscriptionManager , methodName is getSubId
01-01 10:28:13.323 D/NAUtils ( 1905): found method : public static [I android.telephony.SubscriptionManager.getSubId(int)
01-01 10:28:13.325 D/NAUtils ( 1905): getSubId is -3
01-01 10:28:13.325 D/NAUtils ( 1905): getMethod className is android.telephony.TelephonyManager , methodName is getSubscriberId
01-01 10:28:13.325 D/NAUtils ( 1905): found method : public java.lang.String android.telephony.TelephonyManager.getSubscriberId(int)
01-01 10:28:13.326 D/NAUtils ( 1905): getSubscriberId  is null
01-01 10:28:13.329 D/SlotInfo( 1905): after updateSlotInfo slot 0 hasSimCard is false, state is 1
01-01 10:28:13.329 D/SlotInfo( 1905): after updateSlotInfo slot 1 hasSimCard is false, state is 1
01-01 10:28:13.329 D/NetworkWorker( 1905): register sim1EveryMonthFlowClean
01-01 10:28:13.329 D/NAUtils ( 1905): getEveryMonthFlowCleanKey is sim1everyMonthClean
01-01 10:28:13.333 D/a       ( 1905): now : 2012/1/1  dayOfWeek--1  dayOfMonth--1  10:28:13
01-01 10:28:13.333 D/a       ( 1905): next month maxDayofMonth is 29 , remindType.getDayOfMonth() is 1
01-01 10:28:13.333 D/a       ( 1905): next trigger Time will be 2012/2/1  dayOfWeek--4  dayOfMonth--1  0:0:0
01-01 10:28:13.335 D/AlarmManager( 1198): setImpl() action = sim1everyMonthClean, component = null, type = 0, operation = PendingIntent{cf797c4: PendingIntentRecord{b4186ad com.thundersoft.generalsecure broadcastIntent}} tElapsed=2640735637, maxElapsed=4621265886, interval=0, when = 1328025600333, triggerTime = 2012-02-01 00:00:00, flags=0x8
01-01 10:28:13.335 D/PowerGuruService( 1198): NEW_ALARM
01-01 10:28:13.335 D/PowerGuruService( 1198): receive input alarm:
01-01 10:28:13.336 D/PowerGuruService( 1198): alarm info: packageName = com.thundersoft.generalsecure, Action = sim1everyMonthClean, Component = null, type = 0, when = 1328025600333 (2012-02-01 00:00:00), interval = 0, setCount = 1, userSetCount = 0, firstSetTime = 1325384893335 (2012-01-01 10:28:13), isRepeat = false, isFromGMS = false, isAvailable = true, lastSetTime = 2012-01-01 10:28:13, setMinsAlignCount = 0
01-01 10:28:13.336 D/PowerGuruService( 1198): Alarm is not from ThirdParty, is not care about!
01-01 10:28:13.341 D/b       ( 1905): registerCycleReminder, key : speed_remind, now : now : 2012/1/1  dayOfWeek--1  dayOfMonth--1  10:28:13
01-01 10:28:13.350 D/b       ( 1905): next remind time will be : 2012/1/1  dayOfWeek--1  dayOfMonth--1  10:53:48
01-01 10:28:13.352 D/AlarmManager( 1198): setImpl() action = speed_remind, component = null, type = 1, operation = PendingIntent{3a6573: PendingIntentRecord{db86c30 com.thundersoft.generalsecure broadcastIntent}} tElapsed=1563693, maxElapsed=2913693, interval=1800000, when = 1325386428390, triggerTime = 2012-01-01 10:53:48, flags=0x8
01-01 10:28:13.352 D/PowerGuruService( 1198): NEW_ALARM
01-01 10:28:13.352 D/PowerGuruService( 1198): not a WAKEUP alarm, return!
01-01 10:28:13.354 E/PhoneKeeperService( 1905): ---------------registerTimeSpeedRangeRemind register
01-01 10:28:13.360 D/b       ( 1905): registerCycleReminder, key : flow_remind, now : now : 2012/1/1  dayOfWeek--1  dayOfMonth--1  10:28:13
01-01 10:28:13.362 D/b       ( 1905): next remind time will be : 2012/1/1  dayOfWeek--1  dayOfMonth--1  14:28:13
01-01 10:28:13.364 D/AlarmManager( 1198): setImpl() action = flow_remind, component = null, type = 1, operation = PendingIntent{6701b5c: PendingIntentRecord{b39de65 com.thundersoft.generalsecure broadcastIntent}} tElapsed=14428666, maxElapsed=25228666, interval=14400000, when = 1325399293362, triggerTime = 2012-01-01 14:28:13, flags=0x8
01-01 10:28:13.364 D/PowerGuruService( 1198): NEW_ALARM
01-01 10:28:13.364 D/PowerGuruService( 1198): not a WAKEUP alarm, return!
01-01 10:28:13.367 E/PhoneKeeperService( 1905): ---------------registerTimeFlowUseRangeRemind register
01-01 10:28:13.367 W/ContextImpl( 1905): Calling a method in the system process without a qualified user: android.app.ContextImpl.sendBroadcast:763 android.content.ContextWrapper.sendBroadcast:396 com.thundersoft.generalsecure.common.PhoneKeeperService.onStartCommand:135 android.app.ActivityThread.handleServiceArgs:3011 android.app.ActivityThread.-wrap17:-1 
01-01 10:28:13.368 D/PhoneKeeperService( 1905): updating virus send Broad Already,
01-01 10:28:13.378 D/CommonUtils( 1905): NO FIRST START !
01-01 10:28:13.380 D/NAUtils ( 1905): 6.0
01-01 10:28:13.380 D/NAUtils ( 1905): getMethod className is android.telephony.SubscriptionManager , methodName is getSubId
01-01 10:28:13.380 D/NAUtils ( 1905): found method : public static [I android.telephony.SubscriptionManager.getSubId(int)
01-01 10:28:13.382 D/NAUtils ( 1905): getSubId is -2
01-01 10:28:13.382 D/NAUtils ( 1905): getMethod className is android.telephony.TelephonyManager , methodName is getSubscriberId
01-01 10:28:13.382 D/NAUtils ( 1905): found method : public java.lang.String android.telephony.TelephonyManager.getSubscriberId(int)
01-01 10:28:13.383 D/NAUtils ( 1905): getSubscriberId  is null
01-01 10:28:13.383 D/NAUtils ( 1905): 6.0
01-01 10:28:13.383 D/NAUtils ( 1905): getMethod className is android.telephony.SubscriptionManager , methodName is getSubId
01-01 10:28:13.384 D/NAUtils ( 1905): found method : public static [I android.telephony.SubscriptionManager.getSubId(int)
01-01 10:28:13.385 D/NAUtils ( 1905): getSubId is -3
01-01 10:28:13.385 D/NAUtils ( 1905): getMethod className is android.telephony.TelephonyManager , methodName is getSubscriberId
01-01 10:28:13.385 D/NAUtils ( 1905): found method : public java.lang.String android.telephony.TelephonyManager.getSubscriberId(int)
01-01 10:28:13.387 D/NAUtils ( 1905): getSubscriberId  is null
01-01 10:28:13.389 D/DEBUG   ( 1905): not start powerscreenservice...
01-01 10:28:13.389 D/DEBUG   ( 1905): not start FloatService...
01-01 10:28:13.411 I/ActivityManager( 1198): Start proc 2472:com.android.managedprovisioning/u0a69 for broadcast com.android.managedprovisioning/.BootReminder
01-01 10:28:13.419 D/PhoneKeeperService( 1905): onReceive ACTION_BATTERY_CHANGED currentLevel = 38
01-01 10:28:13.419 D/ModeChange( 1905): isLowBatteryOn = false
01-01 10:28:13.526 W/System  ( 2472): ClassLoader referenced unknown path: /system/priv-app/ManagedProvisioning/lib/arm
01-01 10:28:13.552 D/MediaScannerReceiver( 1456): scan internal volume path: /system/media
01-01 10:28:13.557 D/MediaScannerReceiver( 1456): scan external volume path: /storage/emulated/0
01-01 10:28:13.565 D/MediaScannerService( 1456): onStartCommand: mIndex=1, mRecentId=1
01-01 10:28:13.603 E/        (  278): drm_ntp:connecting to ntp server
01-01 10:28:13.604 E/        (  278): drm_ntp: CreateNtpClientSockfd sockfd=10
01-01 10:28:13.608 E/        (  278): drm_ntp: get hostname 3.tw.pool.ntp.org address info failed! No address associated with hostname
01-01 10:28:13.608 E/        (  278): drm_ntp: sleep 2s and reconnect...
01-01 10:28:13.640 D/AlarmManager( 1198): setImpl() action = com.android.bluetooth.btservice.action.ALARM_WAKEUP, component = null, type = 2, operation = PendingIntent{d919148: PendingIntentRecord{6b4456a com.android.bluetooth broadcastIntent}} tElapsed=927024, maxElapsed=927024, interval=0, when = 1325385791721, triggerTime = 2012-01-01 10:43:11, flags=0x9
01-01 10:28:13.641 D/PowerGuruService( 1198): NEW_ALARM
01-01 10:28:13.641 D/PowerGuruService( 1198): receive input alarm:
01-01 10:28:13.642 D/PowerGuruService( 1198): alarm info: packageName = com.android.bluetooth, Action = com.android.bluetooth.btservice.action.ALARM_WAKEUP, Component = null, type = 2, when = 927024 (2012-01-01 10:43:11), interval = 0, setCount = 1, userSetCount = 0, firstSetTime = 1325384893640 (2012-01-01 10:28:13), isRepeat = false, isFromGMS = false, isAvailable = true, lastSetTime = 2012-01-01 10:28:13, setMinsAlignCount = 0
01-01 10:28:13.642 D/PowerGuruService( 1198): Alarm is not from ThirdParty, is not care about!
01-01 10:28:13.643 D/PowerManagerService( 1198): releaseWakeLockInternal: lock=46950952 [bluedroid_timer], flags=0x0
01-01 10:28:13.665 D/MediaScannerService( 1456): start scanning volume internal: [/system/media, /oem/media]
01-01 10:28:13.665 D/MediaScannerService( 1456): onStartCommand: mIndex=2, mRecentId=2
01-01 10:28:13.667 D/PowerManagerService( 1198): acquireWakeLockInternal: lock=116325345, flags=0x1, tag="MediaScannerService", ws=null, uid=10042, pid=1456
01-01 10:28:13.668 V/MediaProvider( 1456): insertInternal: content://media/none/media_scanner, initValues=volume=internal ,match=500
01-01 10:28:13.670 D/PowerManagerService( 1198): releaseWakeLockInternal: lock=165955825 [AudioMix], flags=0x0
01-01 10:28:13.677 V/MediaProvider( 1456): delete: uri=content://media/none/mtp_connected, userWhere=null ,match=705
01-01 10:28:13.681 V/MediaProvider( 1456): query: uri=content://media/internal/file?limit=1000, selection=_id>?
01-01 10:28:13.696 I/ActivityManager( 1198): Start proc 2527:org.simalliance.openmobileapi.service/u0a41 for broadcast org.simalliance.openmobileapi.service/.SmartcardServiceBootCompletedBroadcastReceiver
01-01 10:28:13.721 V/MediaProvider( 1456): query: uri=content://media/internal/file?limit=1000, selection=_id>?
01-01 10:28:13.727 V/MediaProvider( 1456): query: uri=content://media/internal/images/media, selection=null
01-01 10:28:13.733 V/MediaProvider( 1456): query: uri=content://media/internal/file?nonotify=1, selection=_data=?
01-01 10:28:13.738 V/MediaProvider( 1456): query: uri=content://media/internal/file?nonotify=1, selection=_data=?
01-01 10:28:13.741 V/MediaProvider( 1456): query: uri=content://media/internal/file?nonotify=1, selection=_data=?
01-01 10:28:13.744 V/MediaProvider( 1456): query: uri=content://media/internal/file?nonotify=1, selection=_data=?
01-01 10:28:13.748 V/MediaProvider( 1456): query: uri=content://media/internal/file?nonotify=1, selection=_data=?
01-01 10:28:13.751 V/MediaProvider( 1456): query: uri=content://media/internal/file?nonotify=1, selection=_data=?
01-01 10:28:13.753 V/MediaProvider( 1456): query: uri=content://media/internal/file?nonotify=1, selection=_data=?
01-01 10:28:13.756 V/MediaProvider( 1456): query: uri=content://media/internal/file?nonotify=1, selection=_data=?
01-01 10:28:13.758 V/MediaProvider( 1456): query: uri=content://media/internal/file?nonotify=1, selection=_data=?
01-01 10:28:13.761 V/MediaProvider( 1456): query: uri=content://media/internal/file?nonotify=1, selection=_data=?
01-01 10:28:13.763 V/MediaProvider( 1456): query: uri=content://media/internal/file?nonotify=1, selection=_data=?
01-01 10:28:13.766 V/MediaProvider( 1456): query: uri=content://media/internal/file?nonotify=1, selection=_data=?
01-01 10:28:13.769 V/MediaProvider( 1456): query: uri=content://media/internal/file?nonotify=1, selection=_data=?
01-01 10:28:13.771 V/MediaProvider( 1456): query: uri=content://media/internal/file?nonotify=1, selection=_data=?
01-01 10:28:13.774 V/MediaProvider( 1456): query: uri=content://media/internal/file?nonotify=1, selection=_data=?
01-01 10:28:13.777 V/MediaProvider( 1456): query: uri=content://media/internal/file?nonotify=1, selection=_data=?
01-01 10:28:13.779 V/MediaProvider( 1456): query: uri=content://media/internal/file?nonotify=1, selection=_data=?
01-01 10:28:13.781 V/MediaProvider( 1456): query: uri=content://media/internal/file?nonotify=1, selection=_data=?
01-01 10:28:13.784 V/MediaProvider( 1456): query: uri=content://media/internal/file?nonotify=1, selection=_data=?
01-01 10:28:13.786 V/MediaProvider( 1456): query: uri=content://media/internal/file?nonotify=1, selection=_data=?
01-01 10:28:13.789 V/MediaProvider( 1456): query: uri=content://media/internal/file?nonotify=1, selection=_data=?
01-01 10:28:13.792 V/MediaProvider( 1456): query: uri=content://media/internal/file?nonotify=1, selection=_data=?
01-01 10:28:13.795 V/MediaProvider( 1456): query: uri=content://media/internal/file?nonotify=1, selection=_data=?
01-01 10:28:13.798 V/MediaProvider( 1456): query: uri=content://media/internal/file?nonotify=1, selection=_data=?
01-01 10:28:13.801 V/MediaProvider( 1456): query: uri=content://media/internal/file?nonotify=1, selection=_data=?
01-01 10:28:13.804 V/MediaProvider( 1456): query: uri=content://media/internal/file?nonotify=1, selection=_data=?
01-01 10:28:13.807 V/MediaProvider( 1456): query: uri=content://media/internal/file?nonotify=1, selection=_data=?
01-01 10:28:13.810 V/MediaProvider( 1456): query: uri=content://media/internal/file?nonotify=1, selection=_data=?
01-01 10:28:13.813 V/MediaProvider( 1456): query: uri=content://media/internal/file?nonotify=1, selection=_data=?
01-01 10:28:13.816 V/MediaProvider( 1456): query: uri=content://media/internal/file?nonotify=1, selection=_data=?
01-01 10:28:13.819 V/MediaProvider( 1456): query: uri=content://media/internal/file?nonotify=1, selection=_data=?
01-01 10:28:13.819 W/System  ( 2527): ClassLoader referenced unknown path: /system/app/SmartcardService/lib/arm
01-01 10:28:13.822 V/MediaProvider( 1456): query: uri=content://media/internal/file?nonotify=1, selection=_data=?
01-01 10:28:13.825 V/MediaProvider( 1456): query: uri=content://media/internal/file?nonotify=1, selection=_data=?
01-01 10:28:13.828 V/MediaProvider( 1456): query: uri=content://media/internal/file?nonotify=1, selection=_data=?
01-01 10:28:13.829 V/SmartcardService( 2527): main Received broadcast
01-01 10:28:13.829 V/SmartcardService( 2527): Starting smartcard service after boot completed
01-01 10:28:13.831 V/MediaProvider( 1456): query: uri=content://media/internal/file?nonotify=1, selection=_data=?
01-01 10:28:13.834 V/MediaProvider( 1456): query: uri=content://media/internal/file?nonotify=1, selection=_data=?
01-01 10:28:13.837 V/MediaProvider( 1456): query: uri=content://media/internal/file?nonotify=1, selection=_data=?
01-01 10:28:13.840 V/MediaProvider( 1456): query: uri=content://media/internal/file?nonotify=1, selection=_data=?
01-01 10:28:13.843 V/MediaProvider( 1456): query: uri=content://media/internal/file?nonotify=1, selection=_data=?
01-01 10:28:13.848 I/ActivityManager( 1198): Start proc 2557:org.simalliance.openmobileapi.service:remote/u0a41 for service org.simalliance.openmobileapi.service/.SmartcardService
01-01 10:28:13.850 V/MediaProvider( 1456): query: uri=content://media/internal/file?nonotify=1, selection=_data=?
01-01 10:28:13.858 W/System  ( 1555): ClassLoader referenced unknown path: /system/app/ContactsDefaultContactAddon/lib/arm
01-01 10:28:13.863 V/MediaProvider( 1456): query: uri=content://media/internal/file?nonotify=1, selection=_data=?
01-01 10:28:13.866 V/MediaProvider( 1456): query: uri=content://media/internal/file?nonotify=1, selection=_data=?
01-01 10:28:13.869 D/DefaultContactAddon( 1555): isFirstBoot : false
01-01 10:28:13.871 V/MediaProvider( 1456): query: uri=content://media/internal/file?nonotify=1, selection=_data=?
01-01 10:28:13.874 D/CNBR    ( 2016): Receive action : android.intent.action.BOOT_COMPLETED
01-01 10:28:13.875 D/CNBR    ( 2016): prop = 1
01-01 10:28:13.877 W/ContextImpl( 2016): Calling a method in the system process without a qualified user: android.app.ContextImpl.startService:1221 android.content.ContextWrapper.startService:581 android.content.ContextWrapper.startService:581 com.sprd.customizedNet.CustomizedNetBootReceiver.onReceive:55 android.app.ActivityThread.handleReceiver:2726 
01-01 10:28:13.882 I/art     ( 2016): Rejecting re-init on previously-failed class java.lang.Class<com.sprd.customizedNet.CustomizedNetManager$GeneralSecureManager>
01-01 10:28:13.883 I/art     ( 2016): Rejecting re-init on previously-failed class java.lang.Class<com.sprd.customizedNet.CustomizedNetManager$GeneralSecureManager>
01-01 10:28:13.883 I/art     ( 2016): Rejecting re-init on previously-failed class java.lang.Class<com.sprd.customizedNet.CustomizedNetManager$GeneralSecureManager>
01-01 10:28:13.885 I/art     ( 2016): Rejecting re-init on previously-failed class java.lang.Class<com.sprd.customizedNet.CustomizedNetManager$GeneralSecureManager>
01-01 10:28:13.886 I/art     ( 2016): Rejecting re-init on previously-failed class java.lang.Class<com.sprd.customizedNet.CustomizedNetManager$GeneralSecureManager>
01-01 10:28:13.886 I/art     ( 2016): Rejecting re-init on previously-failed class java.lang.Class<com.sprd.customizedNet.CustomizedNetManager$GeneralSecureManager>
01-01 10:28:13.887 V/AlarmClock( 2251): AlarmInitReceiver android.intent.action.BOOT_COMPLETED
01-01 10:28:13.887 I/art     ( 2016): Rejecting re-init on previously-failed class java.lang.Class<com.sprd.customizedNet.CustomizedNetManager$GeneralSecureManager>
01-01 10:28:13.888 I/art     ( 2016): Rejecting re-init on previously-failed class java.lang.Class<com.sprd.customizedNet.CustomizedNetManager$GeneralSecureManager>
01-01 10:28:13.888 I/art     ( 2016): Rejecting re-init on previously-failed class java.lang.Class<com.sprd.customizedNet.CustomizedNetManager$GeneralSecureManager>
01-01 10:28:13.889 D/CustomizedNet( 2016): onCreate: start cndaemon
01-01 10:28:13.890 V/MediaProvider( 1456): query: uri=content://media/internal/file?nonotify=1, selection=_data=?
01-01 10:28:13.891 D/PowerManagerService( 1198): acquireWakeLockInternal: lock=97042375, flags=0x1, tag="AlarmClock", ws=null, uid=1000, pid=2251
01-01 10:28:13.899 I/art     ( 2016): Rejecting re-init on previously-failed class java.lang.Class<com.sprd.customizedNet.CustomizedNetManager$GeneralSecureManager>
01-01 10:28:13.899 D/AndroidRuntime( 2016): Shutting down VM
--------- beginning of crash
01-01 10:28:13.900 E/AndroidRuntime( 2016): FATAL EXCEPTION: main
01-01 10:28:13.900 E/AndroidRuntime( 2016): Process: com.sprd.customizedNet, PID: 2016
01-01 10:28:13.900 E/AndroidRuntime( 2016): java.lang.NoClassDefFoundError: com.sprd.customizedNet.CustomizedNetManager$GeneralSecureManager
01-01 10:28:13.900 E/AndroidRuntime( 2016): 	at com.sprd.customizedNet.CustomizedNetManager.onCreate(CustomizedNetManager.java:126)
01-01 10:28:13.900 E/AndroidRuntime( 2016): 	at android.app.ActivityThread.handleCreateService(ActivityThread.java:2878)
01-01 10:28:13.900 E/AndroidRuntime( 2016): 	at android.app.ActivityThread.-wrap4(ActivityThread.java)
01-01 10:28:13.900 E/AndroidRuntime( 2016): 	at android.app.ActivityThread$H.handleMessage(ActivityThread.java:1428)
01-01 10:28:13.900 E/AndroidRuntime( 2016): 	at android.os.Handler.dispatchMessage(Handler.java:102)
01-01 10:28:13.900 E/AndroidRuntime( 2016): 	at android.os.Looper.loop(Looper.java:148)
01-01 10:28:13.900 E/AndroidRuntime( 2016): 	at android.app.ActivityThread.main(ActivityThread.java:5468)
01-01 10:28:13.900 E/AndroidRuntime( 2016): 	at java.lang.reflect.Method.invoke(Native Method)
01-01 10:28:13.900 E/AndroidRuntime( 2016): 	at com.android.internal.os.ZygoteInit$MethodAndArgsCaller.run(ZygoteInit.java:781)
01-01 10:28:13.900 E/AndroidRuntime( 2016): 	at com.android.internal.os.ZygoteInit.main(ZygoteInit.java:671)
01-01 10:28:13.903 V/MediaProvider( 1456): query: uri=content://media/internal/file?nonotify=1, selection=_data=?
01-01 10:28:13.905 E/CustomizedNet( 2016): DaemonReceiver: socket connect exception
01-01 10:28:13.905 W/System.err( 2016): java.io.IOException: Connection refused
01-01 10:28:13.907 V/MediaProvider( 1456): query: uri=content://media/internal/file?nonotify=1, selection=_data=?
01-01 10:28:13.911 V/MediaProvider( 1456): query: uri=content://media/internal/file?nonotify=1, selection=_data=?
01-01 10:28:13.913 I/CalendarProvider2( 2384): Sending notification intent: Intent { act=android.intent.action.PROVIDER_CHANGED dat=content://com.android.calendar }
01-01 10:28:13.913 W/ContentResolver( 2384): Failed to get type for: content://com.android.calendar (Unknown URL content://com.android.calendar)
01-01 10:28:13.915 V/MediaProvider( 1456): query: uri=content://media/internal/file?nonotify=1, selection=_data=?
01-01 10:28:13.916 W/System.err( 2016): 	at android.net.LocalSocketImpl.connectLocal(Native Method)
01-01 10:28:13.916 W/System.err( 2016): 	at android.net.LocalSocketImpl.connect(LocalSocketImpl.java:290)
01-01 10:28:13.917 W/System.err( 2016): 	at android.net.LocalSocket.connect(LocalSocket.java:130)
01-01 10:28:13.917 W/System.err( 2016): 	at com.sprd.customizedNet.CustomizedNetManager$DaemonReceiver.run(CustomizedNetManager.java:725)
01-01 10:28:13.917 W/System.err( 2016): 	at java.lang.Thread.run(Thread.java:818)
01-01 10:28:13.917 D/CustomizedNet( 2016): DaemonReceiver: Couldn't find 'iptablesserver' socket; retrying after timeout
01-01 10:28:13.918 V/MediaProvider( 1456): query: uri=content://media/internal/file?nonotify=1, selection=_data=?
01-01 10:28:13.932 V/MediaProvider( 1456): query: uri=content://media/internal/file?nonotify=1, selection=_data=?
01-01 10:28:13.942 V/MediaProvider( 1456): query: uri=content://media/internal/file?nonotify=1, selection=_data=?
01-01 10:28:13.945 V/MediaProvider( 1456): query: uri=content://media/internal/file?nonotify=1, selection=_data=?
01-01 10:28:13.948 V/MediaProvider( 1456): query: uri=content://media/internal/file?nonotify=1, selection=_data=?
01-01 10:28:13.952 V/MediaProvider( 1456): query: uri=content://media/internal/file?nonotify=1, selection=_data=?
01-01 10:28:13.955 V/MediaProvider( 1456): query: uri=content://media/internal/file?nonotify=1, selection=_data=?
01-01 10:28:13.964 D/BroadcastQueue( 1198): Add broadcastBroadcastRecord{7e751d u0 android.intent.action.PROVIDER_CHANGED} into (background/order), now header = BroadcastRecord{a9280ae u0 android.intent.action.BOOT_COMPLETED}, size = 12
01-01 10:28:13.965 I/Process ( 2016): Sending signal. PID: 2016 SIG: 9
01-01 10:28:13.967 D/WCND    (  221): is_cp2_alive_ok: open polling interface: /proc/mdbg/loopcheck, fd = 13
01-01 10:28:13.979 V/AlarmClock( 2251): AlarmInitReceiver - Reset timers and clear stopwatch data
01-01 10:28:13.980 V/MediaProvider( 1456): query: uri=content://media/internal/file?nonotify=1, selection=_data=?
01-01 10:28:13.987 I/ActivityManager( 1198): Process com.sprd.customizedNet (pid 2016) has died
01-01 10:28:13.988 W/ActivityManager( 1198): Re-adding persistent process ProcessRecord{ef4e392 2016:com.sprd.customizedNet/1000}
01-01 10:28:13.989 V/MediaProvider( 1456): query: uri=content://media/internal/file?nonotify=1, selection=_data=?
01-01 10:28:13.994 V/MediaProvider( 1456): query: uri=content://media/internal/file?nonotify=1, selection=_data=?
01-01 10:28:13.998 V/MediaProvider( 1456): query: uri=content://media/internal/file?nonotify=1, selection=_data=?
01-01 10:28:14.008 W/System  ( 2557): ClassLoader referenced unknown path: /system/app/SmartcardService/lib/arm
01-01 10:28:14.010 I/ActivityManager( 1198): Start proc 2594:com.sprd.customizedNet/1000 for restart com.sprd.customizedNet
01-01 10:28:14.011 V/MediaProvider( 1456): query: uri=content://media/internal/file?nonotify=1, selection=_data=?
01-01 10:28:14.014 V/MediaProvider( 1456): query: uri=content://media/internal/file?nonotify=1, selection=_data=?
01-01 10:28:14.019 V/MediaProvider( 1456): query: uri=content://media/internal/file?nonotify=1, selection=_data=?
01-01 10:28:14.032 V/SmartcardService( 2557): main smartcard service onCreate
01-01 10:28:14.045 D/SmartcardService( 2557): Found 1 terminals.
01-01 10:28:14.046 D/SmartcardService( 2557): Check if org.simalliance.openmobileapi.uiccterminal contains a valid Terminal
01-01 10:28:14.047 V/MediaProvider( 1456): query: uri=content://media/internal/file?nonotify=1, selection=_data=?
01-01 10:28:14.052 V/MediaProvider( 1456): query: uri=content://media/internal/file?nonotify=1, selection=_data=?
01-01 10:28:14.057 D/SmartcardService( 2557): Adding terminal SIM1
01-01 10:28:14.059 V/MediaProvider( 1456): query: uri=content://media/internal/file?nonotify=1, selection=_data=?
01-01 10:28:14.065 V/MediaProvider( 1456): query: uri=content://media/internal/file?nonotify=1, selection=_data=?
01-01 10:28:14.068 D/WCND    (  221): is_cp2_alive_ok: loop: /proc/mdbg/loopcheck is OK
01-01 10:28:14.070 V/MediaProvider( 1456): query: uri=content://media/internal/file?nonotify=1, selection=_data=?
01-01 10:28:14.073 V/MediaProvider( 1456): query: uri=content://media/internal/file?nonotify=1, selection=_data=?
01-01 10:28:14.079 I/ActivityManager( 1198): Start proc 2615:org.simalliance.openmobileapi.uiccterminal/u0a63 for service org.simalliance.openmobileapi.uiccterminal/.UiccTerminal
01-01 10:28:14.084 W/System  ( 2594): ClassLoader referenced unknown path: /system/app/CustomizedNet/lib/arm
01-01 10:28:14.087 D/PowerManagerService( 1198): releaseWakeLockInternal: lock=97042375 [AlarmClock], flags=0x0
01-01 10:28:14.088 V/AlarmClock( 2251): AlarmInitReceiver finished
01-01 10:28:14.099 V/MediaProvider( 1456): query: uri=content://media/internal/file?nonotify=1, selection=_data=?
01-01 10:28:14.106 I/ActivityManager( 1198): Start proc 2628:com.android.onetimeinitializer/u0a73 for broadcast com.android.onetimeinitializer/.OneTimeInitializerReceiver
01-01 10:28:14.109 I/ActivityManager( 1198): Killing 1503:com.android.externalstorage/u0a43 (adj 15): empty #17
01-01 10:28:14.123 V/MediaProvider( 1456): query: uri=content://media/internal/file?nonotify=1, selection=_data=?
01-01 10:28:14.126 V/MediaProvider( 1456): query: uri=content://media/internal/file?nonotify=1, selection=_data=?
01-01 10:28:14.129 V/MediaProvider( 1456): query: uri=content://media/internal/file?nonotify=1, selection=_data=?
01-01 10:28:14.136 V/MediaProvider( 1456): query: uri=content://media/internal/file?nonotify=1, selection=_data=?
01-01 10:28:14.139 V/MediaProvider( 1456): query: uri=content://media/internal/file?nonotify=1, selection=_data=?
01-01 10:28:14.144 V/MediaProvider( 1456): query: uri=content://media/internal/file?nonotify=1, selection=_data=?
01-01 10:28:14.152 V/MediaProvider( 1456): query: uri=content://media/internal/file?nonotify=1, selection=_data=?
01-01 10:28:14.155 V/MediaProvider( 1456): query: uri=content://media/internal/file?nonotify=1, selection=_data=?
01-01 10:28:14.158 V/MediaProvider( 1456): query: uri=content://media/internal/file?nonotify=1, selection=_data=?
01-01 10:28:14.161 V/MediaProvider( 1456): query: uri=content://media/internal/file?nonotify=1, selection=_data=?
01-01 10:28:14.164 V/MediaProvider( 1456): query: uri=content://media/internal/file?nonotify=1, selection=_data=?
01-01 10:28:14.167 V/MediaProvider( 1456): query: uri=content://media/internal/file?nonotify=1, selection=_data=?
01-01 10:28:14.170 V/MediaProvider( 1456): query: uri=content://media/internal/file?nonotify=1, selection=_data=?
01-01 10:28:14.172 V/MediaProvider( 1456): query: uri=content://media/internal/file?nonotify=1, selection=_data=?
01-01 10:28:14.175 V/MediaProvider( 1456): query: uri=content://media/internal/file?nonotify=1, selection=_data=?
01-01 10:28:14.178 V/MediaProvider( 1456): query: uri=content://media/internal/file?nonotify=1, selection=_data=?
01-01 10:28:14.180 V/MediaProvider( 1456): query: uri=content://media/internal/file?nonotify=1, selection=_data=?
01-01 10:28:14.183 V/MediaProvider( 1456): query: uri=content://media/internal/file?nonotify=1, selection=_data=?
01-01 10:28:14.185 V/MediaProvider( 1456): query: uri=content://media/internal/file?nonotify=1, selection=_data=?
01-01 10:28:14.188 V/MediaProvider( 1456): query: uri=content://media/internal/file?nonotify=1, selection=_data=?
01-01 10:28:14.191 V/MediaProvider( 1456): query: uri=content://media/internal/file?nonotify=1, selection=_data=?
01-01 10:28:14.193 V/MediaProvider( 1456): query: uri=content://media/internal/file?nonotify=1, selection=_data=?
01-01 10:28:14.196 V/MediaProvider( 1456): query: uri=content://media/internal/file?nonotify=1, selection=_data=?
01-01 10:28:14.199 V/MediaProvider( 1456): query: uri=content://media/internal/file?nonotify=1, selection=_data=?
01-01 10:28:14.201 V/MediaProvider( 1456): query: uri=content://media/internal/file?nonotify=1, selection=_data=?
01-01 10:28:14.204 V/MediaProvider( 1456): query: uri=content://media/internal/file?nonotify=1, selection=_data=?
01-01 10:28:14.206 V/MediaProvider( 1456): query: uri=content://media/internal/file?nonotify=1, selection=_data=?
01-01 10:28:14.209 V/MediaProvider( 1456): query: uri=content://media/internal/file?nonotify=1, selection=_data=?
01-01 10:28:14.211 V/MediaProvider( 1456): query: uri=content://media/internal/file?nonotify=1, selection=_data=?
01-01 10:28:14.214 V/MediaProvider( 1456): query: uri=content://media/internal/file?nonotify=1, selection=_data=?
01-01 10:28:14.218 V/MediaProvider( 1456): query: uri=content://media/internal/file?nonotify=1, selection=_data=?
01-01 10:28:14.221 V/MediaProvider( 1456): query: uri=content://media/internal/file?nonotify=1, selection=_data=?
01-01 10:28:14.223 V/MediaProvider( 1456): query: uri=content://media/internal/file?nonotify=1, selection=_data=?
01-01 10:28:14.226 V/MediaProvider( 1456): query: uri=content://media/internal/file?nonotify=1, selection=_data=?
01-01 10:28:14.228 V/MediaProvider( 1456): query: uri=content://media/internal/file?nonotify=1, selection=_data=?
01-01 10:28:14.231 V/MediaProvider( 1456): query: uri=content://media/internal/file?nonotify=1, selection=_data=?
01-01 10:28:14.233 V/MediaProvider( 1456): query: uri=content://media/internal/file?nonotify=1, selection=_data=?
01-01 10:28:14.236 V/MediaProvider( 1456): query: uri=content://media/internal/file?nonotify=1, selection=_data=?
01-01 10:28:14.238 V/MediaProvider( 1456): query: uri=content://media/internal/file?nonotify=1, selection=_data=?
01-01 10:28:14.241 V/MediaProvider( 1456): query: uri=content://media/internal/file?nonotify=1, selection=_data=?
01-01 10:28:14.244 V/MediaProvider( 1456): query: uri=content://media/internal/file?nonotify=1, selection=_data=?
01-01 10:28:14.246 V/MediaProvider( 1456): query: uri=content://media/internal/file?nonotify=1, selection=_data=?
01-01 10:28:14.249 V/MediaProvider( 1456): query: uri=content://media/internal/file?nonotify=1, selection=_data=?
01-01 10:28:14.251 V/MediaProvider( 1456): query: uri=content://media/internal/file?nonotify=1, selection=_data=?
01-01 10:28:14.253 V/MediaProvider( 1456): query: uri=content://media/internal/file?nonotify=1, selection=_data=?
01-01 10:28:14.256 V/MediaProvider( 1456): query: uri=content://media/internal/file?nonotify=1, selection=_data=?
01-01 10:28:14.259 V/MediaProvider( 1456): query: uri=content://media/internal/file?nonotify=1, selection=_data=?
01-01 10:28:14.262 V/MediaProvider( 1456): query: uri=content://media/internal/file?nonotify=1, selection=_data=?
01-01 10:28:14.264 V/MediaProvider( 1456): query: uri=content://media/internal/file?nonotify=1, selection=_data=?
01-01 10:28:14.267 V/MediaProvider( 1456): query: uri=content://media/internal/file?nonotify=1, selection=_data=?
01-01 10:28:14.269 V/MediaProvider( 1456): query: uri=content://media/internal/file?nonotify=1, selection=_data=?
01-01 10:28:14.271 V/MediaProvider( 1456): query: uri=content://media/internal/file?nonotify=1, selection=_data=?
01-01 10:28:14.274 V/MediaProvider( 1456): query: uri=content://media/internal/file?nonotify=1, selection=_data=?
01-01 10:28:14.277 V/MediaProvider( 1456): query: uri=content://media/internal/file?nonotify=1, selection=_data=?
01-01 10:28:14.279 V/MediaProvider( 1456): query: uri=content://media/internal/file?nonotify=1, selection=_data=?
01-01 10:28:14.282 V/MediaProvider( 1456): query: uri=content://media/internal/file?nonotify=1, selection=_data=?
01-01 10:28:14.284 V/MediaProvider( 1456): query: uri=content://media/internal/file?nonotify=1, selection=_data=?
01-01 10:28:14.287 V/MediaProvider( 1456): query: uri=content://media/internal/file?nonotify=1, selection=_data=?
01-01 10:28:14.289 V/MediaProvider( 1456): query: uri=content://media/internal/file?nonotify=1, selection=_data=?
01-01 10:28:14.292 V/MediaProvider( 1456): query: uri=content://media/internal/file?nonotify=1, selection=_data=?
01-01 10:28:14.294 V/MediaProvider( 1456): query: uri=content://media/internal/file?nonotify=1, selection=_data=?
01-01 10:28:14.297 V/MediaProvider( 1456): query: uri=content://media/internal/file?nonotify=1, selection=_data=?
01-01 10:28:14.299 V/MediaProvider( 1456): query: uri=content://media/internal/file?nonotify=1, selection=_data=?
01-01 10:28:14.302 V/MediaProvider( 1456): query: uri=content://media/internal/file?nonotify=1, selection=_data=?
01-01 10:28:14.304 V/MediaProvider( 1456): query: uri=content://media/internal/file?nonotify=1, selection=_data=?
01-01 10:28:14.307 V/MediaProvider( 1456): query: uri=content://media/internal/file?nonotify=1, selection=_data=?
01-01 10:28:14.310 V/MediaProvider( 1456): query: uri=content://media/internal/file?nonotify=1, selection=_data=?
01-01 10:28:14.313 V/MediaProvider( 1456): query: uri=content://media/internal/file?nonotify=1, selection=_data=?
01-01 10:28:14.316 V/MediaProvider( 1456): query: uri=content://media/internal/file?nonotify=1, selection=_data=?
01-01 10:28:14.318 I/chatty  ( 1198): uid=1000(system) Binder_B expire 6 lines
01-01 10:28:14.319 V/MediaProvider( 1456): query: uri=content://media/internal/file?nonotify=1, selection=_data=?
01-01 10:28:14.324 V/MediaProvider( 1456): query: uri=content://media/internal/file?nonotify=1, selection=_data=?
01-01 10:28:14.328 V/MediaProvider( 1456): query: uri=content://media/internal/file?nonotify=1, selection=_data=?
01-01 10:28:14.331 V/MediaProvider( 1456): query: uri=content://media/internal/file?nonotify=1, selection=_data=?
01-01 10:28:14.337 V/MediaProvider( 1456): query: uri=content://media/internal/file?nonotify=1, selection=_data=?
01-01 10:28:14.340 V/MediaProvider( 1456): query: uri=content://media/internal/file?nonotify=1, selection=_data=?
01-01 10:28:14.342 V/MediaProvider( 1456): query: uri=content://media/internal/file?nonotify=1, selection=_data=?
01-01 10:28:14.345 V/MediaProvider( 1456): query: uri=content://media/internal/file?nonotify=1, selection=_data=?
01-01 10:28:14.347 V/MediaProvider( 1456): query: uri=content://media/internal/file?nonotify=1, selection=_data=?
01-01 10:28:14.350 V/MediaProvider( 1456): query: uri=content://media/internal/file?nonotify=1, selection=_data=?
01-01 10:28:14.352 V/MediaProvider( 1456): query: uri=content://media/internal/file?nonotify=1, selection=_data=?
01-01 10:28:14.355 V/MediaProvider( 1456): query: uri=content://media/internal/file?nonotify=1, selection=_data=?
01-01 10:28:14.357 V/MediaProvider( 1456): query: uri=content://media/internal/file?nonotify=1, selection=_data=?
01-01 10:28:14.360 V/MediaProvider( 1456): query: uri=content://media/internal/file?nonotify=1, selection=_data=?
01-01 10:28:14.362 V/MediaProvider( 1456): query: uri=content://media/internal/file?nonotify=1, selection=_data=?
01-01 10:28:14.365 V/MediaProvider( 1456): query: uri=content://media/internal/file?nonotify=1, selection=_data=?
01-01 10:28:14.368 V/MediaProvider( 1456): query: uri=content://media/internal/file?nonotify=1, selection=_data=?
01-01 10:28:14.370 V/MediaProvider( 1456): query: uri=content://media/internal/file?nonotify=1, selection=_data=?
01-01 10:28:14.372 V/MediaProvider( 1456): query: uri=content://media/internal/file?nonotify=1, selection=_data=?
01-01 10:28:14.375 V/MediaProvider( 1456): query: uri=content://media/internal/file?nonotify=1, selection=_data=?
01-01 10:28:14.378 V/MediaProvider( 1456): query: uri=content://media/internal/file?nonotify=1, selection=_data=?
01-01 10:28:14.381 V/MediaProvider( 1456): query: uri=content://media/internal/file?nonotify=1, selection=_data=?
01-01 10:28:14.385 V/MediaProvider( 1456): query: uri=content://media/internal/file?nonotify=1, selection=_data=?
01-01 10:28:14.391 V/MediaProvider( 1456): query: uri=content://media/internal/file?nonotify=1, selection=_data=?
01-01 10:28:14.394 V/MediaProvider( 1456): query: uri=content://media/internal/file?nonotify=1, selection=_data=?
01-01 10:28:14.398 V/MediaProvider( 1456): query: uri=content://media/internal/file?nonotify=1, selection=_data=?
01-01 10:28:14.402 V/MediaProvider( 1456): query: uri=content://media/internal/file?nonotify=1, selection=_data=?
01-01 10:28:14.405 V/MediaProvider( 1456): query: uri=content://media/internal/file?nonotify=1, selection=_data=?
01-01 10:28:14.409 V/MediaProvider( 1456): query: uri=content://media/internal/file?nonotify=1, selection=_data=?
01-01 10:28:14.413 V/MediaProvider( 1456): query: uri=content://media/internal/file?nonotify=1, selection=_data=?
01-01 10:28:14.414 W/System  ( 2615): ClassLoader referenced unknown path: /system/app/UiccTerminal/lib/arm
01-01 10:28:14.417 V/MediaProvider( 1456): query: uri=content://media/internal/file?nonotify=1, selection=_data=?
01-01 10:28:14.422 V/MediaProvider( 1456): query: uri=content://media/internal/file?nonotify=1, selection=_data=?
01-01 10:28:14.424 W/System  ( 2628): ClassLoader referenced unknown path: /system/priv-app/OneTimeInitializer/lib/arm
01-01 10:28:14.425 V/MediaProvider( 1456): query: uri=content://media/internal/file?nonotify=1, selection=_data=?
01-01 10:28:14.429 V/MediaProvider( 1456): query: uri=content://media/internal/file?nonotify=1, selection=_data=?
01-01 10:28:14.431 V/OneTimeInitializerRece( 2628): OneTimeInitializerReceiver.onReceive
01-01 10:28:14.435 V/MediaProvider( 1456): query: uri=content://media/internal/file?nonotify=1, selection=_data=?
01-01 10:28:14.441 V/MediaProvider( 1456): query: uri=content://media/internal/file?nonotify=1, selection=_data=?
01-01 10:28:14.444 D/BootReceiverGS( 1968): switch false
01-01 10:28:14.444 D/BootReceiverGS( 1968): keyguard_data_switch false
01-01 10:28:14.446 V/MediaProvider( 1456): query: uri=content://media/internal/file?nonotify=1, selection=_data=?
01-01 10:28:14.450 V/MediaProvider( 1456): query: uri=content://media/internal/file?nonotify=1, selection=_data=?
01-01 10:28:14.456 V/MediaProvider( 1456): query: uri=content://media/internal/file?nonotify=1, selection=_data=?
01-01 10:28:14.460 D/Validator_BootCompleteReceiver( 1991): Receive action ::: android.intent.action.BOOT_COMPLETED
01-01 10:28:14.463 V/UiccTerminal( 2615): register to android.intent.action.SIM_STATE_CHANGED event
01-01 10:28:14.466 I/ActivityManager( 1198): Killing 2150:com.android.cellbroadcastreceiver/u0a13 (adj 15): empty #17
01-01 10:28:14.469 V/MediaProvider( 1456): query: uri=content://media/internal/file?nonotify=1, selection=_data=?
01-01 10:28:14.472 V/MediaProvider( 1456): query: uri=content://media/internal/file?nonotify=1, selection=_data=?
01-01 10:28:14.476 V/MediaProvider( 1456): query: uri=content://media/internal/file?nonotify=1, selection=_data=?
01-01 10:28:14.479 V/MediaProvider( 1456): query: uri=content://media/internal/file?nonotify=1, selection=_data=?
01-01 10:28:14.482 V/MediaProvider( 1456): query: uri=content://media/internal/file?nonotify=1, selection=_data=?
01-01 10:28:14.485 V/MediaProvider( 1456): query: uri=content://media/internal/file?nonotify=1, selection=_data=?
01-01 10:28:14.488 V/MediaProvider( 1456): query: uri=content://media/internal/file?nonotify=1, selection=_data=?
01-01 10:28:14.490 V/MediaProvider( 1456): query: uri=content://media/internal/file?nonotify=1, selection=_data=?
01-01 10:28:14.493 V/MediaProvider( 1456): query: uri=content://media/internal/file?nonotify=1, selection=_data=?
01-01 10:28:14.495 V/MediaProvider( 1456): query: uri=content://media/internal/file?nonotify=1, selection=_data=?
01-01 10:28:14.498 V/MediaProvider( 1456): query: uri=content://media/internal/file?nonotify=1, selection=_data=?
01-01 10:28:14.501 V/MediaProvider( 1456): query: uri=content://media/internal/file?nonotify=1, selection=_data=?
01-01 10:28:14.504 V/MediaProvider( 1456): query: uri=content://media/internal/file?nonotify=1, selection=_data=?
01-01 10:28:14.507 V/MediaProvider( 1456): query: uri=content://media/internal/file?nonotify=1, selection=_data=?
01-01 10:28:14.509 V/MediaProvider( 1456): query: uri=content://media/internal/file?nonotify=1, selection=_data=?
01-01 10:28:14.512 V/MediaProvider( 1456): query: uri=content://media/internal/file?nonotify=1, selection=_data=?
01-01 10:28:14.514 V/MediaProvider( 1456): query: uri=content://media/internal/file?nonotify=1, selection=_data=?
01-01 10:28:14.517 V/MediaProvider( 1456): query: uri=content://media/internal/file?nonotify=1, selection=_data=?
01-01 10:28:14.521 V/MediaProvider( 1456): query: uri=content://media/internal/file?nonotify=1, selection=_data=?
01-01 10:28:14.527 V/MediaProvider( 1456): query: uri=content://media/internal/file?nonotify=1, selection=_data=?
01-01 10:28:14.530 V/MediaProvider( 1456): query: uri=content://media/internal/file?nonotify=1, selection=_data=?
01-01 10:28:14.533 V/MediaProvider( 1456): query: uri=content://media/internal/file?nonotify=1, selection=_data=?
01-01 10:28:14.536 V/MediaProvider( 1456): query: uri=content://media/internal/file?nonotify=1, selection=_data=?
01-01 10:28:14.540 I/ActivityManager( 1198): Start proc 2698:com.android.email/u0a75 for broadcast com.android.email/.service.EmailBroadcastReceiver
01-01 10:28:14.548 V/MediaProvider( 1456): query: uri=content://media/internal/file?nonotify=1, selection=_data=?
01-01 10:28:14.553 I/SmartcardService( 2557): Initializing Access Control
01-01 10:28:14.554 V/MediaProvider( 1456): query: uri=content://media/internal/file?nonotify=1, selection=_data=?
01-01 10:28:14.559 V/MediaProvider( 1456): query: uri=content://media/internal/file?nonotify=1, selection=_data=?
01-01 10:28:14.563 V/UiccTerminal( 2615): getIccSlot = 0
01-01 10:28:14.567 V/MediaProvider( 1456): query: uri=content://media/internal/file?nonotify=1, selection=_data=?
01-01 10:28:14.567 I/SmartcardService( 2557): NOT initializing Access Control for SIM1: SE not present.
01-01 10:28:14.568 V/SmartcardService( 2557): register to SE state change event
01-01 10:28:14.577 V/MediaProvider( 1456): query: uri=content://media/internal/file?nonotify=1, selection=_data=?
01-01 10:28:14.580 V/MediaProvider( 1456): query: uri=content://media/internal/file?nonotify=1, selection=_data=?
01-01 10:28:14.583 V/MediaProvider( 1456): query: uri=content://media/internal/file?nonotify=1, selection=_data=?
01-01 10:28:14.586 V/MediaProvider( 1456): query: uri=content://media/internal/file?nonotify=1, selection=_data=?
01-01 10:28:14.589 V/MediaProvider( 1456): query: uri=content://media/internal/file?nonotify=1, selection=_data=?
01-01 10:28:14.592 V/MediaProvider( 1456): query: uri=content://media/internal/file?nonotify=1, selection=_data=?
01-01 10:28:14.595 W/MediaScanner( 1456): Error opening directory '/oem/media/', skipping: No such file or directory.
01-01 10:28:14.595 V/MediaProvider( 1456): delete: uri=content://media/none/media_scanner, userWhere=null ,match=500
