01-01 10:29:10.290 W/audio_hw_primary(  279): vb_control_parameters.c hp_pa_delay_config 0x0 pa_config:0x318(0x318, 0), 0x2100000(fm)(0x0, 210),  hpPaConfig:0x0(0x0, 0), 0x0(fm)(0x0, 0)
01-01 10:29:10.290 W/audio_hw_primary(  279): SetAudio_PaConfig_by_devices out, out_devices:0x2, in_devices:0x0
01-01 10:29:10.290 V/audio_hw_primary(  279): Set 'SPKL Mixer DACLSPKL Switch'.0 to 1
01-01 10:29:10.290 V/audio_hw_primary(  279): Set 'SPKL Mixer DACRSPKL Switch'.0 to 1
01-01 10:29:10.290 D/BroadcastQueue( 1198): Add broadcastBroadcastRecord{ce2950a u0 android.intent.action.USER_PRESENT} into (background/order), now header = BroadcastRecord{ce2950a u0 android.intent.action.USER_PRESENT}, size = 1
01-01 10:29:10.290 V/audio_hw_primary(  279): Set 'Speaker Function'.0 to 1
01-01 10:29:10.290 V/audio_hw_primary(  279): Set 'Mic Function'.0 to 0
01-01 10:29:10.290 V/audio_hw_primary(  279): Set 'ADCL Mixer MainMICADCL Switch'.0 to 0
01-01 10:29:10.290 V/audio_hw_primary(  279): Set 'ADCR Mixer MainMICADCR Switch'.0 to 0
01-01 10:29:10.290 V/audio_hw_primary(  279): Set 'Aux Mic Function'.0 to 0
01-01 10:29:10.290 V/audio_hw_primary(  279): Set 'ADCL Mixer AuxMICADCL Switch'.0 to 0
01-01 10:29:10.290 V/audio_hw_primary(  279): Set 'ADCR Mixer AuxMICADCR Switch'.0 to 0
01-01 10:29:10.290 V/audio_hw_primary(  279): Set 'HP Mic Function'.0 to 0
01-01 10:29:10.290 V/audio_hw_primary(  279): Set 'ADCL Mixer HPMICADCL Switch'.0 to 0
01-01 10:29:10.290 V/audio_hw_primary(  279): Set 'ADCR Mixer HPMICADCR Switch'.0 to 0
01-01 10:29:10.291 V/audio_hw_primary(  279): Set 'Digital FM Function'.0 to 0
01-01 10:29:10.291 V/audio_hw_primary(  279): Set 'DA0 ADDST MUX'.0 to 0
01-01 10:29:10.291 V/audio_hw_primary(  279): Set 'DA1 ADDST MUX'.0 to 0
01-01 10:29:10.291 V/audio_hw_primary(  279): Set 'DA0 ADDFM MUX'.0 to 0
01-01 10:29:10.291 V/audio_hw_primary(  279): Set 'DA1 ADDFM MUX'.0 to 0
01-01 10:29:10.292 W/BroadcastQueue( 1198): Permission Denial: broadcasting Intent { act=android.intent.action.USER_PRESENT flg=0x24000010 } from com.android.systemui (pid=1479, uid=10095) is not exported from uid 10106 due to receiver com.iflytek.inputmethod/.multiprocess.AssistReceiver
01-01 10:29:10.292 V/BroadcastQueue( 1198): Finished with ordered broadcast BroadcastRecord{ce2950a u0 android.intent.action.USER_PRESENT}, [background], remain = 0
01-01 10:29:10.291 V/audio_hw_primary(  279): Set 'AD IISMUX'.0 to 0
01-01 10:29:10.293 V/audio_hw_primary(  279): Set 'HeadPhone Function'.0 to 0
01-01 10:29:10.294 V/audio_hw_primary(  279): Set 'HPL Mixer DACLHPL Switch'.0 to 0
01-01 10:29:10.294 V/audio_hw_primary(  279): Set 'HPR Mixer DACRHPR Switch'.0 to 0
01-01 10:29:10.294 V/audio_hw_primary(  279): Set 'Earpiece Function'.0 to 0
01-01 10:29:10.294 I/vb_effect(  279): s_cur_out_devices(0x00000002), s_cur_in_devices(0x00000000)
01-01 10:29:10.294 I/vb_effect(  279): profile is Handsfree, ret=0
01-01 10:29:10.294 W/audio_hw_primary(  279): GetAudio_gain_by_devices, outmode:3 inmode:3,indev:0x0, outdev:0x2
01-01 10:29:10.294 W/audio_hw_primary(  279): vb_control_parameters.c pa_config:0x318(0x318, 0), 0x2100000(fm)(0x0, 210),  hpPaConfig:0x0(0x0, 0), 0x0(fm)(0x0, 0)
01-01 10:29:10.294 W/audio_hw_primary(  279): vb_control_parameters.c GetAudio_outpga_nv, dac_pga_gain_l:0x801807ca fm_pga_gain_l:0x24a fm_pga_gain_r:0x24a vol_level:0x1 
01-01 10:29:10.294 W/audio_hw_primary(  279): GetAudio_inpga_nv, adc_pga_gain_l:0x902c device:0x0 vol_level:0x1
01-01 10:29:10.294 D/audio_pga(  279): 'speaker-l' apply
01-01 10:29:10.294 D/audio_pga(  279): 'speaker-r' apply
01-01 10:29:10.294 I/SprdUsbSettings( 1618): ACTION_USER_PRESENT is received
01-01 10:29:10.294 W/audio_hw_primary(  279): SetAudio_gain_by_devices out, out_devices:0x2, in_devices:0x0
01-01 10:29:10.294 V/audio_hw_primary(  279): do_select_devices X
01-01 10:29:10.294 I/audio_hw_primary(  279): stream_routing_thread looping done.
01-01 10:29:10.294 I/audio_hw_primary(  279): stream_routing_thread looping now...
01-01 10:29:10.295 D/LightsService( 1198): mid = 4; isBatteryLightOpen = true
01-01 10:29:10.295 D/UsbDeviceManager( 1198): action = android.intent.action.USER_PRESENT
01-01 10:29:10.296 D/UsbDeviceManager( 1198): setEnabledFunctions functions=mass_storage,adb, forceRestart=false
01-01 10:29:10.296 I/UsbDeviceManager( 1198): Trying to setting USB config to mass_storage,adb, mCurrentFunctions = mass_storage,adb
01-01 10:29:10.299 D/WindowManager( 1198): Input focus has changed to Window{4bf0df9 u0 com.android.launcher3/com.android.launcher3.Launcher}
01-01 10:29:10.309 D/PhoneInterfaceManager( 1438): [PhoneIntfMgr] getDataEnabled: subId=-2 phoneId=-1
01-01 10:29:10.309 E/PhoneInterfaceManager( 1438): [PhoneIntfMgr] getDataEnabled: no phone subId=-2 retVal=false
01-01 10:29:10.310 D/TelephonyManager( 1479): getDataEnabled: retVal=false
01-01 10:29:10.312 D/QSTile.DataConnectionTile( 1479): dataConnected = false
01-01 10:29:10.317 D/AudioFlinger(  279): mixer(0xb0380000) throttle end: throttle time(8)
01-01 10:29:10.334 D/KeyguardUpdateMonitor( 1479): handleKeyguardVisibilityChanged(0)
01-01 10:29:10.335 D/PhoneStatusBar( 1479): disable: < expand icons alerts system_info back home* recent* clock search* quick_settings >
01-01 10:29:10.347 D/AudioFlinger(  279): mixer(0xb0380000) throttle end: throttle time(14)
01-01 10:29:10.361 I/PackageManager( 1198): init_copy idx=0: MeasureParams{e8cdff1 com.android.documentsui}
01-01 10:29:10.361 I/PackageManager( 1198): mcs_bound
01-01 10:29:10.361 I/PackageManager( 1198): startCopy UserHandle{0}: MeasureParams{e8cdff1 com.android.documentsui}
01-01 10:29:10.374 D/gralloc.sc8830(  214): fb_post fps = 1.929629
01-01 10:29:10.394 I/PackageManager( 1198): init_copy idx=0: MeasureParams{39cf7d6 com.android.galaxy4}
01-01 10:29:10.394 I/PackageManager( 1198): mcs_bound
01-01 10:29:10.394 I/PackageManager( 1198): startCopy UserHandle{0}: MeasureParams{39cf7d6 com.android.galaxy4}
01-01 10:29:10.428 I/PackageManager( 1198): init_copy idx=0: MeasureParams{2dcea57 com.android.externalstorage}
01-01 10:29:10.428 I/PackageManager( 1198): mcs_bound
01-01 10:29:10.428 I/PackageManager( 1198): startCopy UserHandle{0}: MeasureParams{2dcea57 com.android.externalstorage}
01-01 10:29:10.460 I/PackageManager( 1198): init_copy idx=0: MeasureParams{dc07944 com.android.htmlviewer}
01-01 10:29:10.460 I/PackageManager( 1198): mcs_bound
01-01 10:29:10.460 I/PackageManager( 1198): startCopy UserHandle{0}: MeasureParams{dc07944 com.android.htmlviewer}
01-01 10:29:10.492 I/PackageManager( 1198): init_copy idx=0: MeasureParams{e7e8a2d com.android.quicksearchbox}
01-01 10:29:10.493 I/PackageManager( 1198): mcs_bound
01-01 10:29:10.493 I/PackageManager( 1198): startCopy UserHandle{0}: MeasureParams{e7e8a2d com.android.quicksearchbox}
01-01 10:29:10.522 I/PackageManager( 1198): init_copy idx=0: MeasureParams{5c8bb62 plugin.sprd.logEmergencyCalls}
01-01 10:29:10.523 I/PackageManager( 1198): mcs_bound
01-01 10:29:10.523 I/PackageManager( 1198): startCopy UserHandle{0}: MeasureParams{5c8bb62 plugin.sprd.logEmergencyCalls}
01-01 10:29:10.539 V/AudioPolicyManagerSPRD new(  279): stopOutput() output 2, stream 1, session 11
01-01 10:29:10.539 D/AudioPolicyManagerSPRD new(  279): stopOutput() isVoipSet 0,stream 1,output size 1
01-01 10:29:10.540 I/APM::AudioPolicyManager(  279): checkAndSetVolume() stream FM return 10
01-01 10:29:10.559 I/PackageManager( 1198): init_copy idx=0: MeasureParams{f5bd4f3 com.android.mms.service}
01-01 10:29:10.559 I/PackageManager( 1198): mcs_bound
01-01 10:29:10.559 I/PackageManager( 1198): startCopy UserHandle{0}: MeasureParams{f5bd4f3 com.android.mms.service}
01-01 10:29:10.577 V/BroadcastQueue( 1198): Finished with ordered broadcast BroadcastRecord{a2b8511 u-1 android.intent.action.SCREEN_ON}, [foreground], remain = 1
01-01 10:29:10.578 D/AlarmManager( 1198): setImpl() action = android.intent.action.TIME_TICK, component = null, type = 3, operation = PendingIntent{181b813: PendingIntentRecord{c035a50 android broadcastIntent}} tElapsed=135304, maxElapsed=135304, interval=0, when = 1325385000000, triggerTime = 2012-01-01 10:30:00, flags=0x1
01-01 10:29:10.578 D/PowerGuruService( 1198): NEW_ALARM
01-01 10:29:10.578 D/PowerGuruService( 1198): not a WAKEUP alarm, return!
01-01 10:29:10.578 D/AlarmManagerService( 1198): set alarm to kernel: 135.304000000, type=3 
01-01 10:29:10.581 D/KeyguardUpdateMonitor( 1479): received broadcast android.intent.action.TIME_TICK
01-01 10:29:10.581 D/KeyguardUpdateMonitor( 1479): handleTimeUpdate
01-01 10:29:10.602 I/PackageManager( 1198): init_copy idx=0: MeasureParams{bede5b0 com.sprd.omacp}
01-01 10:29:10.603 I/PackageManager( 1198): mcs_bound
01-01 10:29:10.603 I/PackageManager( 1198): startCopy UserHandle{0}: MeasureParams{bede5b0 com.sprd.omacp}
01-01 10:29:10.635 I/PackageManager( 1198): init_copy idx=0: MeasureParams{6669c29 com.android.providers.downloads}
01-01 10:29:10.635 I/PackageManager( 1198): mcs_bound
01-01 10:29:10.635 I/PackageManager( 1198): startCopy UserHandle{0}: MeasureParams{6669c29 com.android.providers.downloads}
01-01 10:29:10.652 V/BroadcastQueue( 1198): Finished with ordered broadcast BroadcastRecord{3390676 u-1 android.intent.action.TIME_TICK}, [foreground], remain = 0
01-01 10:29:10.652 D/PowerManagerService( 1198): releaseWakeLockInternal: lock=180518303 [*alarm*], flags=0x0
01-01 10:29:10.670 I/PackageManager( 1198): init_copy idx=0: MeasureParams{dfb2bae com.android.messaging}
01-01 10:29:10.670 I/PackageManager( 1198): mcs_bound
01-01 10:29:10.670 I/PackageManager( 1198): startCopy UserHandle{0}: MeasureParams{dfb2bae com.android.messaging}
01-01 10:29:10.693 I/PackageManager( 1198): init_copy idx=0: MeasureParams{1d4cd4f com.sprd.mergecallbutton}
01-01 10:29:10.693 I/PackageManager( 1198): mcs_bound
01-01 10:29:10.693 I/PackageManager( 1198): startCopy UserHandle{0}: MeasureParams{1d4cd4f com.sprd.mergecallbutton}
01-01 10:29:10.717 I/PackageManager( 1198): init_copy idx=0: MeasureParams{843acdc plugin.sprd.addmusicxposed}
01-01 10:29:10.717 I/PackageManager( 1198): mcs_bound
01-01 10:29:10.717 I/PackageManager( 1198): startCopy UserHandle{0}: MeasureParams{843acdc plugin.sprd.addmusicxposed}
01-01 10:29:10.748 I/PackageManager( 1198): init_copy idx=0: MeasureParams{1a3d1e5 com.qihoo.browser}
01-01 10:29:10.748 I/PackageManager( 1198): mcs_bound
01-01 10:29:10.748 I/PackageManager( 1198): startCopy UserHandle{0}: MeasureParams{1a3d1e5 com.qihoo.browser}
01-01 10:29:10.774 I/PackageManager( 1198): init_copy idx=0: MeasureParams{8d254ba com.sprd.incallui.addonInCallUIPlugin}
01-01 10:29:10.775 I/PackageManager( 1198): mcs_bound
01-01 10:29:10.775 I/PackageManager( 1198): startCopy UserHandle{0}: MeasureParams{8d254ba com.sprd.incallui.addonInCallUIPlugin}
01-01 10:29:10.805 I/PackageManager( 1198): init_copy idx=0: MeasureParams{93aef6b com.android.sprd.telephony.server}
01-01 10:29:10.805 I/PackageManager( 1198): mcs_bound
01-01 10:29:10.806 I/PackageManager( 1198): startCopy UserHandle{0}: MeasureParams{93aef6b com.android.sprd.telephony.server}
01-01 10:29:10.822 D/PowerManagerService( 1198): acquireWakeLockInternal: lock=203020676, flags=0x1, tag="*vibrator*", ws=WorkSource{10064}, uid=1000, pid=1198
01-01 10:29:10.833 I/PackageManager( 1198): init_copy idx=0: MeasureParams{accbac8 com.android.browser}
01-01 10:29:10.833 I/PackageManager( 1198): mcs_bound
01-01 10:29:10.833 I/PackageManager( 1198): startCopy UserHandle{0}: MeasureParams{accbac8 com.android.browser}
01-01 10:29:10.866 I/PackageManager( 1198): init_copy idx=0: MeasureParams{8c4a761 com.spreadst.favorites}
01-01 10:29:10.866 I/PackageManager( 1198): mcs_bound
01-01 10:29:10.866 I/PackageManager( 1198): startCopy UserHandle{0}: MeasureParams{8c4a761 com.spreadst.favorites}
01-01 10:29:10.881 I/PackageManager( 1198): init_copy idx=0: MeasureParams{cc10286 com.sprd.drmvideoplugin}
01-01 10:29:10.881 I/PackageManager( 1198): mcs_bound
01-01 10:29:10.881 I/PackageManager( 1198): startCopy UserHandle{0}: MeasureParams{cc10286 com.sprd.drmvideoplugin}
01-01 10:29:10.884 D/InputReader( 1198): processEventsLocked: type=3 Count=3 code=57 value=-1 deviceId=4
01-01 10:29:10.886 D/PowerManagerService( 1198): releaseWakeLockInternal: lock=203020676 [*vibrator*], flags=0x0
01-01 10:29:10.890 W/AudioTrack( 1198): AUDIO_OUTPUT_FLAG_FAST denied by client; transfer 4, track 48000 Hz, output 44100 Hz
01-01 10:29:10.895 V/AudioPolicyManagerSPRD new(  279): startOutput() output 2, stream 1, session 12
01-01 10:29:10.901 W/audio_hw_primary(  279): [out_set_parameters], kvpairs=routing=2 devices:0x2 mode:0 
01-01 10:29:10.901 V/audio_hw_primary(  279): [out_set_parameters],after str_parms_get_str,val(0x2) 
01-01 10:29:10.901 W/audio_hw_primary(  279): the same devices(0x2) with val(0x2) val is zero...
01-01 10:29:10.901 V/audio_hw_primary(  279): out_set_parameters out...call_start:0
01-01 10:29:10.902 I/APM::AudioPolicyManager(  279): checkAndSetVolume() stream FM return 10
01-01 10:29:10.902 D/AudioPolicyManagerSPRD new(  279): startOutput() isVoipSet 0,stream 1,
01-01 10:29:10.909 I/PackageManager( 1198): init_copy idx=0: MeasureParams{6971747 com.android.soundrecorder}
01-01 10:29:10.909 I/PackageManager( 1198): mcs_bound
01-01 10:29:10.909 I/PackageManager( 1198): startCopy UserHandle{0}: MeasureParams{6971747 com.android.soundrecorder}
01-01 10:29:10.938 I/PackageManager( 1198): init_copy idx=0: MeasureParams{f56bb74 plugin.sprd.contactsdefaultcontact}
01-01 10:29:10.938 I/PackageManager( 1198): mcs_bound
01-01 10:29:10.939 I/PackageManager( 1198): startCopy UserHandle{0}: MeasureParams{f56bb74 plugin.sprd.contactsdefaultcontact}
01-01 10:29:10.959 D/AudioFlinger(  279): mixer(0xb0380000) throttle end: throttle time(4)
01-01 10:29:10.970 I/PackageManager( 1198): init_copy idx=0: MeasureParams{4c3589d com.android.defcontainer}
01-01 10:29:10.970 I/PackageManager( 1198): mcs_bound
01-01 10:29:10.971 I/PackageManager( 1198): startCopy UserHandle{0}: MeasureParams{4c3589d com.android.defcontainer}
01-01 10:29:10.995 I/PackageManager( 1198): init_copy idx=0: MeasureParams{29ac112 plugin.sprd.simlock}
01-01 10:29:10.996 I/PackageManager( 1198): mcs_bound
01-01 10:29:10.996 I/PackageManager( 1198): startCopy UserHandle{0}: MeasureParams{29ac112 plugin.sprd.simlock}
01-01 10:29:11.038 I/PackageManager( 1198): init_copy idx=0: MeasureParams{8a3e0e3 com.android.providers.downloads.ui}
01-01 10:29:11.038 I/PackageManager( 1198): mcs_bound
01-01 10:29:11.039 I/PackageManager( 1198): startCopy UserHandle{0}: MeasureParams{8a3e0e3 com.android.providers.downloads.ui}
01-01 10:29:11.067 I/PackageManager( 1198): init_copy idx=0: MeasureParams{ede1ae0 com.android.pacprocessor}
01-01 10:29:11.067 I/PackageManager( 1198): mcs_bound
01-01 10:29:11.067 I/PackageManager( 1198): startCopy UserHandle{0}: MeasureParams{ede1ae0 com.android.pacprocessor}
01-01 10:29:11.091 I/PackageManager( 1198): init_copy idx=0: MeasureParams{a01e199 com.sprd.validationtools}
01-01 10:29:11.092 I/PackageManager( 1198): mcs_bound
01-01 10:29:11.092 I/PackageManager( 1198): startCopy UserHandle{0}: MeasureParams{a01e199 com.sprd.validationtools}
01-01 10:29:11.114 I/PackageManager( 1198): init_copy idx=0: MeasureParams{adfdc5e addon.sprd.browser.useragent}
01-01 10:29:11.114 I/PackageManager( 1198): mcs_bound
01-01 10:29:11.114 I/PackageManager( 1198): startCopy UserHandle{0}: MeasureParams{adfdc5e addon.sprd.browser.useragent}
01-01 10:29:11.119 V/AudioPolicyManagerSPRD new(  279): stopOutput() output 2, stream 1, session 12
01-01 10:29:11.119 D/AudioPolicyManagerSPRD new(  279): stopOutput() isVoipSet 0,stream 1,output size 1
01-01 10:29:11.119 I/APM::AudioPolicyManager(  279): checkAndSetVolume() stream FM return 10
01-01 10:29:11.145 I/PackageManager( 1198): init_copy idx=0: MeasureParams{529a83f com.android.certinstaller}
01-01 10:29:11.145 I/PackageManager( 1198): mcs_bound
01-01 10:29:11.145 I/PackageManager( 1198): startCopy UserHandle{0}: MeasureParams{529a83f com.android.certinstaller}
01-01 10:29:11.171 I/PackageManager( 1198): init_copy idx=0: MeasureParams{3ba050c addon.sprd.AddonDeskClockStreamMedia}
01-01 10:29:11.171 I/PackageManager( 1198): mcs_bound
01-01 10:29:11.171 I/PackageManager( 1198): startCopy UserHandle{0}: MeasureParams{3ba050c addon.sprd.AddonDeskClockStreamMedia}
01-01 10:29:11.202 I/PackageManager( 1198): init_copy idx=0: MeasureParams{705fe55 com.android.carrierconfig}
01-01 10:29:11.202 I/PackageManager( 1198): mcs_bound
01-01 10:29:11.202 I/PackageManager( 1198): startCopy UserHandle{0}: MeasureParams{705fe55 com.android.carrierconfig}
01-01 10:29:11.235 I/PackageManager( 1198): init_copy idx=0: MeasureParams{bc9606a com.spreadtrum.reverse}
01-01 10:29:11.235 I/PackageManager( 1198): mcs_bound
01-01 10:29:11.236 I/PackageManager( 1198): startCopy UserHandle{0}: MeasureParams{bc9606a com.spreadtrum.reverse}
01-01 10:29:11.265 I/PackageManager( 1198): init_copy idx=0: MeasureParams{c1a895b android}
01-01 10:29:11.265 I/PackageManager( 1198): mcs_bound
01-01 10:29:11.265 I/PackageManager( 1198): startCopy UserHandle{0}: MeasureParams{c1a895b android}
01-01 10:29:11.267 W/installd(  284): Failed to open /data/data/android: No such file or directory
01-01 10:29:11.295 I/PackageManager( 1198): init_copy idx=0: MeasureParams{48865f8 com.android.contacts}
01-01 10:29:11.295 I/PackageManager( 1198): mcs_bound
01-01 10:29:11.295 I/PackageManager( 1198): startCopy UserHandle{0}: MeasureParams{48865f8 com.android.contacts}
01-01 10:29:11.326 I/PackageManager( 1198): init_copy idx=0: MeasureParams{2f52ad1 com.android.camera2}
01-01 10:29:11.326 I/PackageManager( 1198): mcs_bound
01-01 10:29:11.326 I/PackageManager( 1198): startCopy UserHandle{0}: MeasureParams{2f52ad1 com.android.camera2}
01-01 10:29:11.357 I/PackageManager( 1198): init_copy idx=0: MeasureParams{4151936 com.baidu.searchbox}
01-01 10:29:11.357 I/PackageManager( 1198): mcs_bound
01-01 10:29:11.357 I/PackageManager( 1198): startCopy UserHandle{0}: MeasureParams{4151936 com.baidu.searchbox}
01-01 10:29:11.384 I/PackageManager( 1198): init_copy idx=0: MeasureParams{6e6037 plugin.sprd.keyguardoperator}
01-01 10:29:11.384 I/PackageManager( 1198): mcs_bound
01-01 10:29:11.384 I/PackageManager( 1198): startCopy UserHandle{0}: MeasureParams{6e6037 plugin.sprd.keyguardoperator}
01-01 10:29:11.391 D/gralloc.sc8830(  214): fb_post fps = 43.278866
01-01 10:29:11.412 I/PackageManager( 1198): init_copy idx=0: MeasureParams{1d9e9a4 plugin.sprd.supportcmcc}
01-01 10:29:11.412 I/PackageManager( 1198): mcs_bound
01-01 10:29:11.412 I/PackageManager( 1198): startCopy UserHandle{0}: MeasureParams{1d9e9a4 plugin.sprd.supportcmcc}
01-01 10:29:11.438 I/PackageManager( 1198): init_copy idx=0: MeasureParams{7d0a30d com.hw_v_text}
01-01 10:29:11.438 I/PackageManager( 1198): mcs_bound
01-01 10:29:11.438 I/PackageManager( 1198): startCopy UserHandle{0}: MeasureParams{7d0a30d com.hw_v_text}
01-01 10:29:11.470 I/PackageManager( 1198): init_copy idx=0: MeasureParams{e9192c2 com.android.stk}
01-01 10:29:11.470 I/PackageManager( 1198): mcs_bound
01-01 10:29:11.470 I/PackageManager( 1198): startCopy UserHandle{0}: MeasureParams{e9192c2 com.android.stk}
01-01 10:29:11.490 I/PackageManager( 1198): init_copy idx=0: MeasureParams{2bec8d3 com.android.launcher3}
01-01 10:29:11.491 I/PackageManager( 1198): mcs_bound
01-01 10:29:11.491 I/PackageManager( 1198): startCopy UserHandle{0}: MeasureParams{2bec8d3 com.android.launcher3}
01-01 10:29:11.505 I/PackageManager( 1198): init_copy idx=0: MeasureParams{29dfc10 com.android.backupconfirm}
01-01 10:29:11.506 I/PackageManager( 1198): mcs_bound
01-01 10:29:11.506 I/PackageManager( 1198): startCopy UserHandle{0}: MeasureParams{29dfc10 com.android.backupconfirm}
01-01 10:29:11.523 I/PackageManager( 1198): init_copy idx=0: MeasureParams{4716309 addon.sprd.downloadprovider}
01-01 10:29:11.523 I/PackageManager( 1198): mcs_bound
01-01 10:29:11.523 I/PackageManager( 1198): startCopy UserHandle{0}: MeasureParams{4716309 addon.sprd.downloadprovider}
01-01 10:29:11.538 I/PackageManager( 1198): init_copy idx=0: MeasureParams{26a190e com.android.provision}
01-01 10:29:11.538 I/PackageManager( 1198): mcs_bound
01-01 10:29:11.538 I/PackageManager( 1198): startCopy UserHandle{0}: MeasureParams{26a190e com.android.provision}
01-01 10:29:11.556 I/PackageManager( 1198): init_copy idx=0: MeasureParams{9a31f2f com.android.statementservice}
01-01 10:29:11.556 I/PackageManager( 1198): mcs_bound
01-01 10:29:11.557 I/PackageManager( 1198): startCopy UserHandle{0}: MeasureParams{9a31f2f com.android.statementservice}
01-01 10:29:11.577 I/PackageManager( 1198): init_copy idx=0: MeasureParams{b4ec93c com.spreadst.validator}
01-01 10:29:11.577 I/PackageManager( 1198): mcs_bound
01-01 10:29:11.577 I/PackageManager( 1198): startCopy UserHandle{0}: MeasureParams{b4ec93c com.spreadst.validator}
01-01 10:29:11.599 I/PackageManager( 1198): init_copy idx=0: MeasureParams{24426c5 com.spreadst.validdate}
01-01 10:29:11.599 I/PackageManager( 1198): mcs_bound
01-01 10:29:11.600 I/PackageManager( 1198): startCopy UserHandle{0}: MeasureParams{24426c5 com.spreadst.validdate}
01-01 10:29:11.621 I/PackageManager( 1198): init_copy idx=0: MeasureParams{c32b81a plugin.sprdst.telephony}
01-01 10:29:11.621 I/PackageManager( 1198): mcs_bound
01-01 10:29:11.622 I/PackageManager( 1198): startCopy UserHandle{0}: MeasureParams{c32b81a plugin.sprdst.telephony}
01-01 10:29:11.641 I/PackageManager( 1198): init_copy idx=0: MeasureParams{3cc7f4b com.android.messaging.smilplayer}
01-01 10:29:11.642 I/PackageManager( 1198): mcs_bound
01-01 10:29:11.642 I/PackageManager( 1198): startCopy UserHandle{0}: MeasureParams{3cc7f4b com.android.messaging.smilplayer}
01-01 10:29:11.664 I/PackageManager( 1198): init_copy idx=0: MeasureParams{bdd3d28 plugin.sprd.jiemail}
01-01 10:29:11.664 I/PackageManager( 1198): mcs_bound
01-01 10:29:11.664 I/PackageManager( 1198): startCopy UserHandle{0}: MeasureParams{bdd3d28 plugin.sprd.jiemail}
01-01 10:29:11.686 I/PackageManager( 1198): init_copy idx=0: MeasureParams{ac56a41 com.android.wallpaper.holospiral}
01-01 10:29:11.686 I/PackageManager( 1198): mcs_bound
01-01 10:29:11.686 I/PackageManager( 1198): startCopy UserHandle{0}: MeasureParams{ac56a41 com.android.wallpaper.holospiral}
01-01 10:29:11.693 D/LIGHTS  ( 1198): file:vendor/sprd/open-source/libs/liblights/lights.c, func:set_light_buttons, on=0
01-01 10:29:11.694 E/LIGHTS  ( 1198): file:vendor/sprd/open-source/libs/liblights/lights.c, func:write_int, path=/sys/class/leds/keyboard-backlight/brightness, value=0
01-01 10:29:11.711 I/PackageManager( 1198): init_copy idx=0: MeasureParams{bb43be6 com.android.calendar}
01-01 10:29:11.711 I/PackageManager( 1198): mcs_bound
01-01 10:29:11.711 I/PackageManager( 1198): startCopy UserHandle{0}: MeasureParams{bb43be6 com.android.calendar}
01-01 10:29:11.736 I/PackageManager( 1198): init_copy idx=0: MeasureParams{fe1c527 com.android.phasebeam}
01-01 10:29:11.736 I/PackageManager( 1198): mcs_bound
01-01 10:29:11.736 I/PackageManager( 1198): startCopy UserHandle{0}: MeasureParams{fe1c527 com.android.phasebeam}
01-01 10:29:11.757 I/PackageManager( 1198): init_copy idx=0: MeasureParams{5d03d4 plugin.sprd.teleservicesupportoperator}
01-01 10:29:11.757 I/PackageManager( 1198): mcs_bound
01-01 10:29:11.757 I/PackageManager( 1198): startCopy UserHandle{0}: MeasureParams{5d03d4 plugin.sprd.teleservicesupportoperator}
01-01 10:29:11.780 I/PackageManager( 1198): init_copy idx=0: MeasureParams{8bd697d com.android.modemassert}
01-01 10:29:11.780 I/PackageManager( 1198): mcs_bound
01-01 10:29:11.780 I/PackageManager( 1198): startCopy UserHandle{0}: MeasureParams{8bd697d com.android.modemassert}
01-01 10:29:11.804 I/PackageManager( 1198): init_copy idx=0: MeasureParams{2783072 com.sprd.appbackup}
01-01 10:29:11.805 I/PackageManager( 1198): mcs_bound
01-01 10:29:11.805 I/PackageManager( 1198): startCopy UserHandle{0}: MeasureParams{2783072 com.sprd.appbackup}
01-01 10:29:11.830 I/PackageManager( 1198): init_copy idx=0: MeasureParams{61b8cc3 com.android.providers.settings}
01-01 10:29:11.830 I/PackageManager( 1198): mcs_bound
01-01 10:29:11.831 I/PackageManager( 1198): startCopy UserHandle{0}: MeasureParams{61b8cc3 com.android.providers.settings}
01-01 10:29:11.851 I/PackageManager( 1198): init_copy idx=0: MeasureParams{708940 com.android.sharedstoragebackup}
01-01 10:29:11.852 I/PackageManager( 1198): mcs_bound
01-01 10:29:11.852 I/PackageManager( 1198): startCopy UserHandle{0}: MeasureParams{708940 com.android.sharedstoragebackup}
01-01 10:29:11.872 I/PackageManager( 1198): init_copy idx=0: MeasureParams{13c2079 plugin.sprd.emailxposed}
01-01 10:29:11.872 I/PackageManager( 1198): mcs_bound
01-01 10:29:11.873 I/PackageManager( 1198): startCopy UserHandle{0}: MeasureParams{13c2079 plugin.sprd.emailxposed}
01-01 10:29:11.895 I/PackageManager( 1198): init_copy idx=0: MeasureParams{f14e1be com.cmcc.homepage}
01-01 10:29:11.895 I/PackageManager( 1198): mcs_bound
01-01 10:29:11.896 I/PackageManager( 1198): startCopy UserHandle{0}: MeasureParams{f14e1be com.cmcc.homepage}
01-01 10:29:11.920 I/PackageManager( 1198): init_copy idx=0: MeasureParams{fa0321f com.android.printspooler}
01-01 10:29:11.920 I/PackageManager( 1198): mcs_bound
01-01 10:29:11.920 I/PackageManager( 1198): startCopy UserHandle{0}: MeasureParams{fa0321f com.android.printspooler}
01-01 10:29:11.950 I/PackageManager( 1198): init_copy idx=0: MeasureParams{974f96c com.android.dreams.basic}
01-01 10:29:11.950 I/PackageManager( 1198): mcs_bound
01-01 10:29:11.950 I/PackageManager( 1198): startCopy UserHandle{0}: MeasureParams{974f96c com.android.dreams.basic}
01-01 10:29:11.971 I/PackageManager( 1198): init_copy idx=0: MeasureParams{554b35 plugin.sprd.telephony}
01-01 10:29:11.971 I/PackageManager( 1198): mcs_bound
01-01 10:29:11.971 I/PackageManager( 1198): startCopy UserHandle{0}: MeasureParams{554b35 plugin.sprd.telephony}
01-01 10:29:11.991 I/PackageManager( 1198): init_copy idx=0: MeasureParams{1395bca com.android.webview}
01-01 10:29:11.991 I/PackageManager( 1198): mcs_bound
01-01 10:29:11.991 I/PackageManager( 1198): startCopy UserHandle{0}: MeasureParams{1395bca com.android.webview}
01-01 10:29:12.011 I/PackageManager( 1198): init_copy idx=0: MeasureParams{79fd13b plugin.sprd.policysupportoperator}
01-01 10:29:12.011 I/PackageManager( 1198): mcs_bound
01-01 10:29:12.012 I/PackageManager( 1198): startCopy UserHandle{0}: MeasureParams{79fd13b plugin.sprd.policysupportoperator}
01-01 10:29:12.035 I/PackageManager( 1198): init_copy idx=0: MeasureParams{f6e4058 com.android.inputdevices}
01-01 10:29:12.035 I/PackageManager( 1198): mcs_bound
01-01 10:29:12.035 I/PackageManager( 1198): startCopy UserHandle{0}: MeasureParams{f6e4058 com.android.inputdevices}
01-01 10:29:12.061 I/PackageManager( 1198): init_copy idx=0: MeasureParams{59c65b1 cmccwm.mobilemusic}
01-01 10:29:12.061 I/PackageManager( 1198): mcs_bound
01-01 10:29:12.062 I/PackageManager( 1198): startCopy UserHandle{0}: MeasureParams{59c65b1 cmccwm.mobilemusic}
01-01 10:29:12.084 I/PackageManager( 1198): init_copy idx=0: MeasureParams{2796a96 com.android.providers.calllogbackup}
01-01 10:29:12.085 I/PackageManager( 1198): mcs_bound
01-01 10:29:12.085 I/PackageManager( 1198): startCopy UserHandle{0}: MeasureParams{2796a96 com.android.providers.calllogbackup}
01-01 10:29:12.105 I/PackageManager( 1198): init_copy idx=0: MeasureParams{2304617 addon.sprd.documentsui.plugindrm}
01-01 10:29:12.106 I/PackageManager( 1198): mcs_bound
01-01 10:29:12.106 I/PackageManager( 1198): startCopy UserHandle{0}: MeasureParams{2304617 addon.sprd.documentsui.plugindrm}
01-01 10:29:12.129 I/PackageManager( 1198): init_copy idx=0: MeasureParams{b30a04 com.android.musicfx}
01-01 10:29:12.129 I/PackageManager( 1198): mcs_bound
01-01 10:29:12.129 I/PackageManager( 1198): startCopy UserHandle{0}: MeasureParams{b30a04 com.android.musicfx}
01-01 10:29:12.158 I/PackageManager( 1198): init_copy idx=0: MeasureParams{c60abed com.android.mmsfolderview}
01-01 10:29:12.158 I/PackageManager( 1198): mcs_bound
01-01 10:29:12.158 I/PackageManager( 1198): startCopy UserHandle{0}: MeasureParams{c60abed com.android.mmsfolderview}
01-01 10:29:12.182 I/PackageManager( 1198): init_copy idx=0: MeasureParams{fd99a22 com.android.cellbroadcastreceiver}
01-01 10:29:12.182 I/PackageManager( 1198): mcs_bound
01-01 10:29:12.182 I/PackageManager( 1198): startCopy UserHandle{0}: MeasureParams{fd99a22 com.android.cellbroadcastreceiver}
01-01 10:29:12.203 I/PackageManager( 1198): init_copy idx=0: MeasureParams{4e92cb3 com.android.onetimeinitializer}
01-01 10:29:12.203 I/PackageManager( 1198): mcs_bound
01-01 10:29:12.203 I/PackageManager( 1198): startCopy UserHandle{0}: MeasureParams{4e92cb3 com.android.onetimeinitializer}
01-01 10:29:12.209 D/HolographicOutlineHelper( 2047): createMediumDropShadow() rect.width() = 120;rect.height = 120
01-01 10:29:12.209 D/HolographicOutlineHelper( 2047): createMediumDropShadow() bitmapWidth = 120;bitmapHeight = 120
01-01 10:29:12.228 I/PackageManager( 1198): init_copy idx=0: MeasureParams{858c270 plugin.sprd.applications}
01-01 10:29:12.228 I/PackageManager( 1198): mcs_bound
01-01 10:29:12.228 I/PackageManager( 1198): startCopy UserHandle{0}: MeasureParams{858c270 plugin.sprd.applications}
01-01 10:29:12.257 D/InputReader( 1198): processEventsLocked: type=3 Count=3 code=57 value=-1 deviceId=4
01-01 10:29:12.263 I/PackageManager( 1198): init_copy idx=0: MeasureParams{ba919e9 com.ss.android.article.news}
01-01 10:29:12.263 I/PackageManager( 1198): mcs_bound
01-01 10:29:12.264 I/PackageManager( 1198): startCopy UserHandle{0}: MeasureParams{ba919e9 com.ss.android.article.news}
01-01 10:29:12.274 I/ActivityManager( 1198): START u0 {act=android.intent.action.MAIN cat=[android.intent.category.LAUNCHER] flg=0x10200000 cmp=com.spreadtrum.reverse/.LauncherActivity (has extras)} from uid 10064 on display 0
01-01 10:29:12.278 D/ActivityManager( 1198): DEBUG_POWER_HINT start activityh
01-01 10:29:12.283 V/AudioPolicyManagerSPRD new(  279): startOutput() output 2, stream 1, session 12
01-01 10:29:12.288 D/PowerManagerService( 1198): acquireWakeLockInternal: lock=11155495, flags=0x1, tag="*launch*", ws=WorkSource{10121}, uid=1000, pid=1198
01-01 10:29:12.289 V/WindowManager( 1198): Pausing WindowToken AppWindowToken{abffad4 token=Token{39de541 ActivityRecord{52ec428 u0 com.android.launcher3/.Launcher t8}}}
01-01 10:29:12.293 D/WindowManager( 1198): Input focus has changed to null
01-01 10:29:12.294 W/audio_hw_primary(  279): [out_set_parameters], kvpairs=routing=2 devices:0x2 mode:0 
01-01 10:29:12.294 V/audio_hw_primary(  279): [out_set_parameters],after str_parms_get_str,val(0x2) 
01-01 10:29:12.294 W/audio_hw_primary(  279): the same devices(0x2) with val(0x2) val is zero...
01-01 10:29:12.294 V/audio_hw_primary(  279): out_set_parameters out...call_start:0
01-01 10:29:12.295 I/APM::AudioPolicyManager(  279): checkAndSetVolume() stream FM return 10
01-01 10:29:12.295 D/AudioPolicyManagerSPRD new(  279): startOutput() isVoipSet 0,stream 1,
01-01 10:29:12.295 D/ActivityManager( 1198): startActivityUncheckedLocked return : 0
01-01 10:29:12.315 V/WindowManager( 1198): Resuming WindowToken AppWindowToken{abffad4 token=Token{39de541 ActivityRecord{52ec428 u0 com.android.launcher3/.Launcher t8}}}
01-01 10:29:12.324 I/PackageManager( 1198): init_copy idx=0: MeasureParams{9f06ba5 com.android.server.telecom}
01-01 10:29:12.325 I/PackageManager( 1198): mcs_bound
01-01 10:29:12.325 I/PackageManager( 1198): startCopy UserHandle{0}: MeasureParams{9f06ba5 com.android.server.telecom}
01-01 10:29:12.329 D/LauncherActivity( 3140): TEST: onCreate() mAdapter = android.bluetooth.BluetoothAdapter@77a71c7
01-01 10:29:12.329 W/Settings( 3140): Setting airplane_mode_on has moved from android.provider.Settings.System to android.provider.Settings.Global, returning read-only value.
01-01 10:29:12.336 W/Activity( 3140): An activity without a UI must call finish() before onResume() completes
01-01 10:29:12.342 D/LauncherActivity( 3140): TEST:BT already enabled!! 
01-01 10:29:12.343 D/LauncherActivity( 3140): TEST: Launching android.bluetooth.devicepicker.action.LAUNCH
01-01 10:29:12.345 I/ActivityManager( 1198): START u0 {act=android.bluetooth.devicepicker.action.LAUNCH flg=0x800000 cmp=com.android.settings/.bluetooth.DevicePickerActivity (has extras)} from uid 10121 on display 0
01-01 10:29:12.346 D/ActivityManager( 1198): DEBUG_POWER_HINT start activityh
01-01 10:29:12.349 D/AccessibilityManager( 3140): getInstance() new sInstance = android.view.accessibility.AccessibilityManager@a4fbd92, context = com.spreadtrum.reverse.LauncherActivity@a26363, userId = 0
01-01 10:29:12.352 D/AudioFlinger(  279): mixer(0xb0380000) throttle end: throttle time(4)
01-01 10:29:12.363 D/PowerManagerService( 1198): acquireWakeLockInternal: lock=11155495, flags=0x1, tag="*launch*", ws=WorkSource{1000}, uid=1000, pid=1198
01-01 10:29:12.364 V/WindowManager( 1198): Pausing WindowToken AppWindowToken{b5f959c token=Token{d3fe10f ActivityRecord{1b366e u0 com.spreadtrum.reverse/.LauncherActivity t9}}}
01-01 10:29:12.369 D/ActivityManager( 1198): startActivityUncheckedLocked return : 0
01-01 10:29:12.373 V/WindowManager( 1198): Resuming WindowToken AppWindowToken{b5f959c token=Token{d3fe10f ActivityRecord{1b366e u0 com.spreadtrum.reverse/.LauncherActivity t9}}}
01-01 10:29:12.392 D/gralloc.sc8830(  214): fb_post fps = 13.983784
01-01 10:29:12.498 I/PackageManager( 1198): init_copy idx=0: MeasureParams{258e307 plugin.sprd.supportapnsettings}
01-01 10:29:12.499 I/PackageManager( 1198): mcs_bound
01-01 10:29:12.499 I/PackageManager( 1198): startCopy UserHandle{0}: MeasureParams{258e307 plugin.sprd.supportapnsettings}
01-01 10:29:12.512 V/AudioPolicyManagerSPRD new(  279): stopOutput() output 2, stream 1, session 12
01-01 10:29:12.512 D/AudioPolicyManagerSPRD new(  279): stopOutput() isVoipSet 0,stream 1,output size 1
01-01 10:29:12.513 I/APM::AudioPolicyManager(  279): checkAndSetVolume() stream FM return 10
01-01 10:29:12.543 I/PackageManager( 1198): init_copy idx=0: MeasureParams{b16a8a3 com.android.keychain}
01-01 10:29:12.543 I/PackageManager( 1198): mcs_bound
01-01 10:29:12.543 I/PackageManager( 1198): startCopy UserHandle{0}: MeasureParams{b16a8a3 com.android.keychain}
01-01 10:29:12.568 D/LocalBluetoothManager( 1618): setting foreground activity to non-null context
01-01 10:29:12.580 I/PackageManager( 1198): init_copy idx=0: MeasureParams{119a7a0 plugins.sprd.unreadinfo}
01-01 10:29:12.581 I/PackageManager( 1198): mcs_bound
01-01 10:29:12.581 I/PackageManager( 1198): startCopy UserHandle{0}: MeasureParams{119a7a0 plugins.sprd.unreadinfo}
01-01 10:29:12.608 I/chatty  ( 2265): uid=1002(bluetooth) Binder_2 expire 3 lines
01-01 10:29:12.608 I/chatty  ( 2265): uid=1002(bluetooth) bluedroid wake/ expire 161 lines
01-01 10:29:12.612 D/AlarmManagerService( 1198): set alarm to kernel: 2640735.636000000, type=2 
01-01 10:29:12.613 V/WindowManager( 1198): addWindow: New client android.os.BinderProxy@ebf4f59: window=Window{978171e u0 com.android.settings/com.android.settings.bluetooth.DevicePickerActivity} Callers=com.android.server.wm.Session.addToDisplay:168 android.view.IWindowSession$Stub.onTransact:124 com.android.server.wm.Session.onTransact:130 android.os.Binder.execTransact:478 <bottom of call stack> 
01-01 10:29:12.614 D/AlarmManager( 1198): setImpl() action = com.android.bluetooth.btservice.action.ALARM_WAKEUP, component = null, type = 2, operation = PendingIntent{e612bff: PendingIntentRecord{6b4456a com.android.bluetooth broadcastIntent}} tElapsed=97916, maxElapsed=97916, interval=0, when = 1325384962612, triggerTime = 2012-01-01 10:29:22, flags=0x9
01-01 10:29:12.615 D/PowerGuruService( 1198): NEW_ALARM
01-01 10:29:12.615 D/AlarmManagerService( 1198): set alarm to kernel: 97.916000000, type=2 
01-01 10:29:12.615 D/PowerGuruService( 1198): receive input alarm:
01-01 10:29:12.616 D/PowerGuruService( 1198): alarm info: packageName = com.android.bluetooth, Action = com.android.bluetooth.btservice.action.ALARM_WAKEUP, Component = null, type = 2, when = 97916 (2012-01-01 10:29:22), interval = 0, setCount = 1, userSetCount = 0, firstSetTime = 1325384952615 (2012-01-01 10:29:12), isRepeat = false, isFromGMS = false, isAvailable = true, lastSetTime = 2012-01-01 10:29:12, setMinsAlignCount = 0
01-01 10:29:12.616 D/PowerGuruService( 1198): Alarm is not from ThirdParty, is not care about!
01-01 10:29:12.620 D/AlarmManagerService( 1198): set alarm to kernel: 2640735.636000000, type=2 
01-01 10:29:12.626 D/AlarmManager( 1198): setImpl() action = com.android.bluetooth.btservice.action.ALARM_WAKEUP, component = null, type = 2, operation = PendingIntent{1019dcc: PendingIntentRecord{6b4456a com.android.bluetooth broadcastIntent}} tElapsed=95925, maxElapsed=95925, interval=0, when = 1325384960621, triggerTime = 2012-01-01 10:29:20, flags=0x9
01-01 10:29:12.626 D/AlarmManagerService( 1198): set alarm to kernel: 95.925000000, type=2 
01-01 10:29:12.627 D/PowerGuruService( 1198): NEW_ALARM
01-01 10:29:12.627 D/PowerGuruService( 1198): receive input alarm:
01-01 10:29:12.628 D/PowerGuruService( 1198): alarm info: packageName = com.android.bluetooth, Action = com.android.bluetooth.btservice.action.ALARM_WAKEUP, Component = null, type = 2, when = 95925 (2012-01-01 10:29:20), interval = 0, setCount = 1, userSetCount = 0, firstSetTime = 1325384952626 (2012-01-01 10:29:12), isRepeat = false, isFromGMS = false, isAvailable = true, lastSetTime = 2012-01-01 10:29:12, setMinsAlignCount = 0
01-01 10:29:12.628 D/PowerGuruService( 1198): Alarm is not from ThirdParty, is not care about!
01-01 10:29:12.630 D/PowerManagerService( 1198): acquireWakeLockInternal: lock=59541525, flags=0x1, tag="bluedroid_timer", ws=null, uid=1002, pid=2265
01-01 10:29:12.635 I/PackageManager( 1198): init_copy idx=0: MeasureParams{98a872a plugin.sprd.mmidialogdismiss}
01-01 10:29:12.635 I/PackageManager( 1198): mcs_bound
01-01 10:29:12.635 I/PackageManager( 1198): startCopy UserHandle{0}: MeasureParams{98a872a plugin.sprd.mmidialogdismiss}
01-01 10:29:12.635 D/AlarmManagerService( 1198): set alarm to kernel: 2640735.637000000, type=2 
01-01 10:29:12.639 D/AlarmManager( 1198): setImpl() action = com.android.bluetooth.btservice.action.ALARM_WAKEUP, component = null, type = 2, operation = PendingIntent{9a6891b: PendingIntentRecord{6b4456a com.android.bluetooth broadcastIntent}} tElapsed=97917, maxElapsed=97917, interval=0, when = 1325384962613, triggerTime = 2012-01-01 10:29:22, flags=0x9
01-01 10:29:12.639 D/PowerGuruService( 1198): NEW_ALARM
01-01 10:29:12.639 D/AlarmManagerService( 1198): set alarm to kernel: 97.917000000, type=2 
01-01 10:29:12.639 D/PowerGuruService( 1198): receive input alarm:
01-01 10:29:12.640 D/PowerGuruService( 1198): alarm info: packageName = com.android.bluetooth, Action = com.android.bluetooth.btservice.action.ALARM_WAKEUP, Component = null, type = 2, when = 97917 (2012-01-01 10:29:22), interval = 0, setCount = 1, userSetCount = 0, firstSetTime = 1325384952639 (2012-01-01 10:29:12), isRepeat = false, isFromGMS = false, isAvailable = true, lastSetTime = 2012-01-01 10:29:12, setMinsAlignCount = 0
01-01 10:29:12.641 D/PowerGuruService( 1198): Alarm is not from ThirdParty, is not care about!
01-01 10:29:12.644 D/PowerManagerService( 1198): releaseWakeLockInternal: lock=59541525 [bluedroid_timer], flags=0x0
01-01 10:29:12.648 D/AlarmManagerService( 1198): set alarm to kernel: 2640735.637000000, type=2 
01-01 10:29:12.651 D/AlarmManager( 1198): setImpl() action = com.android.bluetooth.btservice.action.ALARM_WAKEUP, component = null, type = 2, operation = PendingIntent{f90cab8: PendingIntentRecord{6b4456a com.android.bluetooth broadcastIntent}} tElapsed=95952, maxElapsed=95952, interval=0, when = 1325384960648, triggerTime = 2012-01-01 10:29:20, flags=0x9
01-01 10:29:12.651 D/PowerGuruService( 1198): NEW_ALARM
01-01 10:29:12.651 D/AlarmManagerService( 1198): set alarm to kernel: 95.952000000, type=2 
01-01 10:29:12.651 D/PowerGuruService( 1198): receive input alarm:
01-01 10:29:12.652 D/PowerGuruService( 1198): alarm info: packageName = com.android.bluetooth, Action = com.android.bluetooth.btservice.action.ALARM_WAKEUP, Component = null, type = 2, when = 95952 (2012-01-01 10:29:20), interval = 0, setCount = 1, userSetCount = 0, firstSetTime = 1325384952651 (2012-01-01 10:29:12), isRepeat = false, isFromGMS = false, isAvailable = true, lastSetTime = 2012-01-01 10:29:12, setMinsAlignCount = 0
01-01 10:29:12.652 D/PowerGuruService( 1198): Alarm is not from ThirdParty, is not care about!
01-01 10:29:12.656 D/AlarmManagerService( 1198): set alarm to kernel: 2640735.636000000, type=2 
01-01 10:29:12.658 D/AlarmManager( 1198): setImpl() action = com.android.bluetooth.btservice.action.ALARM_WAKEUP, component = null, type = 2, operation = PendingIntent{ba9091: PendingIntentRecord{6b4456a com.android.bluetooth broadcastIntent}} tElapsed=97916, maxElapsed=97916, interval=0, when = 1325384962613, triggerTime = 2012-01-01 10:29:22, flags=0x9
01-01 10:29:12.658 D/PowerGuruService( 1198): NEW_ALARM
01-01 10:29:12.659 D/PowerGuruService( 1198): receive input alarm:
01-01 10:29:12.659 D/PowerGuruService( 1198): alarm info: packageName = com.android.bluetooth, Action = com.android.bluetooth.btservice.action.ALARM_WAKEUP, Component = null, type = 2, when = 97916 (2012-01-01 10:29:22), interval = 0, setCount = 1, userSetCount = 0, firstSetTime = 1325384952658 (2012-01-01 10:29:12), isRepeat = false, isFromGMS = false, isAvailable = true, lastSetTime = 2012-01-01 10:29:12, setMinsAlignCount = 0
01-01 10:29:12.660 D/PowerGuruService( 1198): Alarm is not from ThirdParty, is not care about!
01-01 10:29:12.660 D/AlarmManagerService( 1198): set alarm to kernel: 97.916000000, type=2 
01-01 10:29:12.661 I/chatty  ( 2265): uid=1002(bluetooth) bluedroid wake/ expire 16 lines
01-01 10:29:12.663 D/AlarmManagerService( 1198): set alarm to kernel: 2640735.637000000, type=2 
01-01 10:29:12.665 D/AlarmManager( 1198): setImpl() action = com.android.bluetooth.btservice.action.ALARM_WAKEUP, component = null, type = 2, operation = PendingIntent{8a1ebf6: PendingIntentRecord{6b4456a com.android.bluetooth broadcastIntent}} tElapsed=95967, maxElapsed=95967, interval=0, when = 1325384960664, triggerTime = 2012-01-01 10:29:20, flags=0x9
01-01 10:29:12.665 D/PowerGuruService( 1198): NEW_ALARM
01-01 10:29:12.665 D/PowerGuruService( 1198): receive input alarm:
01-01 10:29:12.665 D/AlarmManagerService( 1198): set alarm to kernel: 95.967000000, type=2 
01-01 10:29:12.667 D/PowerGuruService( 1198): alarm info: packageName = com.android.bluetooth, Action = com.android.bluetooth.btservice.action.ALARM_WAKEUP, Component = null, type = 2, when = 95967 (2012-01-01 10:29:20), interval = 0, setCount = 1, userSetCount = 0, firstSetTime = 1325384952665 (2012-01-01 10:29:12), isRepeat = false, isFromGMS = false, isAvailable = true, lastSetTime = 2012-01-01 10:29:12, setMinsAlignCount = 0
01-01 10:29:12.667 D/PowerGuruService( 1198): Alarm is not from ThirdParty, is not care about!
01-01 10:29:12.667 I/chatty  ( 2265): uid=1002(bluetooth) BT Service Call expire 27 lines
01-01 10:29:12.668 D/BroadcastQueue( 1198): Add broadcastBroadcastRecord{91a9bf7 u0 android.bluetooth.adapter.action.DISCOVERY_STARTED} into (background/order), now header = BroadcastRecord{91a9bf7 u0 android.bluetooth.adapter.action.DISCOVERY_STARTED}, size = 1
01-01 10:29:12.671 D/AlarmManagerService( 1198): set alarm to kernel: 2640735.637000000, type=2 
01-01 10:29:12.673 D/AlarmManager( 1198): setImpl() action = com.android.bluetooth.btservice.action.ALARM_WAKEUP, component = null, type = 2, operation = PendingIntent{3e3da64: PendingIntentRecord{6b4456a com.android.bluetooth broadcastIntent}} tElapsed=97918, maxElapsed=97918, interval=0, when = 1325384962614, triggerTime = 2012-01-01 10:29:22, flags=0x9
01-01 10:29:12.674 D/PowerGuruService( 1198): NEW_ALARM
01-01 10:29:12.674 D/PowerGuruService( 1198): receive input alarm:
01-01 10:29:12.674 D/AlarmManagerService( 1198): set alarm to kernel: 97.918000000, type=2 
01-01 10:29:12.674 D/PowerGuruService( 1198): alarm info: packageName = com.android.bluetooth, Action = com.android.bluetooth.btservice.action.ALARM_WAKEUP, Component = null, type = 2, when = 97918 (2012-01-01 10:29:22), interval = 0, setCount = 1, userSetCount = 0, firstSetTime = 1325384952673 (2012-01-01 10:29:12), isRepeat = false, isFromGMS = false, isAvailable = true, lastSetTime = 2012-01-01 10:29:12, setMinsAlignCount = 0
01-01 10:29:12.675 D/PowerGuruService( 1198): Alarm is not from ThirdParty, is not care about!
01-01 10:29:12.678 D/AlarmManagerService( 1198): set alarm to kernel: 2640735.637000000, type=2 
01-01 10:29:12.680 D/WindowManager( 1198): Input focus has changed to Window{978171e u0 com.android.settings/com.android.settings.bluetooth.DevicePickerActivity}
01-01 10:29:12.682 D/AlarmManager( 1198): setImpl() action = com.android.bluetooth.btservice.action.ALARM_WAKEUP, component = null, type = 2, operation = PendingIntent{1e6a4cd: PendingIntentRecord{6b4456a com.android.bluetooth broadcastIntent}} tElapsed=95983, maxElapsed=95983, interval=0, when = 1325384960679, triggerTime = 2012-01-01 10:29:20, flags=0x9
01-01 10:29:12.682 D/PowerGuruService( 1198): NEW_ALARM
01-01 10:29:12.682 D/PowerGuruService( 1198): receive input alarm:
01-01 10:29:12.682 D/AlarmManagerService( 1198): set alarm to kernel: 95.983000000, type=2 
01-01 10:29:12.683 D/PowerGuruService( 1198): alarm info: packageName = com.android.bluetooth, Action = com.android.bluetooth.btservice.action.ALARM_WAKEUP, Component = null, type = 2, when = 95983 (2012-01-01 10:29:20), interval = 0, setCount = 1, userSetCount = 0, firstSetTime = 1325384952682 (2012-01-01 10:29:12), isRepeat = false, isFromGMS = false, isAvailable = true, lastSetTime = 2012-01-01 10:29:12, setMinsAlignCount = 0
01-01 10:29:12.683 D/PowerGuruService( 1198): Alarm is not from ThirdParty, is not care about!
01-01 10:29:12.688 D/PowerManagerService( 1198): acquireWakeLockInternal: lock=150524290, flags=0x1, tag="bluedroid_timer", ws=null, uid=1002, pid=2265
01-01 10:29:12.693 I/PackageManager( 1198): init_copy idx=0: MeasureParams{e530093 com.sprd.uasetting}
01-01 10:29:12.693 I/PackageManager( 1198): mcs_bound
01-01 10:29:12.693 I/PackageManager( 1198): startCopy UserHandle{0}: MeasureParams{e530093 com.sprd.uasetting}
01-01 10:29:12.727 D/CachedBluetoothDevice( 1479): Device has no name (yet), use address: B4:99:4C:4B:D3:9F
01-01 10:29:12.742 I/PackageManager( 1198): init_copy idx=0: MeasureParams{83638d0 com.android.dialer}
01-01 10:29:12.742 I/PackageManager( 1198): mcs_bound
01-01 10:29:12.743 I/PackageManager( 1198): startCopy UserHandle{0}: MeasureParams{83638d0 com.android.dialer}
01-01 10:29:12.745 D/BluetoothEventManager( 1479): DeviceFoundHandler created new CachedBluetoothDevice: B4:99:4C:4B:D3:9F
01-01 10:29:12.764 V/BluetoothDiscoveryReceiver( 1618): Received: android.bluetooth.adapter.action.DISCOVERY_STARTED
01-01 10:29:12.764 V/BroadcastQueue( 1198): Finished with ordered broadcast BroadcastRecord{91a9bf7 u0 android.bluetooth.adapter.action.DISCOVERY_STARTED}, [background], remain = 0
01-01 10:29:12.771 I/ActivityManager( 1198): Displayed com.android.settings/.bluetooth.DevicePickerActivity: +397ms (total +468ms)
01-01 10:29:12.783 D/BluetoothEventManager( 1618): DeviceFoundHandler name=null
01-01 10:29:12.798 D/CachedBluetoothDevice( 1618): Device has no name (yet), use address: B4:99:4C:4B:D3:9F
01-01 10:29:12.810 D/BluetoothEventManager( 1618): DeviceFoundHandler created new CachedBluetoothDevice: B4:99:4C:4B:D3:9F
01-01 10:29:12.822 I/PackageManager( 1198): init_copy idx=0: MeasureParams{4a312ef com.android.gallery3d}
01-01 10:29:12.822 I/PackageManager( 1198): mcs_bound
01-01 10:29:12.822 I/PackageManager( 1198): startCopy UserHandle{0}: MeasureParams{4a312ef com.android.gallery3d}
01-01 10:29:12.849 I/PackageManager( 1198): init_copy idx=0: MeasureParams{d0e11fc com.spreadtrum.ims}
01-01 10:29:12.850 I/PackageManager( 1198): mcs_bound
01-01 10:29:12.850 I/PackageManager( 1198): startCopy UserHandle{0}: MeasureParams{d0e11fc com.spreadtrum.ims}
01-01 10:29:12.867 D/PowerManagerService( 1198): releaseWakeLockInternal: lock=11155495 [*launch*], flags=0x0
01-01 10:29:12.882 I/PackageManager( 1198): init_copy idx=0: MeasureParams{d60a085 com.baidu.tieba}
01-01 10:29:12.883 I/PackageManager( 1198): mcs_bound
01-01 10:29:12.883 I/PackageManager( 1198): startCopy UserHandle{0}: MeasureParams{d60a085 com.baidu.tieba}
01-01 10:29:12.907 I/PackageManager( 1198): init_copy idx=0: MeasureParams{eeb0eda com.android.packageinstaller}
01-01 10:29:12.907 I/PackageManager( 1198): mcs_bound
01-01 10:29:12.907 I/PackageManager( 1198): startCopy UserHandle{0}: MeasureParams{eeb0eda com.android.packageinstaller}
01-01 10:29:12.930 I/PackageManager( 1198): init_copy idx=0: MeasureParams{f37ef0b com.svox.pico}
01-01 10:29:12.930 I/PackageManager( 1198): mcs_bound
01-01 10:29:12.931 I/PackageManager( 1198): startCopy UserHandle{0}: MeasureParams{f37ef0b com.svox.pico}
01-01 10:29:12.953 I/PackageManager( 1198): init_copy idx=0: MeasureParams{32851e8 addon.sprd.providers.settings.cmcc}
01-01 10:29:12.953 I/PackageManager( 1198): mcs_bound
01-01 10:29:12.953 I/PackageManager( 1198): startCopy UserHandle{0}: MeasureParams{32851e8 addon.sprd.providers.settings.cmcc}
01-01 10:29:12.975 I/PackageManager( 1198): init_copy idx=0: MeasureParams{28fc001 com.android.proxyhandler}
01-01 10:29:12.975 I/PackageManager( 1198): mcs_bound
01-01 10:29:12.975 I/PackageManager( 1198): startCopy UserHandle{0}: MeasureParams{28fc001 com.android.proxyhandler}
01-01 10:29:13.006 I/PackageManager( 1198): init_copy idx=0: MeasureParams{57b3ea6 com.ss.android.essay.zone}
01-01 10:29:13.006 I/PackageManager( 1198): mcs_bound
01-01 10:29:13.007 I/PackageManager( 1198): startCopy UserHandle{0}: MeasureParams{57b3ea6 com.ss.android.essay.zone}
